08-29 16:37:00.001  1335  1516 I chatty  : uid=1000(system) AlarmManager expire 10 lines
08-29 16:37:00.087   774   844 I storaged: storaged_t::event: storage_info refreshed.
08-29 16:37:06.441  1335  4478 I chatty  : uid=1000(system) MobileQosDetect expire 15 lines
08-29 16:37:12.268  1335  2491 I chatty  : uid=1000(system) Binder:1335_13 expire 13 lines
08-29 16:37:54.944  1335  4487 I chatty  : uid=1000(system) Binder:1335_15 expire 3 lines
08-29 16:37:54.984  1335  1391 I chatty  : uid=1000(system) HwActivityTaskM expire 1 line
08-29 16:37:54.985  1335  1378 I chatty  : uid=1000(system) android.ui expire 1 line
08-29 16:38:00.091   774   844 I storaged: storaged_t::event: storage_info refreshed.
08-29 16:38:02.194  1335  1407 I chatty  : uid=1000(system) PowerManagerSer expire 25 lines
08-29 16:38:02.211  1335  1384 I chatty  : uid=1000(system) monitor thread expire 10 lines
08-29 16:38:12.296  1335  2491 I chatty  : uid=1000(system) Binder:1335_13 expire 7 lines
08-29 16:38:27.303  1335  4491 I chatty  : uid=1000(system) Binder:1335_19 expire 3 lines
08-29 16:38:57.783  1335  1335 I chatty  : uid=1000 system_server expire 3 lines
08-29 16:39:00.000  1335  1516 I chatty  : uid=1000(system) AlarmManager expire 6 lines
08-29 16:39:00.093   774   844 I storaged: storaged_t::event: storage_info refreshed.
08-29 16:39:01.526  1335  1407 I chatty  : uid=1000(system) PowerManagerSer expire 25 lines
08-29 16:39:02.217  1335  1384 I chatty  : uid=1000(system) monitor thread expire 10 lines
08-29 16:40:00.096   774   844 I storaged: storaged_t::event: storage_info refreshed.
08-29 16:40:01.693  1335  1407 I chatty  : uid=1000(system) PowerManagerSer expire 18 lines
08-29 16:40:02.224  1335  1384 I chatty  : uid=1000(system) monitor thread expire 8 lines
08-29 16:40:02.623  1335  4478 I chatty  : uid=1000(system) MobileQosDetect expire 12 lines
08-29 16:40:45.193  1335  1407 I chatty  : uid=1000(system) PowerManagerSer expire 32 lines
08-29 16:40:50.230  1335  1384 I chatty  : uid=1000(system) monitor thread expire 12 lines
08-29 16:40:55.117  1335  1516 I chatty  : uid=1000(system) AlarmManager expire 14 lines
08-29 16:40:55.131  1335  2491 I chatty  : uid=1000(system) Binder:1335_13 expire 11 lines
08-29 16:40:55.140  1335  4491 I chatty  : uid=1000(system) Binder:1335_19 expire 7 lines
08-29 16:41:00.003  1335  1335 I chatty  : uid=1000 system_server expire 11 lines
08-29 16:41:00.098   774   844 I storaged: storaged_t::event: storage_info refreshed.
08-29 16:41:14.701  1335  4478 I chatty  : uid=1000(system) MobileQosDetect expire 22 lines
08-29 16:42:00.101   774   844 I storaged: storaged_t::event: storage_info refreshed.
08-29 16:42:00.194  1335  1407 I chatty  : uid=1000(system) PowerManagerSer expire 24 lines
08-29 16:42:02.237  1335  1384 I chatty  : uid=1000(system) monitor thread expire 10 lines
08-29 16:42:21.694  1335  1410 I chatty  : uid=1000(system) BackLightMonito expire 1 line
08-29 16:43:00.000  1335  1516 I chatty  : uid=1000(system) AlarmManager expire 3 lines
08-29 16:43:00.004  1335  1335 I chatty  : uid=1000 system_server expire 1 line
08-29 16:43:00.103   774   844 I storaged: storaged_t::event: storage_info refreshed.
08-29 16:43:00.526  1335  1407 I chatty  : uid=1000(system) PowerManagerSer expire 7 lines
08-29 16:43:02.243  1335  1384 I chatty  : uid=1000(system) monitor thread expire 3 lines
08-29 16:43:02.821  1335  4478 I chatty  : uid=1000(system) MobileQosDetect expire 4 lines
08-29 16:43:15.262  1335  1525 I chatty  : uid=1000(system) InputDispatcher expire 7 lines
08-29 16:43:15.297  5376  5376 W HwApsManager: HwApsManagerService, registerCallback, start !
08-29 16:43:15.299  1335  2491 I chatty  : uid=1000(system) Binder:1335_13 expire 25 lines
08-29 16:43:15.589  1335  2645 I chatty  : uid=1000(system) android.fg expire 6 lines
08-29 16:43:15.590  1335  1392 I chatty  : uid=1000(system) HwGameAssistant expire 1 line
08-29 16:43:15.597  1335  4487 I chatty  : uid=1000(system) Binder:1335_15 expire 2 lines
08-29 16:43:15.626  1335  1391 I chatty  : uid=1000(system) HwActivityTaskM expire 2 lines
08-29 16:43:15.631  1335  5491 I chatty  : uid=1000(system) Binder:1335_1E expire 2 lines
08-29 16:43:15.635  1335  1359 I chatty  : uid=1000(system) Binder:1335_1 expire 4 lines
08-29 16:43:15.644  3615  3615 D ActivityThread: Won't deliver top position change in state=5
08-29 16:43:15.656  1335  1381 I chatty  : uid=1000(system) android.anim expire 2 lines
08-29 16:43:15.660  1335  1380 I chatty  : uid=1000(system) android.display expire 2 lines
08-29 16:43:15.677  1335  1378 I chatty  : uid=1000(system) android.ui expire 1 line
08-29 16:43:15.677  1335  1949 I chatty  : uid=1000(system) Binder:1335_7 expire 7 lines
08-29 16:43:15.681  2022  2171 I SmartDualCardConfig: getAppType,pkgName=com.huawei.android.launcher,appType=28
08-29 16:43:15.681  2022  2171 E SmartDualCardConfig: isAppInBlackList false,items==null
08-29 16:43:15.681  2022  2171 I SmartDualCardConfig: isAppInWhiteList false,uid=10064
08-29 16:43:15.695  1335  1520 I chatty  : uid=1000(system) sManagerService expire 2 lines
08-29 16:43:15.697  5376  5376 D RtgSched: resetRtgSchedHandle failed enable:0
08-29 16:43:15.699  1335  4491 I chatty  : uid=1000(system) Binder:1335_19 expire 8 lines
08-29 16:43:15.721  1335  1381 I chatty  : uid=1000(system) android.anim expire 28 lines
08-29 16:43:15.729  1335  1949 I chatty  : uid=1000(system) Binder:1335_7 expire 3 lines
08-29 16:43:15.732  1335  4487 I chatty  : uid=1000(system) Binder:1335_15 expire 19 lines
08-29 16:43:15.742  2122  2350 I HwNetworkPolicyManager: getHwUidPolicy uid = 10064 policy = 0
08-29 16:43:15.771  1335  1525 I chatty  : uid=1000(system) InputDispatcher expire 20 lines
08-29 16:43:15.778  1335  2491 I chatty  : uid=1000(system) Binder:1335_13 expire 3 lines
08-29 16:43:15.790  3615  3615 D RtgSched: resetRtgSchedHandle failed enable:1
08-29 16:43:15.791  1695 22248 I HwCommandQueue: updateBarBgColor
08-29 16:43:15.791  1695 22248 D HwCommandQueue: CommandQueue, setBarBackgroundColor
08-29 16:43:15.805  3615  3615 I ActivityManager_activity: Reporting idle of ActivityRecord{2ccbe65 token=android.os.BinderProxy@eced0bd {com.huawei.android.launcher/com.huawei.android.launcher.unihome.UniHomeLauncher}} finished=false
08-29 16:43:15.876  1335  1378 I chatty  : uid=1000(system) android.ui expire 4 lines
08-29 16:43:16.066  1335  5491 I chatty  : uid=1000(system) Binder:1335_1E expire 7 lines
08-29 16:43:16.132  1335  1335 I chatty  : uid=1000 system_server expire 11 lines
08-29 16:43:16.203  1335  1380 I chatty  : uid=1000(system) android.display expire 2 lines
08-29 16:43:16.266  2022  2171 I SmartDualCardConfig: getAppType,pkgName=com.zjlMapDemo,appType=-1
08-29 16:43:16.266  2022  2171 E SmartDualCardConfig: isAppInBlackList false,items==null
08-29 16:43:16.266  2022  2171 I SmartDualCardConfig: isAppInWhiteList false,uid=10143
08-29 16:43:16.410  1335  1377 I chatty  : uid=1000(system) android.fg expire 3 lines
08-29 16:43:16.429  5376  5376 E AndroidRuntime: FATAL EXCEPTION: main
08-29 16:43:16.429  5376  5376 E AndroidRuntime: Process: com.zjlMapDemo, PID: 5376
08-29 16:43:16.429  5376  5376 E AndroidRuntime: java.lang.RuntimeException: Unable to destroy activity {com.zjlMapDemo/crc646aea13ba4f9812b9.MainActivity}: java.lang.NullPointerException: Attempt to invoke virtual method 'android.app.LoaderManagerImpl android.app.FragmentHostCallback.getLoaderManager(java.lang.String, boolean, boolean)' on a null object reference
08-29 16:43:16.429  5376  5376 E AndroidRuntime: 	at android.app.ActivityThread.performDestroyActivity(ActivityThread.java:5653)
08-29 16:43:16.429  5376  5376 E AndroidRuntime: 	at android.app.ActivityThread.handleDestroyActivity(ActivityThread.java:5683)
08-29 16:43:16.429  5376  5376 E AndroidRuntime: 	at android.app.servertransaction.DestroyActivityItem.execute(DestroyActivityItem.java:44)
08-29 16:43:16.429  5376  5376 E AndroidRuntime: 	at android.app.servertransaction.TransactionExecutor.executeLifecycleState(TransactionExecutor.java:190)
08-29 16:43:16.429  5376  5376 E AndroidRuntime: 	at android.app.servertransaction.TransactionExecutor.execute(TransactionExecutor.java:105)
08-29 16:43:16.429  5376  5376 E AndroidRuntime: 	at android.app.ActivityThread$H.handleMessage(ActivityThread.java:2450)
08-29 16:43:16.429  5376  5376 E AndroidRuntime: 	at android.os.Handler.dispatchMessage(Handler.java:110)
08-29 16:43:16.429  5376  5376 E AndroidRuntime: 	at android.os.Looper.loop(Looper.java:219)
08-29 16:43:16.429  5376  5376 E AndroidRuntime: 	at android.app.ActivityThread.main(ActivityThread.java:8293)
08-29 16:43:16.429  5376  5376 E AndroidRuntime: 	at java.lang.reflect.Method.invoke(Native Method)
08-29 16:43:16.429  5376  5376 E AndroidRuntime: 	at com.android.internal.os.RuntimeInit$MethodAndArgsCaller.run(RuntimeInit.java:513)
08-29 16:43:16.429  5376  5376 E AndroidRuntime: 	at com.android.internal.os.ZygoteInit.main(ZygoteInit.java:1055)
08-29 16:43:16.429  5376  5376 E AndroidRuntime: Caused by: java.lang.NullPointerException: Attempt to invoke virtual method 'android.app.LoaderManagerImpl android.app.FragmentHostCallback.getLoaderManager(java.lang.String, boolean, boolean)' on a null object reference
08-29 16:43:16.429  5376  5376 E AndroidRuntime: 	at android.app.Fragment.onDestroy(Fragment.java:1817)
08-29 16:43:16.429  5376  5376 E AndroidRuntime: 	at com.huawei.hms.maps.MapFragment.onDestroy(MapFragment.java:124)
08-29 16:43:16.429  5376  5376 E AndroidRuntime: 	at crc646aea13ba4f9812b9.MainActivity.n_onDestroy(Native Method)
08-29 16:43:16.429  5376  5376 E AndroidRuntime: 	at crc646aea13ba4f9812b9.MainActivity.onDestroy(MainActivity.java:69)
08-29 16:43:16.429  5376  5376 E AndroidRuntime: 	at android.app.Activity.performDestroy(Activity.java:8349)
08-29 16:43:16.429  5376  5376 E AndroidRuntime: 	at android.app.Instrumentation.callActivityOnDestroy(Instrumentation.java:1355)
08-29 16:43:16.429  5376  5376 E AndroidRuntime: 	at android.app.ActivityThread.performDestroyActivity(ActivityThread.java:5638)
08-29 16:43:16.429  5376  5376 E AndroidRuntime: 	... 11 more
08-29 16:43:16.434  1335  6720 I chatty  : uid=1000 system_server expire 1 line
08-29 16:43:16.456  1335  6722 I chatty  : uid=1000 system_server expire 1 line
08-29 16:43:16.600  1335  1913 I chatty  : uid=1000(system) Binder:1335_6 expire 17 lines
08-29 16:43:16.601  1335  1391 I chatty  : uid=1000(system) HwActivityTaskM expire 1 line
08-29 16:43:18.359  1335  1407 I chatty  : uid=1000(system) PowerManagerSer expire 17 lines
08-29 16:43:18.837  1335  4478 I chatty  : uid=1000(system) MobileQosDetect expire 19 lines
08-29 16:43:19.673  1335  3247 I chatty  : uid=1000(system) LazyTaskWriterT expire 1 line
08-29 16:43:20.245  1335  1384 I chatty  : uid=1000(system) monitor thread expire 17 lines
08-29 16:43:55.310  1335  1516 I chatty  : uid=1000(system) AlarmManager expire 10 lines
08-29 16:44:00.105   774   844 I storaged: storaged_t::event: storage_info refreshed.
08-29 16:44:01.027  1335  1407 I chatty  : uid=1000(system) PowerManagerSer expire 25 lines
08-29 16:44:27.464  1335  4487 I chatty  : uid=1000(system) Binder:1335_15 expire 4 lines
08-29 16:45:00.107   774   844 I storaged: storaged_t::event: storage_info refreshed.
08-29 16:45:00.193  1335  1407 I chatty  : uid=1000(system) PowerManagerSer expire 6 lines
08-29 16:45:02.256  1335  1384 I chatty  : uid=1000(system) monitor thread expire 2 lines
08-29 16:45:02.933  1335  4478 I chatty  : uid=1000(system) MobileQosDetect expire 3 lines
08-29 16:45:11.542  1335  1516 I chatty  : uid=1000(system) AlarmManager expire 8 lines
08-29 16:45:11.589  1335  1913 I chatty  : uid=1000(system) Binder:1335_6 expire 3 lines
08-29 16:45:11.693  1335  1394 I chatty  : uid=1000(system) android.bg expire 5 lines
08-29 16:45:14.257  1335  1384 I chatty  : uid=1000(system) monitor thread expire 12 lines
08-29 16:45:14.526  1335  1407 I chatty  : uid=1000(system) PowerManagerSer expire 20 lines
08-29 16:45:14.954  1335  4478 I chatty  : uid=1000(system) MobileQosDetect expire 10 lines
08-29 16:45:37.655  1335  1404 I chatty  : uid=1000(system) batterystats-wo expire 2 lines
08-29 16:45:37.662  1335  1913 I chatty  : uid=1000(system) Binder:1335_6 expire 5 lines
08-29 16:45:57.504  1335  4487 I chatty  : uid=1000(system) Binder:1335_15 expire 6 lines
08-29 16:46:00.001  1335  1516 I chatty  : uid=1000(system) AlarmManager expire 14 lines
08-29 16:46:00.005  1335  1335 I chatty  : uid=1000 system_server expire 12 lines
08-29 16:46:00.109   774   844 I storaged: storaged_t::event: storage_info refreshed.
08-29 16:46:03.006  1335  4478 I chatty  : uid=1000(system) MobileQosDetect expire 12 lines
08-29 16:46:03.194  1335  1407 I chatty  : uid=1000(system) PowerManagerSer expire 24 lines
08-29 16:46:22.465  7238  7238 I /system/bin/hwioch: start iocache_monitor: Success
08-29 16:46:22.467  7238  7238 E /system/bin/hwioch: [IOCACHE] IocacheAvailable iocache disable, base:mmcblk0p56
08-29 16:46:26.264  1335  1384 I chatty  : uid=1000(system) monitor thread expire 16 lines
08-29 16:46:37.719  1335  4491 I chatty  : uid=1000(system) Binder:1335_19 expire 11 lines
08-29 16:47:00.112   774   844 I storaged: storaged_t::event: storage_info refreshed.
08-29 16:47:02.526  1335  1407 I chatty  : uid=1000(system) PowerManagerSer expire 25 lines
08-29 16:47:03.059  1335  4478 I chatty  : uid=1000(system) MobileQosDetect expire 13 lines
08-29 16:47:42.549  1335  4491 I chatty  : uid=1000(system) Binder:1335_19 expire 5 lines
08-29 16:48:00.000  1335  1516 I chatty  : uid=1000(system) AlarmManager expire 6 lines
08-29 16:48:00.003  1335  1335 I chatty  : uid=1000 system_server expire 2 lines
08-29 16:48:00.114   774   844 I storaged: storaged_t::event: storage_info refreshed.
08-29 16:48:01.693  1335  1407 I chatty  : uid=1000(system) PowerManagerSer expire 24 lines
08-29 16:48:02.275  1335  1384 I chatty  : uid=1000(system) monitor thread expire 10 lines
08-29 16:48:03.124  1335  4478 I chatty  : uid=1000(system) MobileQosDetect expire 13 lines
08-29 16:49:00.117   774   844 I storaged: storaged_t::event: storage_info refreshed.
08-29 16:49:02.026  1335  1407 I chatty  : uid=1000(system) PowerManagerSer expire 5 lines
08-29 16:49:02.281  1335  1384 I chatty  : uid=1000(system) monitor thread expire 2 lines
08-29 16:49:03.177  1335  4478 I chatty  : uid=1000(system) MobileQosDetect expire 13 lines
08-29 16:49:12.780  1335  4491 I chatty  : uid=1000(system) Binder:1335_19 expire 12 lines
08-29 16:49:12.988  1335  1913 I chatty  : uid=1000(system) Binder:1335_6 expire 11 lines
08-29 16:49:13.691  1335  1407 I chatty  : uid=1000(system) PowerManagerSer expire 20 lines
08-29 16:49:14.283  1335  1384 I chatty  : uid=1000(system) monitor thread expire 18 lines
08-29 16:49:42.594  1335  4487 I chatty  : uid=1000(system) Binder:1335_15 expire 11 lines
08-29 16:49:55.733  1335  1516 I chatty  : uid=1000(system) AlarmManager expire 12 lines
08-29 16:50:00.003  1335  1335 I chatty  : uid=1000 system_server expire 12 lines
08-29 16:50:00.119   774   844 I storaged: storaged_t::event: storage_info refreshed.
08-29 16:50:02.194  1335  1407 I chatty  : uid=1000(system) PowerManagerSer expire 24 lines
08-29 16:50:03.248  1335  4478 I chatty  : uid=1000(system) MobileQosDetect expire 12 lines
08-29 16:50:12.604  1335  4487 I chatty  : uid=1000(system) Binder:1335_15 expire 4 lines
08-29 16:50:15.265  1335  1564 I chatty  : uid=1000(system) ClientModeImpl expire 3 lines
08-29 16:51:00.122   774   844 I storaged: storaged_t::event: storage_info refreshed.
08-29 16:51:00.526  1335  1407 I chatty  : uid=1000(system) PowerManagerSer expire 24 lines
08-29 16:51:02.295  1335  1384 I chatty  : uid=1000(system) monitor thread expire 10 lines
08-29 16:51:03.306  1335  4478 I chatty  : uid=1000(system) MobileQosDetect expire 11 lines
08-29 16:51:15.367  1335  1516 I chatty  : uid=1000(system) AlarmManager expire 11 lines
08-29 16:51:15.394  1335  1567 I chatty  : uid=1000(system) WifiScanningSer expire 1 line
08-29 16:51:17.741  1335  1634 I chatty  : uid=1000(system) wifipro_feature expire 1 line
08-29 16:51:38.694  1335  1410 I chatty  : uid=1000(system) BackLightMonito expire 1 line
08-29 16:51:42.638  1335  4491 I chatty  : uid=1000(system) Binder:1335_19 expire 2 lines
08-29 16:52:00.124   774   844 I storaged: storaged_t::event: storage_info refreshed.
08-29 16:52:00.526  1335  1407 I chatty  : uid=1000(system) PowerManagerSer expire 23 lines
08-29 16:52:02.302  1335  1384 I chatty  : uid=1000(system) monitor thread expire 9 lines
08-29 16:52:03.362  1335  4478 I chatty  : uid=1000(system) MobileQosDetect expire 13 lines
08-29 16:52:56.131  1335  1516 I chatty  : uid=1000(system) AlarmManager expire 4 lines
08-29 16:52:56.141  1335  4487 I chatty  : uid=1000(system) Binder:1335_15 expire 10 lines
08-29 16:52:56.232  1335  1913 I chatty  : uid=1000(system) Binder:1335_6 expire 10 lines
08-29 16:52:56.308  1335  1384 I chatty  : uid=1000(system) monitor thread expire 4 lines
08-29 16:52:57.859  1335  1407 I chatty  : uid=1000(system) PowerManagerSer expire 34 lines
08-29 16:53:00.002  1335  1335 I chatty  : uid=1000 system_server expire 10 lines
08-29 16:53:00.126   774   844 I storaged: storaged_t::event: storage_info refreshed.
08-29 16:53:03.424  1335  4478 I chatty  : uid=1000(system) MobileQosDetect expire 4 lines
08-29 16:53:09.315  1335  1653 I chatty  : uid=1000(system) PhotonicModulat expire 26 lines
08-29 16:53:15.979  1335  1648 I chatty  : uid=1000(system) HwSmartBackLigh expire 1 line
08-29 16:53:15.985  1335  5157 I chatty  : uid=1000(system) NotifyScreenSta expire 1 line
08-29 16:53:16.023  1335  4491 I chatty  : uid=1000(system) Binder:1335_19 expire 12 lines
08-29 16:53:16.024   382  9111 D vold    : begin lockScreenPrepare
08-29 16:53:16.025   382  9111 D vold    : fscrypt_lock_screen_prepare flag is: 1 user_id:0
08-29 16:53:16.044  1335  1407 I chatty  : uid=1000(system) PowerManagerSer expire 54 lines
08-29 16:53:16.223  1335  1593 I chatty  : uid=1000(system) Thread-7 expire 1 line
08-29 16:53:16.258  2570 27840 I FaceRecognizeService: Face recognize getHardwareSupportType!
08-29 16:53:16.261  2570 27840 I FaceRecognizeService: Face recognize getEnrolledFaceRecognizes userId = 0 package = android
08-29 16:53:16.261  2570 27840 I FaceRecognizeService: isClonedProfile:false
08-29 16:53:16.262  2570 27840 I FaceRecognizeService: isMainUser in-userId = 0 currentUserId = 0
08-29 16:53:16.268  1335  1391 I chatty  : uid=1000(system) HwActivityTaskM expire 1 line
08-29 16:53:16.282  1335  1380 I chatty  : uid=1000(system) android.display expire 10 lines
08-29 16:53:16.292  1335  1359 I chatty  : uid=1000(system) Binder:1335_1 expire 13 lines
08-29 16:53:16.297  2022  2171 I SmartDualCardConfig: getAppType,pkgName=com.huawei.android.launcher,appType=28
08-29 16:53:16.297  2022  2171 E SmartDualCardConfig: isAppInBlackList false,items==null
08-29 16:53:16.297  2022  2171 I SmartDualCardConfig: isAppInWhiteList false,uid=10064
08-29 16:53:16.298  1335  1377 I chatty  : uid=1000(system) android.fg expire 1 line
08-29 16:53:16.306  1335  1949 I chatty  : uid=1000(system) Binder:1335_7 expire 6 lines
08-29 16:53:16.321  1335  1378 I chatty  : uid=1000(system) android.ui expire 2 lines
08-29 16:53:16.324  1335  1381 I chatty  : uid=1000(system) android.anim expire 5 lines
08-29 16:53:16.357  1335  1913 I chatty  : uid=1000(system) Binder:1335_6 expire 27 lines
08-29 16:53:16.405  1335  4487 I chatty  : uid=1000(system) Binder:1335_15 expire 8 lines
08-29 16:53:16.513  1335  1397 I chatty  : uid=1000(system) ActivityManager expire 2 lines
08-29 16:53:16.556   382  9111 D vold    : begin lockScreenPrepare
08-29 16:53:16.556   382  9111 D vold    : fscrypt_lock_screen_prepare flag is: 1 user_id:0
08-29 16:53:16.578  1335  2645 I chatty  : uid=1000(system) android.fg expire 6 lines
08-29 16:53:16.579  1695  1695 W KeyguardViewMediator: callback -> onShowingStateChanged.
08-29 16:53:16.585  1695  2097 W KeyguardViewMediator: KgSvc reportKeyguardShowingChanged. cost = 6
08-29 16:53:16.611  1335  1564 I chatty  : uid=1000(system) ClientModeImpl expire 2 lines
08-29 16:53:16.644  1335  1565 I chatty  : uid=1000(system) WifiP2pService expire 2 lines
08-29 16:53:16.649  1335  1359 I chatty  : uid=1000(system) Binder:1335_1 expire 9 lines
08-29 16:53:16.660  3615  3615 I ActivityThread: Handle window ActivityRecord{2ccbe65 token=android.os.BinderProxy@eced0bd {com.huawei.android.launcher/com.huawei.android.launcher.unihome.UniHomeLauncher}} visibility: false
08-29 16:53:16.663  1335  1381 I chatty  : uid=1000(system) android.anim expire 4 lines
08-29 16:53:16.683  1335  1335 I chatty  : uid=1000 system_server expire 16 lines
08-29 16:53:16.731  2022  2171 I PreDnsQuery: handleStateChanged reason=2
08-29 16:53:16.735  1335  1949 I chatty  : uid=1000(system) Binder:1335_7 expire 9 lines
08-29 16:53:16.737  2022  2171 E BoosterUtil: convertSubIdToSlotId failed, subId:0, slotId:-1
08-29 16:53:16.737  2022  2171 E BoosterUtil: getDefaultDataSlotId failed, invalid slotId:-1, subId:0
08-29 16:53:16.737  2022  2171 I PreDnsQuery: No need to handled!
08-29 16:53:16.737  1335  4491 I chatty  : uid=1000(system) Binder:1335_19 expire 18 lines
08-29 16:53:16.738  1335  1913 I chatty  : uid=1000(system) Binder:1335_6 expire 18 lines
08-29 16:53:16.752  1335  1378 I chatty  : uid=1000(system) android.ui expire 2 lines
08-29 16:53:16.762  2570 27840 I AntiBruteForceProcessor: RemainingAuthenticateNum = 5
08-29 16:53:16.794  1335  1520 I chatty  : uid=1000(system) sManagerService expire 3 lines
08-29 16:53:16.796  1335  2645 I chatty  : uid=1000(system) android.fg expire 4 lines
08-29 16:53:16.796  3615  3615 D RtgSched: resetRtgSchedHandle failed enable:0
08-29 16:53:16.798  1335  1380 I chatty  : uid=1000(system) android.display expire 1 line
08-29 16:53:16.809  1335  1391 I chatty  : uid=1000(system) HwActivityTaskM expire 1 line
08-29 16:53:16.825  1335  5493 I chatty  : uid=1000(system) Binder:1335_1F expire 13 lines
08-29 16:53:16.909  1335  1523 I chatty  : uid=1000(system) GestureNavManag expire 12 lines
08-29 16:53:16.974  1695  1695 D RtgSched: resetRtgSchedHandle failed enable:1
08-29 16:53:19.433  1335  4478 I chatty  : uid=1000(system) MobileQosDetect expire 22 lines
08-29 16:53:20.311  1335  1384 I chatty  : uid=1000(system) monitor thread expire 17 lines
08-29 16:53:21.587  1695  1695 D RtgSched: resetRtgSchedHandle failed enable:0
08-29 16:54:00.000  1335  1516 I chatty  : uid=1000(system) AlarmManager expire 17 lines
08-29 16:54:00.129   774   844 I storaged: storaged_t::event: storage_info refreshed.
08-29 16:55:00.132   774   844 I storaged: storaged_t::event: storage_info refreshed.
08-29 16:55:02.322  1335  1384 I chatty  : uid=1000(system) monitor thread expire 10 lines
08-29 16:55:03.543  1335  4478 I chatty  : uid=1000(system) MobileQosDetect expire 13 lines
08-29 16:55:42.735  1335  5493 I chatty  : uid=1000(system) Binder:1335_1F expire 10 lines
08-29 16:55:56.445  1335  4491 I chatty  : uid=1000(system) Binder:1335_19 expire 6 lines
08-29 16:56:00.135   774   844 I storaged: storaged_t::event: storage_info refreshed.
08-29 16:56:02.329  1335  1384 I chatty  : uid=1000(system) monitor thread expire 10 lines
08-29 16:56:03.611  1335  4478 I chatty  : uid=1000(system) MobileQosDetect expire 12 lines
08-29 16:56:22.507  8861  8861 I /system/bin/hwioch: start iocache_monitor: Success
08-29 16:56:22.509  8861  8861 E /system/bin/hwioch: [IOCACHE] IocacheAvailable iocache disable, base:mmcblk0p56
08-29 16:56:47.892  1335  1394 I chatty  : uid=1000(system) android.bg expire 2 lines
08-29 16:57:00.138   774   844 I storaged: storaged_t::event: storage_info refreshed.
08-29 16:57:02.335  1335  1384 I chatty  : uid=1000(system) monitor thread expire 10 lines
08-29 16:57:03.676  1335  4478 I chatty  : uid=1000(system) MobileQosDetect expire 13 lines
08-29 16:58:00.141   774   844 I storaged: storaged_t::event: storage_info refreshed.
08-29 16:58:02.342  1335  1384 I chatty  : uid=1000(system) monitor thread expire 1 line
08-29 16:58:03.739  1335  4478 I chatty  : uid=1000(system) MobileQosDetect expire 10 lines
08-29 16:58:08.343  1335  1384 I chatty  : uid=1000(system) monitor thread expire 15 lines
08-29 16:58:42.807  1335  1949 I chatty  : uid=1000(system) Binder:1335_7 expire 12 lines
08-29 16:58:46.944  1335  1516 I chatty  : uid=1000(system) AlarmManager expire 29 lines
08-29 16:58:46.954  1335  1544 I chatty  : uid=1000(system) NetworkStats expire 9 lines
08-29 16:58:46.971  1335  1335 I chatty  : uid=1000 system_server expire 11 lines
08-29 16:58:47.032  1335  1394 I chatty  : uid=1000(system) android.bg expire 2 lines
08-29 16:58:47.046  1335  4491 I chatty  : uid=1000(system) Binder:1335_19 expire 15 lines
08-29 16:58:47.132  1335  1378 I chatty  : uid=1000(system) android.ui expire 6 lines
08-29 16:58:47.135  1335  1391 I chatty  : uid=1000(system) HwActivityTaskM expire 6 lines
08-29 16:58:47.139  1335  1359 I chatty  : uid=1000(system) Binder:1335_1 expire 25 lines
08-29 16:58:47.169  1335  4487 I chatty  : uid=1000(system) Binder:1335_15 expire 10 lines
08-29 16:58:47.250  1335  1398 I chatty  : uid=1000(system) ActivityManager expire 3 lines
08-29 16:58:47.251  1335  1855 I chatty  : uid=1000(system) MultiTaskManage expire 3 lines
08-29 16:58:47.314  9251  9251 D ActivityThread: Attach thread to application
08-29 16:58:47.784  1335  4478 I chatty  : uid=1000(system) MobileQosDetect expire 10 lines
08-29 16:58:48.508  1335  1397 I chatty  : uid=1000(system) ActivityManager expire 4 lines
08-29 16:58:48.737  9336  9336 D ActivityThread: Attach thread to application
08-29 16:58:49.031  1335  1913 I chatty  : uid=1000(system) Binder:1335_6 expire 10 lines
08-29 16:58:49.032  1335  5493 I chatty  : uid=1000(system) Binder:1335_1F expire 6 lines
08-29 16:59:00.145   774   844 I storaged: storaged_t::event: storage_info refreshed.
08-29 16:59:27.825  1335  1949 I chatty  : uid=1000(system) Binder:1335_7 expire 18 lines
08-29 16:59:33.291  9482  9482 D ActivityThread: Attach thread to application
08-29 16:59:33.362  1335  4491 I chatty  : uid=1000(system) Binder:1335_19 expire 3 lines
08-29 16:59:33.363  1335  1913 I chatty  : uid=1000(system) Binder:1335_6 expire 1 line
08-29 16:59:33.363  1335  1966 I chatty  : uid=1000(system) Binder:1335_9 expire 5 lines
08-29 16:59:35.841  1335  4478 I chatty  : uid=1000(system) MobileQosDetect expire 9 lines
08-29 16:59:38.353  1335  1384 I chatty  : uid=1000(system) monitor thread expire 14 lines
08-29 17:00:00.147   774   844 I storaged: storaged_t::event: storage_info refreshed.
08-29 17:00:27.846  1335  1949 I chatty  : uid=1000(system) Binder:1335_7 expire 8 lines
08-29 17:01:00.151   774   844 I storaged: storaged_t::event: storage_info refreshed.
08-29 17:01:02.362  1335  1384 I chatty  : uid=1000(system) monitor thread expire 9 lines
08-29 17:01:54.329  1335  1516 I chatty  : uid=1000(system) AlarmManager expire 12 lines
08-29 17:01:54.372  1335  1335 I chatty  : uid=1000 system_server expire 12 lines
08-29 17:01:56.368  1335  1384 I chatty  : uid=1000(system) monitor thread expire 11 lines
08-29 17:01:57.116  1335  1949 I chatty  : uid=1000(system) Binder:1335_7 expire 9 lines
08-29 17:01:57.125  1335  1966 I chatty  : uid=1000(system) Binder:1335_9 expire 22 lines
08-29 17:01:59.988  1335  4478 I chatty  : uid=1000(system) MobileQosDetect expire 14 lines
08-29 17:02:00.154   774   844 I storaged: storaged_t::event: storage_info refreshed.
08-29 17:02:56.982  1335  1391 I chatty  : uid=1000(system) HwActivityTaskM expire 11 lines
08-29 17:02:56.982  1335  1378 I chatty  : uid=1000(system) android.ui expire 11 lines
08-29 17:02:56.983  1335  1359 I chatty  : uid=1000(system) Binder:1335_1 expire 14 lines
08-29 17:02:56.984  1335  5493 I chatty  : uid=1000(system) Binder:1335_1F expire 16 lines
08-29 17:02:56.990  1335  4487 I chatty  : uid=1000(system) Binder:1335_15 expire 14 lines
08-29 17:02:57.014  1335  1913 I chatty  : uid=1000(system) Binder:1335_6 expire 18 lines
08-29 17:03:00.157   774   844 I storaged: storaged_t::event: storage_info refreshed.
08-29 17:03:02.375  1335  1384 I chatty  : uid=1000(system) monitor thread expire 10 lines
08-29 17:04:00.160   774   844 I storaged: storaged_t::event: storage_info refreshed.
08-29 17:04:02.382  1335  1384 I chatty  : uid=1000(system) monitor thread expire 10 lines
08-29 17:04:40.634  1335  1516 I chatty  : uid=1000(system) AlarmManager expire 13 lines
08-29 17:04:40.676  1335  5493 I chatty  : uid=1000(system) Binder:1335_1F expire 7 lines
08-29 17:04:40.833  1335  4487 I chatty  : uid=1000(system) Binder:1335_15 expire 3 lines
08-29 17:04:40.843  1335  1966 I chatty  : uid=1000(system) Binder:1335_9 expire 8 lines
08-29 17:04:40.849  1335  2395 I chatty  : uid=1000(system) Binder:1335_F expire 7 lines
08-29 17:04:40.876  1335  5490 I chatty  : uid=1000(system) Binder:1335_1D expire 16 lines
08-29 17:04:40.883  1335  1380 I chatty  : uid=1000(system) android.display expire 1 line
08-29 17:04:46.106  1335  1398 I chatty  : uid=1000(system) ActivityManager expire 2 lines
08-29 17:04:46.108  1335  1855 I chatty  : uid=1000(system) MultiTaskManage expire 2 lines
08-29 17:04:46.165 10409 10409 D ActivityThread: Attach thread to application
08-29 17:04:46.261  1335  1913 I chatty  : uid=1000(system) Binder:1335_6 expire 6 lines
08-29 17:04:46.261  1335  1391 I chatty  : uid=1000(system) HwActivityTaskM expire 1 line
08-29 17:04:46.263  1335  1378 I chatty  : uid=1000(system) android.ui expire 1 line
08-29 17:04:46.264  1335  1359 I chatty  : uid=1000(system) Binder:1335_1 expire 2 lines
08-29 17:04:50.994 10461 10461 D ActivityThread: Attach thread to application
08-29 17:04:50.997  1335  5490 I chatty  : uid=1000(system) Binder:1335_1D expire 10 lines
08-29 17:05:00.163   774   844 I storaged: storaged_t::event: storage_info refreshed.
08-29 17:05:00.163  1335  4478 I chatty  : uid=1000(system) MobileQosDetect expire 2 lines
08-29 17:05:02.389  1335  1384 I chatty  : uid=1000(system) monitor thread expire 10 lines
08-29 17:05:08.173  1335  4478 I chatty  : uid=1000(system) MobileQosDetect expire 11 lines
08-29 17:05:27.982  1335  2395 I chatty  : uid=1000(system) Binder:1335_F expire 18 lines
08-29 17:06:00.165   774   844 I storaged: storaged_t::event: storage_info refreshed.
08-29 17:06:00.228  1335  4478 I chatty  : uid=1000(system) MobileQosDetect expire 12 lines
08-29 17:06:02.395  1335  1384 I chatty  : uid=1000(system) monitor thread expire 10 lines
08-29 17:06:22.548 10759 10759 I /system/bin/hwioch: start iocache_monitor: Success
08-29 17:06:22.550 10759 10759 E /system/bin/hwioch: [IOCACHE] IocacheAvailable iocache disable, base:mmcblk0p56
08-29 17:06:47.798  1335  1335 I chatty  : uid=1000 system_server expire 11 lines
08-29 17:06:47.836  1335  1394 I chatty  : uid=1000(system) android.bg expire 3 lines
08-29 17:06:54.330  1335  1516 I chatty  : uid=1000(system) AlarmManager expire 16 lines
08-29 17:06:58.022  1335  5490 I chatty  : uid=1000(system) Binder:1335_1D expire 5 lines
08-29 17:07:00.169   774   844 I storaged: storaged_t::event: storage_info refreshed.
08-29 17:07:00.293  1335  4478 I chatty  : uid=1000(system) MobileQosDetect expire 13 lines
08-29 17:07:02.403  1335  1384 I chatty  : uid=1000(system) monitor thread expire 10 lines
08-29 17:07:04.710  1335  1398 I chatty  : uid=1000(system) ActivityManager expire 2 lines
08-29 17:07:04.711  1335  1855 I chatty  : uid=1000(system) MultiTaskManage expire 2 lines
08-29 17:07:04.783 10869 10869 D ActivityThread: Attach thread to application
08-29 17:07:04.905  1335  1913 I chatty  : uid=1000(system) Binder:1335_6 expire 1 line
08-29 17:07:04.974  1335  2491 I chatty  : uid=1000(system) Binder:1335_13 expire 10 lines
08-29 17:07:04.974  1335  1391 I chatty  : uid=1000(system) HwActivityTaskM expire 2 lines
08-29 17:07:04.976  1335  1378 I chatty  : uid=1000(system) android.ui expire 2 lines
08-29 17:07:04.981  1335  1380 I chatty  : uid=1000(system) android.display expire 1 line
08-29 17:07:33.529  1335  5826 I chatty  : uid=1000(system) Binder:1335_20 expire 12 lines
08-29 17:07:57.967  1335  1335 I chatty  : uid=1000 system_server expire 2 lines
08-29 17:08:00.172   774   844 I storaged: storaged_t::event: storage_info refreshed.
08-29 17:08:00.361  1335  4478 I chatty  : uid=1000(system) MobileQosDetect expire 10 lines
08-29 17:08:02.410  1335  1384 I chatty  : uid=1000(system) monitor thread expire 10 lines
08-29 17:08:28.060  1335  5826 I chatty  : uid=1000(system) Binder:1335_20 expire 4 lines
08-29 17:08:44.549  1335  4491 I chatty  : uid=1000(system) Binder:1335_19 expire 10 lines
08-29 17:08:44.569  1335  1360 I chatty  : uid=1000(system) Binder:1335_2 expire 1 line
08-29 17:08:44.571  1335  2440 I chatty  : uid=1000(system) Binder:1335_12 expire 2 lines
08-29 17:08:44.775 11173 11173 D ActivityThread: Attach thread to application
08-29 17:08:44.778  1335  2491 I chatty  : uid=1000(system) Binder:1335_13 expire 10 lines
08-29 17:08:48.406  1335  4478 I chatty  : uid=1000(system) MobileQosDetect expire 16 lines
08-29 17:09:00.175   774   844 I storaged: storaged_t::event: storage_info refreshed.
08-29 17:09:00.947  1335  2395 I chatty  : uid=1000(system) Binder:1335_F expire 9 lines
08-29 17:09:02.417  1335  1384 I chatty  : uid=1000(system) monitor thread expire 10 lines
08-29 17:10:00.179   774   844 I storaged: storaged_t::event: storage_info refreshed.
08-29 17:10:00.490  1335  4478 I chatty  : uid=1000(system) MobileQosDetect expire 4 lines
08-29 17:10:02.424  1335  1384 I chatty  : uid=1000(system) monitor thread expire 10 lines
08-29 17:10:58.493  1335  1516 I chatty  : uid=1000(system) AlarmManager expire 7 lines
08-29 17:10:58.567  1335  4491 I chatty  : uid=1000(system) Binder:1335_19 expire 14 lines
08-29 17:10:58.945  1335  2491 I chatty  : uid=1000(system) Binder:1335_13 expire 11 lines
08-29 17:11:00.000  1335  1516 I chatty  : uid=1000(system) AlarmManager expire 17 lines
08-29 17:11:00.182   774   844 I storaged: storaged_t::event: storage_info refreshed.
08-29 17:11:00.550  1335  4478 I chatty  : uid=1000(system) MobileQosDetect expire 13 lines
08-29 17:11:02.431  1335  1384 I chatty  : uid=1000(system) monitor thread expire 10 lines
08-29 17:11:54.335  1335  1335 I chatty  : uid=1000 system_server expire 10 lines
08-29 17:12:00.185   774   844 I storaged: storaged_t::event: storage_info refreshed.
08-29 17:12:00.615  1335  4478 I chatty  : uid=1000(system) MobileQosDetect expire 13 lines
08-29 17:12:02.438  1335  1384 I chatty  : uid=1000(system) monitor thread expire 10 lines
08-29 17:13:00.189   774   844 I storaged: storaged_t::event: storage_info refreshed.
08-29 17:13:00.669  1335  4478 I chatty  : uid=1000(system) MobileQosDetect expire 13 lines
08-29 17:13:02.444  1335  1384 I chatty  : uid=1000(system) monitor thread expire 10 lines
08-29 17:13:58.928  1335  1335 I chatty  : uid=1000 system_server expire 18 lines
08-29 17:14:00.193   774   844 I storaged: storaged_t::event: storage_info refreshed.
08-29 17:14:00.743  1335  4478 I chatty  : uid=1000(system) MobileQosDetect expire 13 lines
08-29 17:14:02.451  1335  1384 I chatty  : uid=1000(system) monitor thread expire 10 lines
08-29 17:15:00.197   774   844 I storaged: storaged_t::event: storage_info refreshed.
08-29 17:15:00.795  1335  4478 I chatty  : uid=1000(system) MobileQosDetect expire 13 lines
08-29 17:15:02.457  1335  1384 I chatty  : uid=1000(system) monitor thread expire 10 lines
08-29 17:15:11.757  1335  1516 I chatty  : uid=1000(system) AlarmManager expire 12 lines
08-29 17:15:11.805  1335  2491 I chatty  : uid=1000(system) Binder:1335_13 expire 4 lines
08-29 17:15:11.816  1335  1360 I chatty  : uid=1000(system) Binder:1335_2 expire 3 lines
08-29 17:15:11.817  1335  4491 I chatty  : uid=1000(system) Binder:1335_19 expire 7 lines
08-29 17:15:11.847  1335  1394 I chatty  : uid=1000(system) android.bg expire 4 lines
08-29 17:15:37.656  1335  1404 I chatty  : uid=1000(system) batterystats-wo expire 1 line
08-29 17:15:37.720  1335  2395 I chatty  : uid=1000(system) Binder:1335_F expire 3 lines
08-29 17:16:00.200   774   844 I storaged: storaged_t::event: storage_info refreshed.
08-29 17:16:00.856  1335  4478 I chatty  : uid=1000(system) MobileQosDetect expire 13 lines
08-29 17:16:02.465  1335  1384 I chatty  : uid=1000(system) monitor thread expire 10 lines
08-29 17:16:14.103  2022  2171 I DollieChr: handleReportStatInfoMsg enter
08-29 17:16:14.104  2022  2171 I DollieChr: reportStatInfo enter
08-29 17:16:14.104  2022  2171 I DollieChr: DolliChrStatisticsInfo: mSgameSwitchCount=0 mHyxdSwitchCount=0 mPubgmhdSwitchCount=0 mCfSwitchCount=0 mPubgmSwitchCount=0 mSpeedmobileSwitchCount=0 mHandoverCount=0 mSlaveCardDsWorkTime=0 mExpRecoveryCountOfGameScenes=0 mExpRecoveryCountOfCommonScenes=0 mExpRecoveryCountOfMediaScenes=0
08-29 17:16:14.114  2022  2171 I DollieChr: ignoreChrReport, msgId:11, SmartDualCardSettingOff or slaveCardDeactived
08-29 17:16:14.115  2022  2171 I DollieChr: startResetStatInfoTimer enter
08-29 17:16:14.115  2022  2171 I DollieChr: startStatInfoReportTimer enter
08-29 17:16:15.117  2022  2171 I DollieChr: DolliChrStatisticsInfo init
08-29 17:16:22.647 12431 12431 I /system/bin/hwioch: start iocache_monitor: Success
08-29 17:16:22.648 12431 12431 E /system/bin/hwioch: [IOCACHE] IocacheAvailable iocache disable, base:mmcblk0p56
08-29 17:16:37.779  1335  1406 I chatty  : uid=1000(system) CpuTracker expire 4 lines
08-29 17:16:54.329  1335  1516 I chatty  : uid=1000(system) AlarmManager expire 12 lines
08-29 17:16:59.369  1335  4491 I chatty  : uid=1000(system) Binder:1335_19 expire 10 lines
08-29 17:16:59.381  1335  1360 I chatty  : uid=1000(system) Binder:1335_2 expire 10 lines
08-29 17:17:00.203   774   844 I storaged: storaged_t::event: Uidm reported.
08-29 17:17:00.237   774   844 I storaged: uid_monitor::update_curr_io_stats_locked: last_uid_io_stats_ size is 225
08-29 17:17:00.237   774   844 I storaged: uid_monitor::update_curr_io_stats_locked: curr_io_stats_ size is 225
08-29 17:17:00.238   774   844 I storaged: uid_monitor::update_uid_io_proto: io_history_ size is 1616
08-29 17:17:00.243   774   844 I storaged: storaged_t::event: storage_info refreshed.
08-29 17:17:00.243   774   844 I storaged: storaged_t::event: proto flushed.
08-29 17:17:00.928  1335  4478 I chatty  : uid=1000(system) MobileQosDetect expire 14 lines
08-29 17:17:02.472  1335  1384 I chatty  : uid=1000(system) monitor thread expire 10 lines
08-29 17:18:01.381   774   844 I storaged: storaged_t::event: storage_info refreshed.
08-29 17:18:02.479  1335  1384 I chatty  : uid=1000(system) monitor thread expire 10 lines
08-29 17:18:04.996  1335  4478 I chatty  : uid=1000(system) MobileQosDetect expire 13 lines
08-29 17:18:17.550  1335  1398 I chatty  : uid=1000(system) ActivityManager expire 1 line
08-29 17:18:17.551  1335  1855 I chatty  : uid=1000(system) MultiTaskManage expire 1 line
08-29 17:18:17.619 12756 12756 D ActivityThread: Attach thread to application
08-29 17:19:01.383   774   844 I storaged: storaged_t::event: storage_info refreshed.
08-29 17:19:02.485  1335  1384 I chatty  : uid=1000(system) monitor thread expire 10 lines
08-29 17:19:05.061  1335  4478 I chatty  : uid=1000(system) MobileQosDetect expire 13 lines
08-29 17:19:12.808  1335  1360 I chatty  : uid=1000(system) Binder:1335_2 expire 14 lines
08-29 17:19:13.009  1335  2395 I chatty  : uid=1000(system) Binder:1335_F expire 22 lines
08-29 17:19:59.775  1335  1516 I chatty  : uid=1000(system) AlarmManager expire 16 lines
08-29 17:19:59.778  1335  1335 I chatty  : uid=1000 system_server expire 10 lines
08-29 17:20:01.386   774   844 I storaged: storaged_t::event: storage_info refreshed.
08-29 17:20:02.493  1335  1384 I chatty  : uid=1000(system) monitor thread expire 10 lines
08-29 17:20:05.129  1335  4478 I chatty  : uid=1000(system) MobileQosDetect expire 13 lines
08-29 17:20:17.760  1335  2395 I chatty  : uid=1000(system) Binder:1335_F expire 11 lines
08-29 17:20:17.951  1335  2440 I chatty  : uid=1000(system) Binder:1335_12 expire 3 lines
08-29 17:20:17.952  1335  1391 I chatty  : uid=1000(system) HwActivityTaskM expire 1 line
08-29 17:20:17.954  1335  1378 I chatty  : uid=1000(system) android.ui expire 1 line
08-29 17:20:17.955  1335  4488 I chatty  : uid=1000(system) Binder:1335_16 expire 7 lines
08-29 17:20:17.958  1335  1380 I chatty  : uid=1000(system) android.display expire 1 line
08-29 17:21:01.389   774   844 I storaged: storaged_t::event: storage_info refreshed.
08-29 17:21:02.500  1335  1384 I chatty  : uid=1000(system) monitor thread expire 10 lines
08-29 17:21:05.182  1335  4478 I chatty  : uid=1000(system) MobileQosDetect expire 13 lines
08-29 17:22:01.392   774   844 I storaged: storaged_t::event: storage_info refreshed.
08-29 17:22:02.506  1335  1384 I chatty  : uid=1000(system) monitor thread expire 10 lines
08-29 17:22:05.251  1335  4478 I chatty  : uid=1000(system) MobileQosDetect expire 12 lines
08-29 17:23:00.213  1335  1516 I chatty  : uid=1000(system) AlarmManager expire 7 lines
08-29 17:23:00.216  1335  1335 I chatty  : uid=1000 system_server expire 15 lines
08-29 17:23:00.779  1335  2395 I chatty  : uid=1000(system) Binder:1335_F expire 6 lines
08-29 17:23:01.298  1335  4478 I chatty  : uid=1000(system) MobileQosDetect expire 13 lines
08-29 17:23:01.395   774   844 I storaged: storaged_t::event: storage_info refreshed.
08-29 17:23:02.513  1335  1384 I chatty  : uid=1000(system) monitor thread expire 10 lines
08-29 17:23:16.849  2122  2297 E HwStorageManagerEx: TurboZone: Pengine PackageManager.NameNotFoundException
08-29 17:23:17.350  1335  1397 I chatty  : uid=1000(system) ActivityManager expire 3 lines
08-29 17:23:17.555 12756 13595 W ActivityThread: ClassLoader.getResources: The class loader returned by Thread.getContextClassLoader() may fail for processes that host multiple applications. You should explicitly specify a context class loader. For example: Thread.setContextClassLoader(getClass().getClassLoader());
08-29 17:23:27.894  1335  4488 I chatty  : uid=1000(system) Binder:1335_16 expire 17 lines
08-29 17:23:43.451  1335  2440 I chatty  : uid=1000(system) Binder:1335_12 expire 10 lines
08-29 17:24:00.000  1335  1516 I chatty  : uid=1000(system) AlarmManager expire 13 lines
08-29 17:24:01.400   774   844 I storaged: storaged_t::event: storage_info refreshed.
08-29 17:24:02.519  1335  1384 I chatty  : uid=1000(system) monitor thread expire 10 lines
08-29 17:25:01.403   774   844 I storaged: storaged_t::event: storage_info refreshed.
08-29 17:25:01.431  1335  4478 I chatty  : uid=1000(system) MobileQosDetect expire 13 lines
08-29 17:25:02.526  1335  1384 I chatty  : uid=1000(system) monitor thread expire 10 lines
08-29 17:25:23.309  1335  1391 I chatty  : uid=1000(system) HwActivityTaskM expire 1 line
08-29 17:25:23.312  1335  1378 I chatty  : uid=1000(system) android.ui expire 1 line
08-29 17:25:23.315  1335  2438 I chatty  : uid=1000(system) Binder:1335_11 expire 9 lines
08-29 17:26:01.407   774   844 I storaged: storaged_t::event: storage_info refreshed.
08-29 17:26:01.497  1335  4478 I chatty  : uid=1000(system) MobileQosDetect expire 11 lines
08-29 17:26:02.533  1335  1384 I chatty  : uid=1000(system) monitor thread expire 10 lines
08-29 17:26:22.697 14141 14141 I /system/bin/hwioch: start iocache_monitor: Success
08-29 17:26:22.699 14141 14141 E /system/bin/hwioch: [IOCACHE] IocacheAvailable iocache disable, base:mmcblk0p56
08-29 17:26:47.892  1335  4488 I chatty  : uid=1000(system) Binder:1335_16 expire 3 lines
08-29 17:26:47.913  1335  1394 I chatty  : uid=1000(system) android.bg expire 7 lines
08-29 17:26:48.958   382 14218 D vold    : idle maintenance started
08-29 17:26:49.006   382 14218 W vold    : [libfs_mgr]Warning: unknown flag: resize
08-29 17:26:49.011   382 14218 D vold    : Start GC on /sys/fs/f2fs/mmcblk0p56
08-29 17:26:49.544  1335  4478 I chatty  : uid=1000(system) MobileQosDetect expire 13 lines
08-29 17:27:01.411   774   844 I storaged: storaged_t::event: storage_info refreshed.
08-29 17:27:02.539  1335  1384 I chatty  : uid=1000(system) monitor thread expire 10 lines
08-29 17:27:13.540  1335  2440 I chatty  : uid=1000(system) Binder:1335_12 expire 8 lines
08-29 17:27:47.962  1335  1407 I chatty  : uid=1000(system) PowerManagerSer expire 1 line
08-29 17:27:49.019   382 14218 D vold    : Stop GC on /sys/fs/f2fs/mmcblk0p56
08-29 17:27:49.184   382 14218 W vold    : [libfs_mgr]Warning: unknown flag: resize
08-29 17:27:49.191   382 14218 D vold    : Starting trim of /metadata
08-29 17:27:49.192   382 14218 I vold    : Trimmed 0 bytes on /metadata in 0ms
08-29 17:27:49.192   382 14218 D vold    : Starting trim of /log
08-29 17:27:49.192   382 14218 I vold    : Trimmed 0 bytes on /log in 0ms
08-29 17:27:49.193   382 14218 D vold    : Starting trim of /data
08-29 17:27:49.609  1335  4478 I chatty  : uid=1000(system) MobileQosDetect expire 13 lines
08-29 17:27:49.968   382 14218 I vold    : Trimmed 0 bytes on /data in 688ms
08-29 17:27:49.999   382 14218 D vold    : Starting trim of /cache
08-29 17:27:49.999   382 14218 I vold    : Trimmed 0 bytes on /cache in 0ms
08-29 17:27:49.999   382 14218 D vold    : Starting trim of /mnt/vendor/protect_f
08-29 17:27:49.999   382 14218 W vold    : Failed to open /mnt/vendor/protect_f: Permission denied
08-29 17:27:49.999   382 14218 D vold    : Starting trim of /mnt/vendor/protect_s
08-29 17:27:49.999   382 14218 W vold    : Failed to open /mnt/vendor/protect_s: Permission denied
08-29 17:27:50.000   382 14218 D vold    : Starting trim of /mnt/vendor/nvdata
08-29 17:27:50.000   382 14218 W vold    : Failed to open /mnt/vendor/nvdata: Permission denied
08-29 17:27:50.000   382 14218 D vold    : Starting trim of /mnt/vendor/nvcfg
08-29 17:27:50.000   382 14218 W vold    : Failed to open /mnt/vendor/nvcfg: Permission denied
08-29 17:27:50.000   382 14218 D vold    : Starting trim of /mnt/vendor/persist
08-29 17:27:50.000   382 14218 W vold    : Failed to open /mnt/vendor/persist: Permission denied
08-29 17:27:50.034   382 14218 W vold    : [libfs_mgr]Warning: unknown flag: resize
08-29 17:27:50.036   382 14218 D vold    : idle maintenance completed
08-29 17:27:50.039  1335  1335 I chatty  : uid=1000 system_server expire 12 lines
08-29 17:28:01.416   774   844 I storaged: storaged_t::event: storage_info refreshed.
08-29 17:28:02.546  1335  1384 I chatty  : uid=1000(system) monitor thread expir