08-29 16:32:04.340 28375 28435 W SystemConfig: No directory /hw_product/region_comm/oversea/sysconfig, skipping
08-29 16:32:04.340  2382  2434 W SystemConfig: No directory /hw_product/region_comm/oversea/sysconfig, skipping
08-29 16:32:04.345  2382  2434 W SystemConfig: No directory /hw_product/hw_oem/JSC-L29B/sysconfig, skipping
08-29 16:32:04.345  2382  2434 W SystemConfig: No directory /hw_product/hw_oem/JSC-L29B/permissions, skipping
08-29 16:32:04.348  2382  2434 W SystemConfig: No directory /preload/JSC-L29B/hw/normal/sysconfig, skipping
08-29 16:32:04.348  2382  2434 W SystemConfig: No directory /preload/JSC-L29B/hw/normal/permissions, skipping
08-29 16:32:04.348  2382  2434 W SystemConfig: No directory /cust/global/sysconfig, skipping
08-29 16:32:04.348  2382  2434 W SystemConfig: No directory /cust/global/permissions, skipping
08-29 16:32:04.348  2382  2434 W SystemConfig: No directory /cust/hw/normal/sysconfig, skipping
08-29 16:32:04.349  2382  2434 W SystemConfig: No directory /cust/hw/normal/permissions, skipping
08-29 16:32:04.349  2382  2434 W SystemConfig: No directory /version/cust/hw/normal/sysconfig, skipping
08-29 16:32:04.349  2382  2434 W SystemConfig: No directory /version/cust/hw/normal/permissions, skipping
08-29 16:32:04.349  2382  2434 W SystemConfig: No directory /version/special_cust/JSC-L29B/hw/normal/sysconfig, skipping
08-29 16:32:04.349  2382  2434 W SystemConfig: No directory /version/special_cust/JSC-L29B/hw/normal/permissions, skipping
08-29 16:32:04.349  2382  2434 W SystemConfig: No directory /cust/cotalite/sysconfig, skipping
08-29 16:32:04.349  2382  2434 W SystemConfig: No directory /cust/cotalite/permissions, skipping
08-29 16:32:04.350  2382  2434 W SystemConfig: No directory /cust/ecota/sysconfig, skipping
08-29 16:32:04.350  2382  2434 W SystemConfig: No directory /cust/ecota/permissions, skipping
08-29 16:32:04.355 28375 28435 W SystemConfig: No directory /hw_product/hw_oem/JSC-L29B/sysconfig, skipping
08-29 16:32:04.357 28375 28435 W SystemConfig: No directory /hw_product/hw_oem/JSC-L29B/permissions, skipping
08-29 16:32:04.357 28375 28435 W SystemConfig: No directory /preload/JSC-L29B/hw/normal/sysconfig, skipping
08-29 16:32:04.358 28375 28435 W SystemConfig: No directory /preload/JSC-L29B/hw/normal/permissions, skipping
08-29 16:32:04.358 28375 28435 W SystemConfig: No directory /cust/global/sysconfig, skipping
08-29 16:32:04.359 28375 28435 W SystemConfig: No directory /cust/global/permissions, skipping
08-29 16:32:04.359 28375 28435 W SystemConfig: No directory /cust/hw/normal/sysconfig, skipping
08-29 16:32:04.359 28375 28435 W SystemConfig: No directory /cust/hw/normal/permissions, skipping
08-29 16:32:04.360 28375 28435 W SystemConfig: No directory /version/cust/hw/normal/sysconfig, skipping
08-29 16:32:04.360 28375 28435 W SystemConfig: No directory /version/cust/hw/normal/permissions, skipping
08-29 16:32:04.361 28375 28435 W SystemConfig: No directory /version/special_cust/JSC-L29B/hw/normal/sysconfig, skipping
08-29 16:32:04.361 28375 28435 W SystemConfig: No directory /version/special_cust/JSC-L29B/hw/normal/permissions, skipping
08-29 16:32:04.361 28375 28435 W SystemConfig: No directory /cust/cotalite/sysconfig, skipping
08-29 16:32:04.362 28375 28435 W SystemConfig: No directory /cust/cotalite/permissions, skipping
08-29 16:32:04.362 28375 28435 W SystemConfig: No directory /cust/ecota/sysconfig, skipping
08-29 16:32:04.362 28375 28435 W SystemConfig: No directory /cust/ecota/permissions, skipping
08-29 16:32:04.402  1335  2611 I chatty  : uid=1000 system_server expire 2 lines
08-29 16:32:04.403  1335  1397 I chatty  : uid=1000(system) ActivityManager expire 1 line
08-29 16:32:04.424  1335  2611 I chatty  : uid=1000 system_server expire 3 lines
08-29 16:32:04.425  1335  2126 I chatty  : uid=1000(system) Binder:1335_C expire 16 lines
08-29 16:32:04.436  1335  2395 I chatty  : uid=1000(system) Binder:1335_F expire 3 lines
08-29 16:32:04.444  1335  4492 I chatty  : uid=1000(system) Binder:1335_1A expire 17 lines
08-29 16:32:04.504  1335  1398 I chatty  : uid=1000(system) ActivityManager expire 4 lines
08-29 16:32:04.506  1335  1855 I chatty  : uid=1000(system) MultiTaskManage expire 4 lines
08-29 16:32:04.589  2635  2635 D ActivityThread: Attach thread to application
08-29 16:32:04.591  1335  1975 I chatty  : uid=1000(system) Binder:1335_A expire 23 lines
08-29 16:32:04.602  1335  4489 I chatty  : uid=1000(system) Binder:1335_17 expire 50 lines
08-29 16:32:04.638  1335  1525 I chatty  : uid=1000(system) InputDispatcher expire 1 line
08-29 16:32:04.698  2680  2680 D ActivityThread: Attach thread to application
08-29 16:32:04.735  1335  1392 I chatty  : uid=1000(system) HwGameAssistant expire 2 lines
08-29 16:32:04.735  1335  5491 I chatty  : uid=1000(system) Binder:1335_1E expire 8 lines
08-29 16:32:04.737  1335  1359 I chatty  : uid=1000(system) Binder:1335_1 expire 13 lines
08-29 16:32:04.739  1335  2645 I chatty  : uid=1000(system) android.fg expire 3 lines
08-29 16:32:04.780  3615  3615 D ActivityThread: Won't deliver top position change in state=5
08-29 16:32:04.793  1335  1541 I chatty  : uid=1000(system) Binder:1335_3 expire 18 lines
08-29 16:32:04.796  1335  1391 I chatty  : uid=1000(system) HwActivityTaskM expire 4 lines
08-29 16:32:04.801  1335  4491 I chatty  : uid=1000(system) Binder:1335_19 expire 1 line
08-29 16:32:04.802  1335  1381 I chatty  : uid=1000(system) android.anim expire 41 lines
08-29 16:32:04.896  2022  2171 I SmartDualCardConfig: getAppType,pkgName=com.huawei.android.launcher,appType=28
08-29 16:32:04.896  2022  2171 E SmartDualCardConfig: isAppInBlackList false,items==null
08-29 16:32:04.896  2022  2171 I SmartDualCardConfig: isAppInWhiteList false,uid=10064
08-29 16:32:04.906  1335  1380 I chatty  : uid=1000(system) android.display expire 8 lines
08-29 16:32:04.907  2022  2171 I SmartDualCardConfig: getAppType,pkgName=com.huawei.android.launcher,appType=28
08-29 16:32:04.908  2022  2171 E SmartDualCardConfig: isAppInBlackList false,items==null
08-29 16:32:04.908  2022  2171 I SmartDualCardConfig: isAppInWhiteList false,uid=10064
08-29 16:32:04.911  1335  4486 I chatty  : uid=1000(system) Binder:1335_14 expire 5 lines
08-29 16:32:04.943  2635  2739 W ActivityThread: ClassLoader.getResources: The class loader returned by Thread.getContextClassLoader() may fail for processes that host multiple applications. You should explicitly specify a context class loader. For example: Thread.setContextClassLoader(getClass().getClassLoader());
08-29 16:32:04.965  1335  1378 I chatty  : uid=1000(system) android.ui expire 4 lines
08-29 16:32:05.080  3615  3615 I ActivityManager_activity: Reporting idle of ActivityRecord{2ccbe65 token=android.os.BinderProxy@eced0bd {com.huawei.android.launcher/com.huawei.android.launcher.unihome.UniHomeLauncher}} finished=false
08-29 16:32:05.141  2122  2350 I HwNetworkPolicyManager: getHwUidPolicy uid = 10064 policy = 0
08-29 16:32:05.293  1335  1335 I chatty  : uid=1000 system_server expire 4 lines
08-29 16:32:05.404  2795  2795 D ActivityThread: Attach thread to application
08-29 16:32:05.462  1335  3247 I chatty  : uid=1000(system) LazyTaskWriterT expire 1 line
08-29 16:32:05.465  1335  1520 I chatty  : uid=1000(system) sManagerService expire 2 lines
08-29 16:32:05.466  2202  2202 D RtgSched: resetRtgSchedHandle failed enable:0
08-29 16:32:05.494  1335  1377 I chatty  : uid=1000(system) android.fg expire 2 lines
08-29 16:32:05.501  2122  2350 I HwNetworkPolicyManager: getHwUidPolicy uid = 10142 policy = 0
08-29 16:32:05.617  2824  2824 D ActivityThread: Attach thread to application
08-29 16:32:05.691  1335  1407 I chatty  : uid=1000(system) PowerManagerSer expire 1 line
08-29 16:32:06.036  1335  1394 I chatty  : uid=1000(system) android.bg expire 1 line
08-29 16:32:06.082  2795  2795 V ActivityThread: callActivityOnCreate
08-29 16:32:06.413  1335  1541 I chatty  : uid=1000(system) Binder:1335_3 expire 81 lines
08-29 16:32:06.414  1335  1397 I chatty  : uid=1000(system) ActivityManager expire 2 lines
08-29 16:32:06.547  1335  1391 I chatty  : uid=1000(system) HwActivityTaskM expire 7 lines
08-29 16:32:06.552  1335  1378 I chatty  : uid=1000(system) android.ui expire 5 lines
08-29 16:32:07.049  1335  1380 I chatty  : uid=1000(system) android.display expire 50 lines
08-29 16:32:07.087  2202  2202 D ActivityThread: Remove activity client record, r= ActivityRecord{fe0ca57 token=android.os.BinderProxy@b1c66fe {com.android.packageinstaller/com.android.packageinstaller.InstallSuccess}} token= android.os.BinderProxy@b1c66fe
08-29 16:32:07.096  1335  1520 I chatty  : uid=1000(system) sManagerService expire 5 lines
08-29 16:32:07.097  1335  4486 I chatty  : uid=1000(system) Binder:1335_14 expire 24 lines
08-29 16:32:07.109  2022  2171 I SmartDualCardConfig: getAppType,pkgName=com.android.packageinstaller,appType=255
08-29 16:32:07.109  2022  2171 E SmartDualCardConfig: isAppInBlackList false,items==null
08-29 16:32:07.109  2022  2171 I SmartDualCardConfig: isAppInWhiteList false,uid=10120
08-29 16:32:07.110  1335  4492 I chatty  : uid=1000(system) Binder:1335_1A expire 24 lines
08-29 16:32:07.645  2795  2795 D ActivityThread: add activity client record, r= ActivityRecord{d7313a6 token=android.os.BinderProxy@b578892 {com.zjlMapDemo/crc646aea13ba4f9812b9.MainActivity}} token= android.os.BinderProxy@b578892
08-29 16:32:07.687  2795  2795 D RtgSched: resetRtgSchedHandle failed enable:1
08-29 16:32:07.698  2022  2171 I SmartDualCardConfig: getAppType,pkgName=com.zjlMapDemo,appType=-1
08-29 16:32:07.698  2022  2171 E SmartDualCardConfig: isAppInBlackList false,items==null
08-29 16:32:07.698  2022  2171 I SmartDualCardConfig: isAppInWhiteList false,uid=10142
08-29 16:32:07.705  2795  2795 V ActivityThread: callActivityOnCreate
08-29 16:32:07.790  2795  2795 D ActivityThread: add activity client record, r= ActivityRecord{bd8a516 token=android.os.BinderProxy@bacc432 {com.zjlMapDemo/crc646aea13ba4f9812b9.MainActivity}} token= android.os.BinderProxy@bacc432
08-29 16:32:07.857  1335  1407 I chatty  : uid=1000(system) PowerManagerSer expire 3 lines
08-29 16:32:07.982  1335  1381 I chatty  : uid=1000(system) android.anim expire 19 lines
08-29 16:32:08.002  1335  1392 I chatty  : uid=1000(system) HwGameAssistant expire 1 line
08-29 16:32:08.010  1335  5491 I chatty  : uid=1000(system) Binder:1335_1E expire 3 lines
08-29 16:32:08.012  2795  2795 D RtgSched: resetRtgSchedHandle failed enable:1
08-29 16:32:08.060  2122  2350 I HwNetworkPolicyManager: getHwUidPolicy uid = 10032 policy = 0
08-29 16:32:08.069  2382  2382 V ActivityThread: callActivityOnCreate
08-29 16:32:08.087  2795  2795 D RtgSched: resetRtgSchedHandle failed enable:0
08-29 16:32:08.096  2795  2795 I ActivityManager_activity: Reporting idle of ActivityRecord{bd8a516 token=android.os.BinderProxy@bacc432 {com.zjlMapDemo/crc646aea13ba4f9812b9.MainActivity}} finished=false
08-29 16:32:08.097  2795  2795 I ActivityManager_activity: Reporting idle of ActivityRecord{d7313a6 token=android.os.BinderProxy@b578892 {com.zjlMapDemo/crc646aea13ba4f9812b9.MainActivity}} finished=false
08-29 16:32:08.174  1335  1384 I chatty  : uid=1000(system) monitor thread expire 1 line
08-29 16:32:08.184  2382  2382 D ActivityThread: add activity client record, r= ActivityRecord{f14ca28 token=android.os.BinderProxy@a49de4f {com.android.permissioncontroller/com.android.packageinstaller.permission.ui.GrantPermissionsActivity}} token= android.os.BinderProxy@a49de4f
08-29 16:32:08.218  2382  2382 D RtgSched: resetRtgSchedHandle failed enable:1
08-29 16:32:08.219  2382  2382 D RtgSched: resetRtgSchedHandle failed enable:1
08-29 16:32:08.242  1335  2645 I chatty  : uid=1000(system) android.fg expire 3 lines
08-29 16:32:08.324  2382  2382 I ActivityManager_activity: Reporting idle of ActivityRecord{f14ca28 token=android.os.BinderProxy@a49de4f {com.android.permissioncontroller/com.android.packageinstaller.permission.ui.GrantPermissionsActivity}} finished=false
08-29 16:32:08.325  1335  1975 I chatty  : uid=1000(system) Binder:1335_A expire 3 lines
08-29 16:32:08.824  1335  1858 I chatty  : uid=1000(system) AwareAppStartup expire 2 lines
08-29 16:32:10.145  1335  4478 I chatty  : uid=1000(system) MobileQosDetect expire 1 line
08-29 16:32:10.156  1335  1564 I chatty  : uid=1000(system) ClientModeImpl expire 1 line
08-29 16:32:10.511  1335  1335 I chatty  : uid=1000 system_server expire 2 lines
08-29 16:32:10.669  1335  3247 I chatty  : uid=1000(system) LazyTaskWriterT expire 2 lines
08-29 16:32:13.400  1335  1381 I chatty  : uid=1000(system) android.anim expire 41 lines
08-29 16:32:13.423  1335  1541 I chatty  : uid=1000(system) Binder:1335_3 expire 77 lines
08-29 16:32:13.456  2022  2171 I SmartDualCardConfig: getAppType,pkgName=com.zjlMapDemo,appType=-1
08-29 16:32:13.456  2022  2171 E SmartDualCardConfig: isAppInBlackList false,items==null
08-29 16:32:13.456  2022  2171 I SmartDualCardConfig: isAppInWhiteList false,uid=10142
08-29 16:32:13.473  1335  1378 I chatty  : uid=1000(system) android.ui expire 5 lines
08-29 16:32:14.174  1335  1384 I chatty  : uid=1000(system) monitor thread expire 2 lines
08-29 16:32:14.457  1335  1391 I chatty  : uid=1000(system) HwActivityTaskM expire 5 lines
08-29 16:32:14.525  1335  1407 I chatty  : uid=1000(system) PowerManagerSer expire 4 lines
08-29 16:32:14.538  1335  2645 I chatty  : uid=1000(system) android.fg expire 9 lines
08-29 16:32:14.541  1335  1392 I chatty  : uid=1000(system) HwGameAssistant expire 1 line
08-29 16:32:14.543  1335  1975 I chatty  : uid=1000(system) Binder:1335_A expire 19 lines
08-29 16:32:14.554  1335  1335 I chatty  : uid=1000 system_server expire 3 lines
08-29 16:32:14.560  2022  2022 I HwCoreAppHelperService: LocalReceiver receives:android.intent.action.PACKAGE_RESTARTED,pkg:com.zjlMapDemo,uid:10142
08-29 16:32:14.577  1335  4489 I chatty  : uid=1000(system) Binder:1335_17 expire 2 lines
08-29 16:32:14.586  1335  4486 I chatty  : uid=1000(system) Binder:1335_14 expire 40 lines
08-29 16:32:14.593  3615  3615 D ActivityThread: Won't deliver top position change in state=5
08-29 16:32:14.617  1335  1380 I chatty  : uid=1000(system) android.display expire 8 lines
08-29 16:32:14.628  2022  2171 I SmartDualCardConfig: getAppType,pkgName=com.huawei.android.launcher,appType=28
08-29 16:32:14.628  2022  2171 E SmartDualCardConfig: isAppInBlackList false,items==null
08-29 16:32:14.628  2022  2171 I SmartDualCardConfig: isAppInWhiteList false,uid=10064
08-29 16:32:14.634  1335  4492 I chatty  : uid=1000(system) Binder:1335_1A expire 18 lines
08-29 16:32:14.648  1335  1520 I chatty  : uid=1000(system) sManagerService expire 3 lines
08-29 16:32:14.650  2382  2382 D RtgSched: resetRtgSchedHandle failed enable:0
08-29 16:32:14.681  1335  5491 I chatty  : uid=1000(system) Binder:1335_1E expire 1 line
08-29 16:32:14.681  2122  2350 I HwNetworkPolicyManager: getHwUidPolicy uid = 10064 policy = 0
08-29 16:32:14.691  3615  3615 D RtgSched: resetRtgSchedHandle failed enable:1
08-29 16:32:14.730  1695 23213 I HwCommandQueue: updateBarBgColor
08-29 16:32:14.730  1695 23213 D HwCommandQueue: CommandQueue, setBarBackgroundColor
08-29 16:32:14.804  3615  3615 I ActivityManager_activity: Reporting idle of ActivityRecord{2ccbe65 token=android.os.BinderProxy@eced0bd {com.huawei.android.launcher/com.huawei.android.launcher.unihome.UniHomeLauncher}} finished=false
08-29 16:32:15.056  2382  2382 D ActivityThread: Remove activity client record, r= ActivityRecord{f14ca28 token=android.os.BinderProxy@a49de4f {com.android.permissioncontroller/com.android.packageinstaller.permission.ui.GrantPermissionsActivity}} token= android.os.BinderProxy@a49de4f
08-29 16:32:18.151  1335  4478 I chatty  : uid=1000(system) MobileQosDetect expire 1 line
08-29 16:32:20.157  1335  1516 I chatty  : uid=1000(system) AlarmManager expire 2 lines
08-29 16:32:22.073  1335  1525 I chatty  : uid=1000(system) InputDispatcher expire 2 lines
08-29 16:32:22.235  1335  1380 I chatty  : uid=1000(system) android.display expire 10 lines
08-29 16:32:22.248  1335  1381 I chatty  : uid=1000(system) android.anim expire 29 lines
08-29 16:32:22.265  1335  1378 I chatty  : uid=1000(system) android.ui expire 5 lines
08-29 16:32:22.324  1335  1398 I chatty  : uid=1000(system) ActivityManager expire 1 line
08-29 16:32:22.325  1335  1855 I chatty  : uid=1000(system) MultiTaskManage expire 1 line
08-29 16:32:22.342  1335  1541 I chatty  : uid=1000(system) Binder:1335_3 expire 11 lines
08-29 16:32:22.432  3092  3092 D ActivityThread: Attach thread to application
08-29 16:32:22.455  1335  4492 I chatty  : uid=1000(system) Binder:1335_1A expire 16 lines
08-29 16:32:22.455  1335  1392 I chatty  : uid=1000(system) HwGameAssistant expire 3 lines
08-29 16:32:22.471  1335  1520 I chatty  : uid=1000(system) sManagerService expire 3 lines
08-29 16:32:22.473  3615  3615 D RtgSched: resetRtgSchedHandle failed enable:0
08-29 16:32:22.505  1335  4493 I chatty  : uid=1000(system) Binder:1335_1B expire 3 lines
08-29 16:32:22.506  1335  4486 I chatty  : uid=1000(system) Binder:1335_14 expire 25 lines
08-29 16:32:22.526  1335  1377 I chatty  : uid=1000(system) android.fg expire 1 line
08-29 16:32:22.530  2122  2350 I HwNetworkPolicyManager: getHwUidPolicy uid = 10142 policy = 0
08-29 16:32:22.955  1335  1335 I chatty  : uid=1000 system_server expire 2 lines
08-29 16:32:24.191  1335  1407 I chatty  : uid=1000(system) PowerManagerSer expire 9 lines
08-29 16:32:26.175  1335  1384 I chatty  : uid=1000(system) monitor thread expire 4 lines
08-29 16:32:26.258  1335  3247 I chatty  : uid=1000(system) LazyTaskWriterT expire 1 line
08-29 16:32:32.474  2022  2171 I SmartDualCardConfig: getAppType,pkgName=com.huawei.android.launcher,appType=28
08-29 16:32:32.474  2022  2171 E SmartDualCardConfig: isAppInBlackList false,items==null
08-29 16:32:32.474  2022  2171 I SmartDualCardConfig: isAppInWhiteList false,uid=10064
08-29 16:32:32.495  1335  5491 I chatty  : uid=1000(system) Binder:1335_1E expire 36 lines
08-29 16:32:43.806  1335  5493 I chatty  : uid=1000(system) Binder:1335_1F expire 1 line
08-29 16:32:43.807  1335  1359 I chatty  : uid=1000(system) Binder:1335_1 expire 6 lines
08-29 16:32:43.828  1335  1381 I chatty  : uid=1000(system) android.anim expire 37 lines
08-29 16:32:43.855  1335  1391 I chatty  : uid=1000(system) HwActivityTaskM expire 3 lines
08-29 16:32:43.860  2022  2171 I SmartDualCardConfig: getAppType,pkgName=com.huawei.android.launcher,appType=28
08-29 16:32:43.860  2022  2171 E SmartDualCardConfig: isAppInBlackList false,items==null
08-29 16:32:43.860  2022  2171 I SmartDualCardConfig: isAppInWhiteList false,uid=10064
08-29 16:32:43.871  1335  5491 I chatty  : uid=1000(system) Binder:1335_1E expire 2 lines
08-29 16:32:43.879  1335  2645 I chatty  : uid=1000(system) android.fg expire 6 lines
08-29 16:32:43.911  2122  2350 I HwNetworkPolicyManager: getHwUidPolicy uid = 10064 policy = 0
08-29 16:32:44.071  3615  3615 I ActivityManager_activity: Reporting idle of ActivityRecord{2ccbe65 token=android.os.BinderProxy@eced0bd {com.huawei.android.launcher/com.huawei.android.launcher.unihome.UniHomeLauncher}} finished=false
08-29 16:32:44.294  1335  1380 I chatty  : uid=1000(system) android.display expire 7 lines
08-29 16:32:44.347  1335  1541 I chatty  : uid=1000(system) Binder:1335_3 expire 13 lines
08-29 16:32:44.375  1335  1975 I chatty  : uid=1000(system) Binder:1335_A expire 21 lines
08-29 16:32:44.387  1335  5491 I chatty  : uid=1000(system) Binder:1335_1E expire 10 lines
08-29 16:32:44.394  1335  1381 I chatty  : uid=1000(system) android.anim expire 77 lines
08-29 16:32:44.394 12672 12672 D ActivityThread: Won't deliver top position change in state=5
08-29 16:32:44.413  1335  1378 I chatty  : uid=1000(system) android.ui expire 7 lines
08-29 16:32:44.442  1335  1380 I chatty  : uid=1000(system) android.display expire 7 lines
08-29 16:32:44.468  1335  1377 I chatty  : uid=1000(system) android.fg expire 1 line
08-29 16:32:44.473  1335  4486 I chatty  : uid=1000(system) Binder:1335_14 expire 37 lines
08-29 16:32:44.491  1335  4493 I chatty  : uid=1000(system) Binder:1335_1B expire 33 lines
08-29 16:32:44.504  2122  2350 I HwNetworkPolicyManager: getHwUidPolicy uid = 1000 policy = 0
08-29 16:32:44.506  1335  1541 I chatty  : uid=1000(system) Binder:1335_3 expire 22 lines
08-29 16:32:44.599  1335  1359 I chatty  : uid=1000(system) Binder:1335_1 expire 1 line
08-29 16:32:44.605  1335  5493 I chatty  : uid=1000(system) Binder:1335_1F expire 9 lines
08-29 16:32:44.673  1335  1391 I chatty  : uid=1000(system) HwActivityTaskM expire 3 lines
08-29 16:32:44.710  1335  2645 I chatty  : uid=1000(system) android.fg expire 9 lines
08-29 16:32:44.711  1335  1520 I chatty  : uid=1000(system) sManagerService expire 5 lines
08-29 16:32:44.713  1695 23213 I HwCommandQueue: updateBarBgColor
08-29 16:32:44.714  1695 23213 D HwCommandQueue: CommandQueue, setBarBackgroundColor
08-29 16:32:44.860  1335  1335 I chatty  : uid=1000 system_server expire 2 lines
08-29 16:32:44.896 12672 12672 D RtgSched: resetRtgSchedHandle failed enable:1
08-29 16:32:44.944 12672 12672 I ActivityManager_activity: Reporting idle of ActivityRecord{83e390f token=android.os.BinderProxy@c7ad136 {com.android.settings/com.android.settings.Settings$DevelopmentSettingsActivity}} finished=false
08-29 16:32:44.969  2022  2171 I SmartDualCardConfig: getAppType,pkgName=com.huawei.android.launcher,appType=28
08-29 16:32:44.969  2022  2171 E SmartDualCardConfig: isAppInBlackList false,items==null
08-29 16:32:44.969  2022  2171 I SmartDualCardConfig: isAppInWhiteList false,uid=10064
08-29 16:32:45.282  1335  1525 I chatty  : uid=1000(system) InputDispatcher expire 1 line
08-29 16:32:45.520  1335  1392 I chatty  : uid=1000(system) HwGameAssistant expire 1 line
08-29 16:32:45.521  1335  2126 I chatty  : uid=1000(system) Binder:1335_C expire 2 lines
08-29 16:32:45.531  1335  4492 I chatty  : uid=1000(system) Binder:1335_1A expire 1 line
08-29 16:32:45.591  1335  4489 I chatty  : uid=1000(system) Binder:1335_17 expire 8 lines
08-29 16:32:45.595  2122  2350 I HwNetworkPolicyManager: getHwUidPolicy uid = 10064 policy = 0
08-29 16:32:45.613  2022  2171 I SmartDualCardConfig: getAppType,pkgName=com.huawei.android.launcher,appType=28
08-29 16:32:45.613  2022  2171 E SmartDualCardConfig: isAppInBlackList false,items==null
08-29 16:32:45.613  2022  2171 I SmartDualCardConfig: isAppInWhiteList false,uid=10064
08-29 16:32:45.634 12672 12672 D RtgSched: resetRtgSchedHandle failed enable:0
08-29 16:32:45.686  1695 22248 I HwCommandQueue: updateBarBgColor
08-29 16:32:45.687  1695 22248 D HwCommandQueue: CommandQueue, setBarBackgroundColor
08-29 16:32:45.721  3615  3615 D RtgSched: resetRtgSchedHandle failed enable:1
08-29 16:32:45.915  3615  3615 I ActivityManager_activity: Reporting idle of ActivityRecord{2ccbe65 token=android.os.BinderProxy@eced0bd {com.huawei.android.launcher/com.huawei.android.launcher.unihome.UniHomeLauncher}} finished=false
08-29 16:32:46.525  1335  1407 I chatty  : uid=1000(system) PowerManagerSer expire 4 lines
08-29 16:32:46.748  1335  1525 I chatty  : uid=1000(system) InputDispatcher expire 13 lines
08-29 16:32:47.018  1335  1378 I chatty  : uid=1000(system) android.ui expire 19 lines
08-29 16:32:47.293  1335  4493 I chatty  : uid=1000(system) Binder:1335_1B expire 41 lines
08-29 16:32:47.303  1335  3270 I chatty  : uid=1000 system_server expire 1 line
08-29 16:32:47.324  1335  1380 I chatty  : uid=1000(system) android.display expire 2 lines
08-29 16:32:47.334  1335  1520 I chatty  : uid=1000(system) sManagerService expire 5 lines
08-29 16:32:47.339  1335  3247 I chatty  : uid=1000(system) LazyTaskWriterT expire 2 lines
08-29 16:32:47.414  1335  1391 I chatty  : uid=1000(system) HwActivityTaskM expire 3 lines
08-29 16:32:47.417  1335  5491 I chatty  : uid=1000(system) Binder:1335_1E expire 46 lines
08-29 16:32:47.665  1335  1394 I chatty  : uid=1000(system) android.bg expire 1 line
08-29 16:32:48.397  3615  3615 I ActivityManager_activity: Reporting idle of ActivityRecord{2ccbe65 token=android.os.BinderProxy@eced0bd {com.huawei.android.launcher/com.huawei.android.launcher.unihome.UniHomeLauncher}} finished=false
08-29 16:32:50.177  1335  1384 I chatty  : uid=1000(system) monitor thread expire 1 line
08-29 16:32:53.348  1335  1541 I chatty  : uid=1000(system) Binder:1335_3 expire 12 lines
08-29 16:32:53.356  1335  2645 I chatty  : uid=1000(system) android.fg expire 12 lines
08-29 16:32:53.357  1335  1392 I chatty  : uid=1000(system) HwGameAssistant expire 2 lines
08-29 16:32:53.383  2202  2202 V ActivityThread: callActivityOnCreate
08-29 16:32:53.385  1335  5493 I chatty  : uid=1000(system) Binder:1335_1F expire 6 lines
08-29 16:32:53.398  1335  4492 I chatty  : uid=1000(system) Binder:1335_1A expire 3 lines
08-29 16:32:53.406  2122  2350 I HwNetworkPolicyManager: getHwUidPolicy uid = 10120 policy = 0
08-29 16:32:53.439  2202  2202 D ActivityThread: add activity client record, r= ActivityRecord{40d84cd token=android.os.BinderProxy@b960cdc {com.android.packageinstaller/com.android.packageinstaller.UninstallerActivity}} token= android.os.BinderProxy@b960cdc
08-29 16:32:53.466  3615  3615 D RtgSched: resetRtgSchedHandle failed enable:0
08-29 16:32:53.498  2022  2171 I SmartDualCardConfig: getAppType,pkgName=com.android.packageinstaller,appType=255
08-29 16:32:53.498  2022  2171 E SmartDualCardConfig: isAppInBlackList false,items==null
08-29 16:32:53.498  2022  2171 I SmartDualCardConfig: isAppInWhiteList false,uid=10120
08-29 16:32:53.571  2202  2202 D RtgSched: resetRtgSchedHandle failed enable:1
08-29 16:32:53.575  1335  1381 I chatty  : uid=1000(system) android.anim expire 21 lines
08-29 16:32:53.636  2202  2202 I ActivityManager_activity: Reporting idle of ActivityRecord{40d84cd token=android.os.BinderProxy@b960cdc {com.android.packageinstaller/com.android.packageinstaller.UninstallerActivity}} finished=false
08-29 16:32:53.862  1335  1335 I chatty  : uid=1000 system_server expire 1 line
08-29 16:32:54.529  1335  1416 I chatty  : uid=1000(system) PackageManager expire 37 lines
08-29 16:32:54.530  1335  1397 I chatty  : uid=1000(system) ActivityManager expire 3 lines
08-29 16:32:54.574  3615  3615 D RtgSched: resetRtgSchedHandle failed enable:1
08-29 16:32:54.610  2202  2202 D RtgSched: resetRtgSchedHandle failed enable:0
08-29 16:32:54.617  1335  1416 I chatty  : uid=1000(system) PackageManager expire 73 lines
08-29 16:32:54.620  1335  4489 I chatty  : uid=1000(system) Binder:1335_17 expire 18 lines
08-29 16:32:54.626  1695 23213 I HwCommandQueue: updateBarBgColor
08-29 16:32:54.626  1695 23213 D HwCommandQueue: CommandQueue, setBarBackgroundColor
08-29 16:32:54.627  1335  1378 I chatty  : uid=1000(system) android.ui expire 2 lines
08-29 16:32:54.803  1335  2126 I chatty  : uid=1000(system) Binder:1335_C expire 6 lines
08-29 16:32:54.819  3615  3615 D ActivityThread: Won't deliver top position change in state=4
08-29 16:32:54.922  2202  2202 D ActivityThread: Remove activity client record, r= ActivityRecord{40d84cd token=android.os.BinderProxy@b960cdc {com.android.packageinstaller/com.android.packageinstaller.UninstallerActivity}} token= android.os.BinderProxy@b960cdc
08-29 16:32:54.919  1335  1391 I chatty  : uid=1000(system) HwActivityTaskM expire 2 lines
08-29 16:32:54.946  1335  1381 I chatty  : uid=1000(system) android.anim expire 27 lines
08-29 16:32:54.951  1335  4486 I chatty  : uid=1000(system) Binder:1335_14 expire 4 lines
08-29 16:32:54.960  1335  1975 I chatty  : uid=1000(system) Binder:1335_A expire 8 lines
08-29 16:32:54.972  1335  3247 I chatty  : uid=1000(system) LazyTaskWriterT expire 1 line
08-29 16:32:54.987  1335  1541 I chatty  : uid=1000(system) Binder:1335_3 expire 2 lines
08-29 16:32:55.000  1335  1380 I chatty  : uid=1000(system) android.display expire 2 lines
08-29 16:32:55.025  3615  3615 I ActivityManager_activity: Reporting idle of ActivityRecord{2ccbe65 token=android.os.BinderProxy@eced0bd {com.huawei.android.launcher/com.huawei.android.launcher.unihome.UniHomeLauncher}} finished=false
08-29 16:32:55.042  2022  2171 I SmartDualCardConfig: getAppType,pkgName=com.android.packageinstaller,appType=255
08-29 16:32:55.042  2022  2171 E SmartDualCardConfig: isAppInBlackList false,items==null
08-29 16:32:55.042  2022  2171 I SmartDualCardConfig: isAppInWhiteList false,uid=10120
08-29 16:32:55.042  1335  1520 I chatty  : uid=1000(system) sManagerService expire 1 line
08-29 16:32:55.109  1335  1398 I chatty  : uid=1000(system) ActivityManager expire 2 lines
08-29 16:32:55.109  1335  1855 I chatty  : uid=1000(system) MultiTaskManage expire 2 lines
08-29 16:32:55.204  3329  3329 D ActivityThread: Attach thread to application
08-29 16:32:55.206  1335  5493 I chatty  : uid=1000(system) Binder:1335_1F expire 3 lines
08-29 16:32:55.263  1335  1335 I chatty  : uid=1000 system_server expire 22 lines
08-29 16:32:55.371  1335  1902 I chatty  : uid=1000(system) GeoCodeHander expire 1 line
08-29 16:32:55.372  2022  2171 I PreDnsQuery: handleStateChanged reason=12
08-29 16:32:55.377  2022  2022 I HwKeystoreServiceImpl: ACTION_PACKAGE_REMOVED userId:0 appId:10142 packageName:com.zjlMapDemo removeAll:true
08-29 16:32:55.378  2022  2022 I HwKeystoreServiceImpl: UserInfo uid:0
08-29 16:32:55.383  2022  2171 E BoosterUtil: convertSubIdToSlotId failed, subId:0, slotId:-1
08-29 16:32:55.384  2022  2171 E BoosterUtil: getDefaultDataSlotId failed, invalid slotId:-1, subId:0
08-29 16:32:55.384  2022  2171 I PreDnsQuery: No need to handled!
08-29 16:32:55.384  2022  2171 I SmartDualCardConfig: onPackageInstallStateUpdate uid=10142,appName=com.zjlMapDemo,packageAddFlag=0
08-29 16:32:55.390  1335  1958 I chatty  : uid=1000(system) Binder:1335_8 expire 1 line
08-29 16:32:55.399  1335  1394 I chatty  : uid=1000(system) android.bg expire 6 lines
08-29 16:32:55.401  1335  4491 I chatty  : uid=1000(system) Binder:1335_19 expire 2 lines
08-29 16:32:55.420  1335  5826 I chatty  : uid=1000(system) Binder:1335_20 expire 4 lines
08-29 16:32:55.429  1335  2396 I chatty  : uid=1000(system) Binder:1335_10 expire 3 lines
08-29 16:32:55.433  1335  1966 I chatty  : uid=1000(system) Binder:1335_9 expire 5 lines
08-29 16:32:55.438  1335  1582 I chatty  : uid=1000(system) Binder:1335_4 expire 4 lines
08-29 16:32:55.470  1335  2438 I chatty  : uid=1000(system) Binder:1335_11 expire 3 lines
08-29 16:32:55.472  1335  1949 I chatty  : uid=1000(system) Binder:1335_7 expire 1 line
08-29 16:32:55.501  2022  2022 I PreDnsQuery: onReceive: intent = android.intent.action.PACKAGE_REMOVED
08-29 16:32:55.517  1335  2395 I chatty  : uid=1000(system) Binder:1335_F expire 1 line
08-29 16:32:55.519  1335  2491 I chatty  : uid=1000(system) Binder:1335_13 expire 2 lines
08-29 16:32:55.521  1335  1913 I chatty  : uid=1000(system) Binder:1335_6 expire 3 lines
08-29 16:32:55.524  1335  1407 I chatty  : uid=1000(system) PowerManagerSer expire 1 line
08-29 16:32:55.537  1335  5489 I chatty  : uid=1000(system) Binder:1335_1C expire 5 lines
08-29 16:32:55.559  1335  1544 I chatty  : uid=1000(system) NetworkStats expire 6 lines
08-29 16:32:55.597  1335  1564 I chatty  : uid=1000(system) ClientModeImpl expire 1 line
08-29 16:32:55.599  2122  2122 I HwNetworkPolicyManager: removeHwUidPolicy uid = 10142 policy = -1 opPackageName = com.huawei.systemmanager
08-29 16:32:55.606  1335  4487 I chatty  : uid=1000(system) Binder:1335_15 expire 2 lines
08-29 16:32:55.618  1335  5490 I chatty  : uid=1000(system) Binder:1335_1D expire 1 line
08-29 16:32:55.789  1335  2384 I chatty  : uid=1000(system) Binder:1335_E expire 3 lines
08-29 16:32:55.848  1335  1359 I chatty  : uid=1000(system) Binder:1335_1 expire 6 lines
08-29 16:32:55.940  1335  3440 I chatty  : uid=1000 system_server expire 5 lines
08-29 16:32:55.950  3405  3405 D ActivityThread: Attach thread to application
08-29 16:32:55.982  1335  1359 I chatty  : uid=1000(system) Binder:1335_1 expire 1 line
08-29 16:32:55.989  1335  1544 I chatty  : uid=1000(system) NetworkStats expire 2 lines
08-29 16:32:56.072  1335  1394 I chatty  : uid=1000(system) android.bg expire 5 lines
08-29 16:32:56.104  1335  4486 I chatty  : uid=1000(system) Binder:1335_14 expire 10 lines
08-29 16:32:56.137  1335  1398 I chatty  : uid=1000(system) ActivityManager expire 1 line
08-29 16:32:56.139  1335  1855 I chatty  : uid=1000(system) MultiTaskManage expire 1 line
08-29 16:32:56.175  1335  5489 I chatty  : uid=1000(system) Binder:1335_1C expire 16 lines
08-29 16:32:56.177  1335  1384 I chatty  : uid=1000(system) monitor thread expire 3 lines
08-29 16:32:56.256  3458  3458 D ActivityThread: Attach thread to application
08-29 16:32:56.369  1335  5493 I chatty  : uid=1000(system) Binder:1335_1F expire 11 lines
08-29 16:32:56.381  1335  2384 I chatty  : uid=1000(system) Binder:1335_E expire 8 lines
08-29 16:32:56.406  1335  4487 I chatty  : uid=1000(system) Binder:1335_15 expire 16 lines
08-29 16:32:56.541  1335  1335 I chatty  : uid=1000 system_server expire 3 lines
08-29 16:32:56.543  1335  1397 I chatty  : uid=1000(system) ActivityManager expire 3 lines
08-29 16:32:57.172  1335  1582 I chatty  : uid=1000(system) Binder:1335_4 expire 6 lines
08-29 16:32:57.600  1335  1377 I chatty  : uid=1000(system) android.fg expire 1 line
08-29 16:32:58.453  1335  1541 I chatty  : uid=1000(system) Binder:1335_3 expire 10 lines
08-29 16:32:58.958  1335  1380 I chatty  : uid=1000(system) android.display expire 10 lines
08-29 16:32:59.045  1335  1381 I chatty  : uid=1000(system) android.anim expire 17 lines
08-29 16:33:00.001  1335  1516 I chatty  : uid=1000(system) AlarmManager expire 3 lines
08-29 16:33:00.070   774   844 I storaged: storaged_t::event: storage_info refreshed.
08-29 16:33:00.360  1335  1407 I chatty  : uid=1000(system) PowerManagerSer expire 5 lines
08-29 16:33:00.615  1335  1858 I chatty  : uid=1000(system) AwareAppStartup expire 2 lines
08-29 16:33:09.258  1335  1489 I chatty  : uid=1000(system) PackageInstalle expire 21 lines
08-29 16:33:09.309  1335  2645 I chatty  : uid=1000(system) android.fg expire 6 lines
08-29 16:33:09.311  1335  1392 I chatty  : uid=1000(system) HwGameAssistant expire 1 line
08-29 16:33:09.318  1335  1391 I chatty  : uid=1000(system) HwActivityTaskM expire 4 lines
08-29 16:33:09.328  2202  2202 V ActivityThread: callActivityOnCreate
08-29 16:33:09.329  1335  1378 I chatty  : uid=1000(system) android.ui expire 3 lines
08-29 16:33:09.345  1335  5489 I chatty  : uid=1000(system) Binder:1335_1C expire 17 lines
08-29 16:33:09.350  2122  2350 I HwNetworkPolicyManager: getHwUidPolicy uid = 10120 policy = 0
08-29 16:33:09.393  2202  2202 D ActivityThread: add activity client record, r= ActivityRecord{79c4f78 token=android.os.BinderProxy@7049e5c {com.android.packageinstaller/com.android.packageinstaller.InstallStart}} token= android.os.BinderProxy@7049e5c
08-29 16:33:09.411  2022  2171 I SmartDualCardConfig: getAppType,pkgName=com.android.packageinstaller,appType=255
08-29 16:33:09.411  2022  2171 E SmartDualCardConfig: isAppInBlackList false,items==null
08-29 16:33:09.411  2022  2171 I SmartDualCardConfig: isAppInWhiteList false,uid=10120
08-29 16:33:09.413  1335  4487 I chatty  : uid=1000(system) Binder:1335_15 expire 21 lines
08-29 16:33:09.485  2202  2202 V ActivityThread: callActivityOnCreate
08-29 16:33:09.489  1335  1381 I chatty  : uid=1000(system) android.anim expire 25 lines
08-29 16:33:09.574  2202  2202 D ActivityThread: add activity client record, r= ActivityRecord{88a21d1 token=android.os.BinderProxy@4159590 {com.android.packageinstaller/com.android.packageinstaller.PackageInstallerActivity}} token= android.os.BinderProxy@4159590
08-29 16:33:09.592  1335  1520 I chatty  : uid=1000(system) sManagerService expire 2 lines
08-29 16:33:09.592  3615  3615 D RtgSched: resetRtgSchedHandle failed enable:0
08-29 16:33:09.666  1335  5493 I chatty  : uid=1000(system) Binder:1335_1F expire 43 lines
08-29 16:33:09.757  1335  1381 I chatty  : uid=1000(system) android.anim expire 74 lines
08-29 16:33:09.765  1335  1378 I chatty  : uid=1000(system) android.ui expire 8 lines
08-29 16:33:09.772  1335  4487 I chatty  : uid=1000(system) Binder:1335_15 expire 18 lines
08-29 16:33:09.809  2202  2202 D RtgSched: resetRtgSchedHandle failed enable:1
08-29 16:33:09.817  1335  1335 I chatty  : uid=1000 system_server expire 2 lines
08-29 16:33:09.870  2202  2202 I ActivityManager_activity: Reporting idle of ActivityRecord{88a21d1 token=android.os.BinderProxy@4159590 {com.android.packageinstaller/com.android.packageinstaller.PackageInstallerActivity}} finished=false
08-29 16:33:09.871  2202  2202 I ActivityManager_activity: Reporting idle of ActivityRecord{79c4f78 token=android.os.BinderProxy@7049e5c {com.android.packageinstaller/com.android.packageinstaller.InstallStart}} finished=false
08-29 16:33:09.887  2202  2202 D ActivityThread: Remove activity client record, r= ActivityRecord{79c4f78 token=android.os.BinderProxy@7049e5c {com.android.packageinstaller/com.android.packageinstaller.InstallStart}} token= android.os.BinderProxy@7049e5c
08-29 16:33:10.062  1335  1380 I chatty  : uid=1000(system) android.display expire 3 lines
08-29 16:33:10.065  1335  1541 I chatty  : uid=1000(system) Binder:1335_3 expire 22 lines
08-29 16:33:10.099  2022  2171 I SmartDualCardConfig: getAppType,pkgName=com.huawei.android.launcher,appType=28
08-29 16:33:10.099  2022  2171 E SmartDualCardConfig: isAppInBlackList false,items==null
08-29 16:33:10.099  2022  2171 I SmartDualCardConfig: isAppInWhiteList false,uid=10064
08-29 16:33:10.110  1335  1520 I chatty  : uid=1000(system) sManagerService expire 1 line
08-29 16:33:11.307  1335  1525 I chatty  : uid=1000(system) InputDispatcher expire 1 line
08-29 16:33:11.347  1335  2645 I chatty  : uid=1000(system) android.fg expire 9 lines
08-29 16:33:11.349  1695 23213 I HwCommandQueue: updateBarBgColor
08-29 16:33:11.349  1695 23213 D HwCommandQueue: CommandQueue, setBarBackgroundColor
08-29 16:33:12.026  1335  1407 I chatty  : uid=1000(system) PowerManagerSer expire 1 line
08-29 16:33:12.293  1335  1392 I chatty  : uid=1000(system) HwGameAssistant expire 2 lines
08-29 16:33:12.310  1335  5489 I chatty  : uid=1000(system) Binder:1335_1C expire 25 lines
08-29 16:33:12.350  1335  1391 I chatty  : uid=1000(system) HwActivityTaskM expire 3 lines
08-29 16:33:12.416  2202  2202 V ActivityThread: callActivityOnCreate
08-29 16:33:12.469  2202  2202 D ActivityThread: add activity client record, r= ActivityRecord{f9e8791 token=android.os.BinderProxy@cad7207 {com.android.packageinstaller/com.android.packageinstaller.InstallInstalling}} token= android.os.BinderProxy@cad7207
08-29 16:33:12.612  2202  2202 I ActivityManager_activity: Reporting idle of ActivityRecord{f9e8791 token=android.os.BinderProxy@cad7207 {com.android.packageinstaller/com.android.packageinstaller.InstallInstalling}} finished=false
08-29 16:33:12.635  2202  2202 D ActivityThread: Remove activity client record, r= ActivityRecord{88a21d1 token=android.os.BinderProxy@4159590 {com.android.packageinstaller/com.android.packageinstaller.PackageInstallerActivity}} token= android.os.BinderProxy@4159590
08-29 16:33:12.780  1335  1416 I chatty  : uid=1000(system) PackageManager expire 108 lines
08-29 16:33:13.046  1335  1489 I chatty  : uid=1000(system) PackageInstalle expire 1 line
08-29 16:33:13.059  1335  1582 I chatty  : uid=1000(system) Binder:1335_4 expire 21 lines
08-29 16:33:13.067  1335  1335 I chatty  : uid=1000 system_server expire 3 lines
08-29 16:33:13.070  1335  1394 I chatty  : uid=1000(system) android.bg expire 10 lines
08-29 16:33:13.092  1335  1902 I chatty  : uid=1000(system) GeoCodeHander expire 1 line
08-29 16:33:13.093  2022  2171 I PreDnsQuery: handleStateChanged reason=12
08-29 16:33:13.098  2022  2171 E BoosterUtil: convertSubIdToSlotId failed, subId:0, slotId:-1
08-29 16:33:13.098  2022  2171 E BoosterUtil: getDefaultDataSlotId failed, invalid slotId:-1, subId:0
08-29 16:33:13.099  2022  2171 I PreDnsQuery: No need to handled!
08-29 16:33:13.100  2022  2171 I SmartDualCardConfig: onPackageInstallStateUpdate uid=10143,appName=com.zjlMapDemo,packageAddFlag=1
08-29 16:33:13.100  2022  2171 E SmartDualCardConfig: getApkConfig fail,invalid params
08-29 16:33:13.100  2022  2171 I SmartDualCardConfig: isAppInXml,return false
08-29 16:33:13.100  2022  2171 E SmartDualCardConfig: onPackageInstallStateUpdate fail
08-29 16:33:13.124  2022  2022 I PreDnsQuery: onReceive: intent = android.intent.action.PACKAGE_ADDED
08-29 16:33:13.126  1335  1359 I chatty  : uid=1000(system) Binder:1335_1 expire 10 lines
08-29 16:33:13.130  1335  5490 I chatty  : uid=1000(system) Binder:1335_1D expire 25 lines
08-29 16:33:13.139  1335  2645 I chatty  : uid=1000(system) android.fg expire 6 lines
08-29 16:33:13.143  1335  1913 I chatty  : uid=1000(system) Binder:1335_6 expire 7 lines
08-29 16:33:13.145  1335  2396 I chatty  : uid=1000(system) Binder:1335_10 expire 1 line
08-29 16:33:13.153  1335  1391 I chatty  : uid=1000(system) HwActivityTaskM expire 2 lines
08-29 16:33:13.166  1335  4492 I chatty  : uid=1000(system) Binder:1335_1A expire 4 lines
08-29 16:33:13.167  2202  2202 V ActivityThread: callActivityOnCreate
08-29 16:33:13.202  1335  1975 I chatty  : uid=1000(system) Binder:1335_A expire 10 lines
08-29 16:33:13.231  1335  2366 I chatty  : uid=1000(system) Binder:1335_D expire 4 lines
08-29 16:33:13.235  2202  2202 D ActivityThread: add activity client record, r= ActivityRecord{b01b52c token=android.os.BinderProxy@fd197c9 {com.android.packageinstaller/com.android.packageinstaller.InstallSuccess}} token= android.os.BinderProxy@fd197c9
08-29 16:33:13.244  1335  5493 I chatty  : uid=1000(system) Binder:1335_1F expire 2 lines
08-29 16:33:13.249  1335  5489 I chatty  : uid=1000(system) Binder:1335_1C expire 5 lines
08-29 16:33:13.278  1335  4489 I chatty  : uid=1000(system) Binder:1335_17 expire 1 line
08-29 16:33:13.305  1335  2126 I chatty  : uid=1000(system) Binder:1335_C expire 5 lines
08-29 16:33:13.321  1335  2384 I chatty  : uid=1000(system) Binder:1335_E expire 3 lines
08-29 16:33:13.336  2122  2122 I HwNetworkPolicyManager: removeHwUidPolicy uid = 10143 policy = -1 opPackageName = com.huawei.systemmanager
08-29 16:33:13.364  1335  1378 I chatty  : uid=1000(system) android.ui expire 1 line
08-29 16:33:13.408  1335  1541 I chatty  : uid=1000(system) Binder:1335_3 expire 2 lines
08-29 16:33:13.413  1335  1381 I chatty  : uid=1000(system) android.anim expire 24 lines
08-29 16:33:13.462  1335  4486 I chatty  : uid=1000(system) Binder:1335_14 expire 4 lines
08-29 16:33:13.489  2202  2202 I ActivityManager_activity: Reporting idle of ActivityRecord{b01b52c token=android.os.BinderProxy@fd197c9 {com.android.packageinstaller/com.android.packageinstaller.InstallSuccess}} finished=false
08-29 16:33:13.512  2202  2202 D ActivityThread: Remove activity client record, r= ActivityRecord{f9e8791 token=android.os.BinderProxy@cad7207 {com.android.packageinstaller/com.android.packageinstaller.InstallInstalling}} token= android.os.BinderProxy@cad7207
08-29 16:33:13.530  1335  1380 I chatty  : uid=1000(system) android.display expire 1 line
08-29 16:33:13.591  1335  2395 I chatty  : uid=1000(system) Binder:1335_F expire 13 lines
08-29 16:33:13.620  1335  1966 I chatty  : uid=1000(system) Binder:1335_9 expire 1 line
08-29 16:33:13.699  1335  3711 I chatty  : uid=1000 system_server expire 5 lines
08-29 16:33:13.752  1335  1397 I chatty  : uid=1000(system) ActivityManager expire 3 lines
08-29 16:33:14.063  1335  2395 I chatty  : uid=1000(system) Binder:1335_F expire 41 lines
08-29 16:33:14.179  1335  1384 I chatty  : uid=1000(system) monitor thread expire 1 line
08-29 16:33:14.189  1335  4478 I chatty  : uid=1000(system) MobileQosDetect expire 1 line
08-29 16:33:14.398  1335  1391 I chatty  : uid=1000(system) HwActivityTaskM expire 6 lines
08-29 16:33:14.411  1335  1381 I chatty  : uid=1000(system) android.anim expire 55 lines
08-29 16:33:14.412  1335  1975 I chatty  : uid=1000(system) Binder:1335_A expire 10 lines
08-29 16:33:14.427  1335  1380 I chatty  : uid=1000(system) android.display expire 7 lines
08-29 16:33:14.433  1335  1525 I chatty  : uid=1000(system) InputDispatcher expire 1 line
08-29 16:33:14.460  1335  2645 I chatty  : uid=1000(system) android.fg expire 6 lines
08-29 16:33:14.524  1335  1407 I chatty  : uid=1000(system) PowerManagerSer expire 2 lines
08-29 16:33:14.538  1335  1378 I chatty  : uid=1000(system) android.ui expire 6 lines
08-29 16:33:14.562  1335  1398 I chatty  : uid=1000(system) ActivityManager expire 1 line
08-29 16:33:14.563  1335  1855 I chatty  : uid=1000(system) MultiTaskManage expire 1 line
08-29 16:33:14.653  3759  3759 D ActivityThread: Attach thread to application
08-29 16:33:14.656  1335  1966 I chatty  : uid=1000(system) Binder:1335_9 expire 11 lines
08-29 16:33:14.670  1335  1392 I chatty  : uid=1000(system) HwGameAssistant expire 2 lines
08-29 16:33:14.704  1335  1520 I chatty  : uid=1000(system) sManagerService expire 6 lines
08-29 16:33:14.705  2202  2202 D RtgSched: resetRtgSchedHandle failed enable:0
08-29 16:33:14.712  1335  5489 I chatty  : uid=1000(system) Binder:1335_1C expire 34 lines
08-29 16:33:14.717  1335  1335 I chatty  : uid=1000 system_server expire 3 lines
08-29 16:33:14.732  1335  1377 I chatty  : uid=1000(system) android.fg expire 1 line
08-29 16:33:14.750  2122  2350 I HwNetworkPolicyManager: getHwUidPolicy uid = 10143 policy = 0
08-29 16:33:14.928  1335  1394 I chatty  : uid=1000(system) android.bg expire 1 line
08-29 16:33:15.358  3759  3759 V ActivityThread: callActivityOnCreate
08-29 16:33:16.488  1335  3247 I chatty  : uid=1000(system) LazyTaskWriterT expire 1 line
08-29 16:33:17.629  1335  2126 I chatty  : uid=1000(system) Binder:1335_C expire 27 lines
08-29 16:33:17.704  3759  3759 D ActivityThread: add activity client record, r= ActivityRecord{d7313a6 token=android.os.BinderProxy@b578892 {com.zjlMapDemo/crc646aea13ba4f9812b9.MainActivity}} token= android.os.BinderProxy@b578892
08-29 16:33:17.748  3759  3759 D RtgSched: resetRtgSchedHandle failed enable:1
08-29 16:33:17.752  2022  2171 I SmartDualCardConfig: getAppType,pkgName=com.zjlMapDemo,appType=-1
08-29 16:33:17.752  2022  2171 E SmartDualCardConfig: isAppInBlackList false,items==null
08-29 16:33:17.752  2022  2171 I SmartDualCardConfig: isAppInWhiteList false,uid=10143
08-29 16:33:17.774  1335  5490 I chatty  : uid=1000(system) Binder:1335_1D expire 11 lines
08-29 16:33:17.792  2382  2382 V ActivityThread: callActivityOnCreate
08-29 16:33:17.888  2022  2171 I SmartDualCardConfig: getAppType,pkgName=com.android.packageinstaller,appType=255
08-29 16:33:17.888  2022  2171 E SmartDualCardConfig: isAppInBlackList false,items==null
08-29 16:33:17.888  2022  2171 I SmartDualCardConfig: isAppInWhiteList false,uid=10120
08-29 16:33:17.890  2122  2350 I HwNetworkPolicyManager: getHwUidPolicy uid = 10032 policy = 0
08-29 16:33:17.891  2382  2382 D ActivityThread: add activity client record, r= ActivityRecord{4845991 token=android.os.BinderProxy@b4f64a5 {com.android.permissioncontroller/com.android.packageinstaller.permission.ui.GrantPermissionsActivity}} token= android.os.BinderProxy@b4f64a5
08-29 16:33:17.959  2382  2382 D RtgSched: resetRtgSchedHandle failed enable:1
08-29 16:33:17.982  1335  5826 I chatty  : uid=1000(system) Binder:1335_20 expire 18 lines
08-29 16:33:17.987  1335  1381 I chatty  : uid=1000(system) android.anim expire 53 lines
08-29 16:33:17.992  1335  2395 I chatty  : uid=1000(system) Binder:1335_F expire 36 lines
08-29 16:33:17.995  3759  3759 D RtgSched: resetRtgSchedHandle failed enable:1
08-29 16:33:18.010  2382  2382 I ActivityManager_activity: Reporting idle of ActivityRecord{4845991 token=android.os.BinderProxy@b4f64a5 {com.android.permissioncontroller/com.android.packageinstaller.permission.ui.GrantPermissionsActivity}} finished=false
08-29 16:33:18.011  1335  5489 I chatty  : uid=1000(system) Binder:1335_1C expire 24 lines
08-29 16:33:18.011  3759  3759 V ActivityThread: callActivityOnCreate
08-29 16:33:18.064  1335  1391 I chatty  : uid=1000(system) HwActivityTaskM expire 5 lines
08-29 16:33:18.066  1335  1380 I chatty  : uid=1000(system) android.display expire 3 lines
08-29 16:33:18.073  3759  3759 D ActivityThread: add activity client record, r= ActivityRecord{fdc4573 token=android.os.BinderProxy@a74a78a {com.zjlMapDemo/com.huawei.hms.activity.BridgeActivity}} token= android.os.BinderProxy@a74a78a
08-29 16:33:18.086  1335  1966 I chatty  : uid=1000(system) Binder:1335_9 expire 24 lines
08-29 16:33:18.163  1335  1398 I chatty  : uid=1000(system) ActivityManager expire 1 line
08-29 16:33:18.165  1335  1855 I chatty  : uid=1000(system) MultiTaskManage expire 1 line
08-29 16:33:18.190  3759  3759 D RtgSched: resetRtgSchedHandle failed enable:0
08-29 16:33:18.216  3858  3858 D ActivityThread: Attach thread to application
08-29 16:33:18.223  3759  3759 I ActivityManager_activity: Reporting idle of ActivityRecord{fdc4573 token=android.os.BinderProxy@a74a78a {com.zjlMapDemo/com.huawei.hms.activity.BridgeActivity}} finished=false
08-29 16:33:18.224  3759  3759 I ActivityManager_activity: Reporting idle of ActivityRecord{d7313a6 token=android.os.BinderProxy@b578892 {com.zjlMapDemo/crc646aea13ba4f9812b9.MainActivity}} finished=false
08-29 16:33:18.231  1335  2645 I chatty  : uid=1000(system) android.fg expire 9 lines
08-29 16:33:18.232  1335  1378 I chatty  : uid=1000(system) android.ui expire 9 lines
08-29 16:33:18.238  1335  1392 I chatty  : uid=1000(system) HwGameAssistant expire 2 lines
08-29 16:33:18.265  1335  1520 I chatty  : uid=1000(system) sManagerService expire 5 lines
08-29 16:33:18.268  2382  2382 D RtgSched: resetRtgSchedHandle failed enable:0
08-29 16:33:18.287  2122  2350 I HwNetworkPolicyManager: getHwUidPolicy uid = 10059 policy = 0
08-29 16:33:18.413  1335  1858 I chatty  : uid=1000(system) AwareAppStartup expire 2 lines
08-29 16:33:18.431  3858  3858 V ActivityThread: callActivityOnCreate
