08-29 16:33:18.612  3858  3858 D ActivityThread: add activity client record, r= ActivityRecord{3a7719d token=android.os.BinderProxy@546ec45 {com.huawei.hwid/com.huawei.hms.fwksdk.stub.UpdateStubActivity}} token= android.os.BinderProxy@546ec45
08-29 16:33:18.633  2022  2171 I SmartDualCardConfig: getAppType,pkgName=com.huawei.hwid,appType=255
08-29 16:33:18.633  2022  2171 E SmartDualCardConfig: isAppInBlackList false,items==null
08-29 16:33:18.634  2022  2171 I SmartDualCardConfig: isAppInWhiteList false,uid=10059
08-29 16:33:18.737  1335  1335 I chatty  : uid=1000 system_server expire 1 line
08-29 16:33:18.754  3858  3858 D RtgSched: resetRtgSchedHandle failed enable:1
08-29 16:33:18.758  3858  3858 D RtgSched: resetRtgSchedHandle failed enable:1
08-29 16:33:18.788  1335  2126 I chatty  : uid=1000(system) Binder:1335_C expire 10 lines
08-29 16:33:18.812  3858  3858 I ActivityManager_activity: Reporting idle of ActivityRecord{3a7719d token=android.os.BinderProxy@546ec45 {com.huawei.hwid/com.huawei.hms.fwksdk.stub.UpdateStubActivity}} finished=false
08-29 16:33:18.857  1335  1407 I chatty  : uid=1000(system) PowerManagerSer expire 2 lines
08-29 16:33:20.180  1335  1384 I chatty  : uid=1000(system) monitor thread expire 1 line
08-29 16:33:20.346  1335  1525 I chatty  : uid=1000(system) InputDispatcher expire 1 line
08-29 16:33:20.399  3858  3858 W HwApsManager: HwApsManagerService, registerCallback, start !
08-29 16:33:20.562  1335  5490 I chatty  : uid=1000(system) Binder:1335_1D expire 2 lines
08-29 16:33:21.193  1335  3247 I chatty  : uid=1000(system) LazyTaskWriterT expire 1 line
08-29 16:33:22.200  1335  4478 I chatty  : uid=1000(system) MobileQosDetect expire 1 line
08-29 16:33:22.211  1335  1564 I chatty  : uid=1000(system) ClientModeImpl expire 1 line
08-29 16:33:22.732  1335  1541 I chatty  : uid=1000(system) Binder:1335_3 expire 27 lines
08-29 16:33:22.770  2382  2382 D ActivityThread: Won't deliver top position change in state=4
08-29 16:33:22.782  2382  2382 D RtgSched: resetRtgSchedHandle failed enable:1
08-29 16:33:22.823  3858  3858 D RtgSched: resetRtgSchedHandle failed enable:0
08-29 16:33:22.836  2382  2382 I ActivityManager_activity: Reporting idle of ActivityRecord{4845991 token=android.os.BinderProxy@b4f64a5 {com.android.permissioncontroller/com.android.packageinstaller.permission.ui.GrantPermissionsActivity}} finished=false
08-29 16:33:22.838  1335  1975 I chatty  : uid=1000(system) Binder:1335_A expire 47 lines
08-29 16:33:22.908  2022  2171 I SmartDualCardConfig: getAppType,pkgName=com.huawei.hwid,appType=255
08-29 16:33:22.908  2022  2171 E SmartDualCardConfig: isAppInBlackList false,items==null
08-29 16:33:22.908  2022  2171 I SmartDualCardConfig: isAppInWhiteList false,uid=10059
08-29 16:33:22.927  3858  3858 D ActivityThread: Remove activity client record, r= ActivityRecord{3a7719d token=android.os.BinderProxy@546ec45 {com.huawei.hwid/com.huawei.hms.fwksdk.stub.UpdateStubActivity}} token= android.os.BinderProxy@546ec45
08-29 16:33:22.930  1335  1541 I chatty  : uid=1000(system) Binder:1335_3 expire 24 lines
08-29 16:33:22.938  1335  1966 I chatty  : uid=1000(system) Binder:1335_9 expire 7 lines
08-29 16:33:23.058  1335  1381 I chatty  : uid=1000(system) android.anim expire 41 lines
08-29 16:33:24.026  1335  1407 I chatty  : uid=1000(system) PowerManagerSer expire 6 lines
08-29 16:33:24.696  1335  1525 I chatty  : uid=1000(system) InputDispatcher expire 10 lines
08-29 16:33:24.747  2382  2382 W HwApsManager: HwApsManagerService, registerCallback, start !
08-29 16:33:24.762  1335  2395 I chatty  : uid=1000(system) Binder:1335_F expire 9 lines
08-29 16:33:24.825  1335  1392 I chatty  : uid=1000(system) HwGameAssistant expire 2 lines
08-29 16:33:24.827  1335  1520 I chatty  : uid=1000(system) sManagerService expire 3 lines
08-29 16:33:24.829  3759  3759 D RtgSched: resetRtgSchedHandle failed enable:1
08-29 16:33:24.829  1335  2645 I chatty  : uid=1000(system) android.fg expire 12 lines
08-29 16:33:24.840  1335  1378 I chatty  : uid=1000(system) android.ui expire 4 lines
08-29 16:33:24.862  1335  1391 I chatty  : uid=1000(system) HwActivityTaskM expire 4 lines
08-29 16:33:24.866  2382  2382 D RtgSched: resetRtgSchedHandle failed enable:0
08-29 16:33:24.911  3759  3759 D ActivityThread: Won't deliver top position change in state=5
08-29 16:33:24.948  1695 18936 I HwCommandQueue: updateBarBgColor
08-29 16:33:24.948  1695 18936 D HwCommandQueue: CommandQueue, setBarBackgroundColor
08-29 16:33:25.037  3759  3759 I ActivityManager_activity: Reporting idle of ActivityRecord{d7313a6 token=android.os.BinderProxy@b578892 {com.zjlMapDemo/crc646aea13ba4f9812b9.MainActivity}} finished=false
08-29 16:33:25.058  2382  2382 D ActivityThread: Remove activity client record, r= ActivityRecord{4845991 token=android.os.BinderProxy@b4f64a5 {com.android.permissioncontroller/com.android.packageinstaller.permission.ui.GrantPermissionsActivity}} token= android.os.BinderProxy@b4f64a5
08-29 16:33:25.338  1335  1380 I chatty  : uid=1000(system) android.display expire 1 line
08-29 16:33:25.345  1335  1335 I chatty  : uid=1000 system_server expire 2 lines
08-29 16:33:25.379  3759  3759 D ActivityThread: Remove activity client record, r= ActivityRecord{fdc4573 token=android.os.BinderProxy@a74a78a {com.zjlMapDemo/com.huawei.hms.activity.BridgeActivity}} token= android.os.BinderProxy@a74a78a
08-29 16:33:25.395  1335  1394 I chatty  : uid=1000(system) android.bg expire 7 lines
08-29 16:33:26.180  1335  1384 I chatty  : uid=1000(system) monitor thread expire 3 lines
08-29 16:33:28.442  1335  3247 I chatty  : uid=1000(system) LazyTaskWriterT expire 1 line
08-29 16:33:32.211  1335  1516 I chatty  : uid=1000(system) AlarmManager expire 2 lines
08-29 16:33:32.361  1335  1410 I chatty  : uid=1000(system) BackLightMonito expire 1 line
08-29 16:33:35.657  3759  3759 W HwApsManager: HwApsManagerService, registerCallback, start !
08-29 16:33:35.659  1335  2126 I chatty  : uid=1000(system) Binder:1335_C expire 8 lines
08-29 16:33:35.918  1335  1381 I chatty  : uid=1000(system) android.anim expire 26 lines
08-29 16:33:37.770  1335  5490 I chatty  : uid=1000(system) Binder:1335_1D expire 6 lines
08-29 16:33:37.951  1335  1975 I chatty  : uid=1000(system) Binder:1335_A expire 25 lines
08-29 16:33:39.169  1335  2395 I chatty  : uid=1000(system) Binder:1335_F expire 52 lines
08-29 16:33:39.172  1335  1391 I chatty  : uid=1000(system) HwActivityTaskM expire 6 lines
08-29 16:33:39.178  1335  5826 I chatty  : uid=1000(system) Binder:1335_20 expire 4 lines
08-29 16:33:39.188  2202  2202 D ActivityThread: Won't deliver top position change in state=5
08-29 16:33:39.190  1335  1380 I chatty  : uid=1000(system) android.display expire 8 lines
08-29 16:33:39.203  1335  5490 I chatty  : uid=1000(system) Binder:1335_1D expire 9 lines
08-29 16:33:39.204  2022  2171 I SmartDualCardConfig: getAppType,pkgName=com.android.packageinstaller,appType=255
08-29 16:33:39.204  2022  2171 E SmartDualCardConfig: isAppInBlackList false,items==null
08-29 16:33:39.204  2022  2171 I SmartDualCardConfig: isAppInWhiteList false,uid=10120
08-29 16:33:39.218  1335  2645 I chatty  : uid=1000(system) android.fg expire 9 lines
08-29 16:33:39.219  1335  1520 I chatty  : uid=1000(system) sManagerService expire 5 lines
08-29 16:33:39.221  3759  3759 D RtgSched: resetRtgSchedHandle failed enable:0
08-29 16:33:39.225  1335  1378 I chatty  : uid=1000(system) android.ui expire 8 lines
08-29 16:33:39.242  1335  1966 I chatty  : uid=1000(system) Binder:1335_9 expire 13 lines
08-29 16:33:39.248  1695 22248 I HwCommandQueue: updateBarBgColor
08-29 16:33:39.248  1695 22248 D HwCommandQueue: CommandQueue, setBarBackgroundColor
08-29 16:33:39.255  1335  5489 I chatty  : uid=1000(system) Binder:1335_1C expire 8 lines
08-29 16:33:39.257  1335  1381 I chatty  : uid=1000(system) android.anim expire 65 lines
08-29 16:33:39.257  2202  2202 D RtgSched: resetRtgSchedHandle failed enable:1
08-29 16:33:39.297  2122  2350 I HwNetworkPolicyManager: getHwUidPolicy uid = 10120 policy = 0
08-29 16:33:39.318  2202  2202 I ActivityManager_activity: Reporting idle of ActivityRecord{b01b52c token=android.os.BinderProxy@fd197c9 {com.android.packageinstaller/com.android.packageinstaller.InstallSuccess}} finished=false
08-29 16:33:39.670  1335  1335 I chatty  : uid=1000 system_server expire 2 lines
08-29 16:33:39.672  2022  2171 I SmartDualCardConfig: getAppType,pkgName=com.zjlMapDemo,appType=-1
08-29 16:33:39.672  2022  2171 E SmartDualCardConfig: isAppInBlackList false,items==null
08-29 16:33:39.672  2022  2171 I SmartDualCardConfig: isAppInWhiteList false,uid=10143
08-29 16:33:39.870  3759  3759 E AndroidRuntime: FATAL EXCEPTION: main
08-29 16:33:39.870  3759  3759 E AndroidRuntime: Process: com.zjlMapDemo, PID: 3759
08-29 16:33:39.870  3759  3759 E AndroidRuntime: java.lang.RuntimeException: Unable to destroy activity {com.zjlMapDemo/crc646aea13ba4f9812b9.MainActivity}: java.lang.NullPointerException: Attempt to invoke virtual method 'android.app.LoaderManagerImpl android.app.FragmentHostCallback.getLoaderManager(java.lang.String, boolean, boolean)' on a null object reference
08-29 16:33:39.870  3759  3759 E AndroidRuntime: 	at android.app.ActivityThread.performDestroyActivity(ActivityThread.java:5653)
08-29 16:33:39.870  3759  3759 E AndroidRuntime: 	at android.app.ActivityThread.handleDestroyActivity(ActivityThread.java:5683)
08-29 16:33:39.870  3759  3759 E AndroidRuntime: 	at android.app.servertransaction.DestroyActivityItem.execute(DestroyActivityItem.java:44)
08-29 16:33:39.870  3759  3759 E AndroidRuntime: 	at android.app.servertransaction.TransactionExecutor.executeLifecycleState(TransactionExecutor.java:190)
08-29 16:33:39.870  3759  3759 E AndroidRuntime: 	at android.app.servertransaction.TransactionExecutor.execute(TransactionExecutor.java:105)
08-29 16:33:39.870  3759  3759 E AndroidRuntime: 	at android.app.ActivityThread$H.handleMessage(ActivityThread.java:2450)
08-29 16:33:39.870  3759  3759 E AndroidRuntime: 	at android.os.Handler.dispatchMessage(Handler.java:110)
08-29 16:33:39.870  3759  3759 E AndroidRuntime: 	at android.os.Looper.loop(Looper.java:219)
08-29 16:33:39.870  3759  3759 E AndroidRuntime: 	at android.app.ActivityThread.main(ActivityThread.java:8293)
08-29 16:33:39.870  3759  3759 E AndroidRuntime: 	at java.lang.reflect.Method.invoke(Native Method)
08-29 16:33:39.870  3759  3759 E AndroidRuntime: 	at com.android.internal.os.RuntimeInit$MethodAndArgsCaller.run(RuntimeInit.java:513)
08-29 16:33:39.870  3759  3759 E AndroidRuntime: 	at com.android.internal.os.ZygoteInit.main(ZygoteInit.java:1055)
08-29 16:33:39.870  3759  3759 E AndroidRuntime: Caused by: java.lang.NullPointerException: Attempt to invoke virtual method 'android.app.LoaderManagerImpl android.app.FragmentHostCallback.getLoaderManager(java.lang.String, boolean, boolean)' on a null object reference
08-29 16:33:39.870  3759  3759 E AndroidRuntime: 	at android.app.Fragment.onDestroy(Fragment.java:1817)
08-29 16:33:39.870  3759  3759 E AndroidRuntime: 	at com.huawei.hms.maps.MapFragment.onDestroy(MapFragment.java:124)
08-29 16:33:39.870  3759  3759 E AndroidRuntime: 	at crc646aea13ba4f9812b9.MainActivity.n_onDestroy(Native Method)
08-29 16:33:39.870  3759  3759 E AndroidRuntime: 	at crc646aea13ba4f9812b9.MainActivity.onDestroy(MainActivity.java:69)
08-29 16:33:39.870  3759  3759 E AndroidRuntime: 	at android.app.Activity.performDestroy(Activity.java:8349)
08-29 16:33:39.870  3759  3759 E AndroidRuntime: 	at android.app.Instrumentation.callActivityOnDestroy(Instrumentation.java:1355)
08-29 16:33:39.870  3759  3759 E AndroidRuntime: 	at android.app.ActivityThread.performDestroyActivity(ActivityThread.java:5638)
08-29 16:33:39.870  3759  3759 E AndroidRuntime: 	... 11 more
08-29 16:33:39.870  1335  4000 I chatty  : uid=1000 system_server expire 1 line
08-29 16:33:39.882  1335  4003 I chatty  : uid=1000 system_server expire 1 line
08-29 16:33:39.885  1335  1377 I chatty  : uid=1000(system) android.fg expire 2 lines
08-29 16:33:40.021  1335  1525 I chatty  : uid=1000(system) InputDispatcher expire 9 lines
08-29 16:33:40.035  1335  2126 I chatty  : uid=1000(system) Binder:1335_C expire 11 lines
08-29 16:33:40.390  1335  1392 I chatty  : uid=1000(system) HwGameAssistant expire 1 line
08-29 16:33:40.391  1335  5493 I chatty  : uid=1000(system) Binder:1335_1F expire 3 lines
08-29 16:33:40.434  1335  2366 I chatty  : uid=1000(system) Binder:1335_D expire 1 line
08-29 16:33:40.445  1335  4493 I chatty  : uid=1000(system) Binder:1335_1B expire 4 lines
08-29 16:33:40.454  3615  3615 D ActivityThread: Won't deliver top position change in state=5
08-29 16:33:40.524  2022  2171 I SmartDualCardConfig: getAppType,pkgName=com.huawei.android.launcher,appType=28
08-29 16:33:40.524  2022  2171 E SmartDualCardConfig: isAppInBlackList false,items==null
08-29 16:33:40.524  2022  2171 I SmartDualCardConfig: isAppInWhiteList false,uid=10064
08-29 16:33:40.552  2202  2202 D RtgSched: resetRtgSchedHandle failed enable:0
08-29 16:33:40.581  2122  2350 I HwNetworkPolicyManager: getHwUidPolicy uid = 10064 policy = 0
08-29 16:33:40.589  1335  1582 I chatty  : uid=1000(system) Binder:1335_4 expire 55 lines
08-29 16:33:40.638  1695 18936 I HwCommandQueue: updateBarBgColor
08-29 16:33:40.638  1695 18936 D HwCommandQueue: CommandQueue, setBarBackgroundColor
08-29 16:33:40.697  1335  1378 I chatty  : uid=1000(system) android.ui expire 7 lines
08-29 16:33:40.697  1335  1381 I chatty  : uid=1000(system) android.anim expire 49 lines
08-29 16:33:40.728  1335  1391 I chatty  : uid=1000(system) HwActivityTaskM expire 5 lines
08-29 16:33:40.730  1335  1380 I chatty  : uid=1000(system) android.display expire 8 lines
08-29 16:33:40.739  3615  3615 D RtgSched: resetRtgSchedHandle failed enable:1
08-29 16:33:40.749  1335  2126 I chatty  : uid=1000(system) Binder:1335_C expire 44 lines
08-29 16:33:40.820  1335  5493 I chatty  : uid=1000(system) Binder:1335_1F expire 15 lines
08-29 16:33:40.836  3615  3615 I ActivityManager_activity: Reporting idle of ActivityRecord{2ccbe65 token=android.os.BinderProxy@eced0bd {com.huawei.android.launcher/com.huawei.android.launcher.unihome.UniHomeLauncher}} finished=false
08-29 16:33:40.904  1335  1398 I chatty  : uid=1000(system) ActivityManager expire 1 line
08-29 16:33:40.908  1335  1855 I chatty  : uid=1000(system) MultiTaskManage expire 1 line
08-29 16:33:40.928  1335  1335 I chatty  : uid=1000 system_server expire 3 lines
08-29 16:33:41.009  1335  2645 I chatty  : uid=1000(system) android.fg expire 3 lines
08-29 16:33:41.046  4028  4028 D ActivityThread: Attach thread to application
08-29 16:33:41.065  1335  1392 I chatty  : uid=1000(system) HwGameAssistant expire 3 lines
08-29 16:33:41.067  1335  4493 I chatty  : uid=1000(system) Binder:1335_1B expire 16 lines
08-29 16:33:41.123  1335  1520 I chatty  : uid=1000(system) sManagerService expire 3 lines
08-29 16:33:41.125  3615  3615 D RtgSched: resetRtgSchedHandle failed enable:0
08-29 16:33:41.152  1335  1377 I chatty  : uid=1000(system) android.fg expire 1 line
08-29 16:33:41.172  2122  2350 I HwNetworkPolicyManager: getHwUidPolicy uid = 10143 policy = 0
08-29 16:33:41.181  1335  3247 I chatty  : uid=1000(system) LazyTaskWriterT expire 1 line
08-29 16:33:41.763  4028  4028 V ActivityThread: callActivityOnCreate
08-29 16:33:43.368  4028  4028 D ActivityThread: add activity client record, r= ActivityRecord{d6a74d2 token=android.os.BinderProxy@b578892 {com.zjlMapDemo/crc646aea13ba4f9812b9.MainActivity}} token= android.os.BinderProxy@b578892
08-29 16:33:43.405  4028  4028 D RtgSched: resetRtgSchedHandle failed enable:1
08-29 16:33:43.410  2022  2171 I SmartDualCardConfig: getAppType,pkgName=com.zjlMapDemo,appType=-1
08-29 16:33:43.410  2022  2171 E SmartDualCardConfig: isAppInBlackList false,items==null
08-29 16:33:43.410  2022  2171 I SmartDualCardConfig: isAppInWhiteList false,uid=10143
08-29 16:33:43.421  1335  1966 I chatty  : uid=1000(system) Binder:1335_9 expire 2 lines
08-29 16:33:43.426  1335  2366 I chatty  : uid=1000(system) Binder:1335_D expire 1 line
08-29 16:33:43.438  2382  2382 V ActivityThread: callActivityOnCreate
08-29 16:33:43.457  2202  2202 D ActivityThread: Remove activity client record, r= ActivityRecord{b01b52c token=android.os.BinderProxy@fd197c9 {com.android.packageinstaller/com.android.packageinstaller.InstallSuccess}} token= android.os.BinderProxy@fd197c9
08-29 16:33:43.471  1335  2395 I chatty  : uid=1000(system) Binder:1335_F expire 36 lines
08-29 16:33:43.499  2122  2350 I HwNetworkPolicyManager: getHwUidPolicy uid = 10032 policy = 0
08-29 16:33:43.524  2022  2171 I SmartDualCardConfig: getAppType,pkgName=com.android.packageinstaller,appType=255
08-29 16:33:43.524  2022  2171 E SmartDualCardConfig: isAppInBlackList false,items==null
08-29 16:33:43.524  2022  2171 I SmartDualCardConfig: isAppInWhiteList false,uid=10120
08-29 16:33:43.525  2022  2171 I SmartDualCardConfig: getAppType,pkgName=com.huawei.android.launcher,appType=28
08-29 16:33:43.525  2022  2171 E SmartDualCardConfig: isAppInBlackList false,items==null
08-29 16:33:43.525  2022  2171 I SmartDualCardConfig: isAppInWhiteList false,uid=10064
08-29 16:33:43.584  4028  4028 D RtgSched: resetRtgSchedHandle failed enable:1
08-29 16:33:43.607  2382  2382 D ActivityThread: add activity client record, r= ActivityRecord{67566df token=android.os.BinderProxy@1ecb8ce {com.android.permissioncontroller/com.android.packageinstaller.permission.ui.GrantPermissionsActivity}} token= android.os.BinderProxy@1ecb8ce
08-29 16:33:43.607  4028  4028 V ActivityThread: callActivityOnCreate
08-29 16:33:43.610  2382  2382 D ActivityThread: Won't deliver top position change in state=1
08-29 16:33:43.611  2382  2382 D ActivityThread: Won't deliver top position change in state=1
08-29 16:33:43.620  1335  2126 I chatty  : uid=1000(system) Binder:1335_C expire 52 lines
08-29 16:33:43.623  1335  5493 I chatty  : uid=1000(system) Binder:1335_1F expire 4 lines
08-29 16:33:43.639  1335  1391 I chatty  : uid=1000(system) HwActivityTaskM expire 7 lines
08-29 16:33:43.693  4028  4028 D ActivityThread: add activity client record, r= ActivityRecord{f6da3ef token=android.os.BinderProxy@6ca80f6 {com.zjlMapDemo/com.huawei.hms.activity.BridgeActivity}} token= android.os.BinderProxy@6ca80f6
08-29 16:33:43.732  1335  2645 I chatty  : uid=1000(system) android.fg expire 15 lines
08-29 16:33:43.734  1335  1378 I chatty  : uid=1000(system) android.ui expire 10 lines
08-29 16:33:43.767  1335  1381 I chatty  : uid=1000(system) android.anim expire 49 lines
08-29 16:33:43.807  1335  1392 I chatty  : uid=1000(system) HwGameAssistant expire 2 lines
08-29 16:33:43.824  1335  4493 I chatty  : uid=1000(system) Binder:1335_1B expire 16 lines
08-29 16:33:43.830  3858  3858 V ActivityThread: callActivityOnCreate
08-29 16:33:43.851  4028  4028 I ActivityManager_activity: Reporting idle of ActivityRecord{f6da3ef token=android.os.BinderProxy@6ca80f6 {com.zjlMapDemo/com.huawei.hms.activity.BridgeActivity}} finished=false
08-29 16:33:43.856  4028  4028 I ActivityManager_activity: Reporting idle of ActivityRecord{d6a74d2 token=android.os.BinderProxy@b578892 {com.zjlMapDemo/crc646aea13ba4f9812b9.MainActivity}} finished=false
08-29 16:33:43.873  1335  2366 I chatty  : uid=1000(system) Binder:1335_D expire 29 lines
08-29 16:33:43.876  2122  2350 I HwNetworkPolicyManager: getHwUidPolicy uid = 10059 policy = 0
08-29 16:33:43.877  2382  2382 D ActivityThread: Remove activity client record, r= ActivityRecord{67566df token=android.os.BinderProxy@1ecb8ce {com.android.permissioncontroller/com.android.packageinstaller.permission.ui.GrantPermissionsActivity}} token= android.os.BinderProxy@1ecb8ce
08-29 16:33:43.879  1335  1582 I chatty  : uid=1000(system) Binder:1335_4 expire 25 lines
08-29 16:33:43.931  1335  1520 I chatty  : uid=1000(system) sManagerService expire 4 lines
08-29 16:33:43.932  4028  4028 D RtgSched: resetRtgSchedHandle failed enable:0
08-29 16:33:43.950  3858  3858 D ActivityThread: add activity client record, r= ActivityRecord{762a300 token=android.os.BinderProxy@e514979 {com.huawei.hwid/com.huawei.hms.fwksdk.stub.UpdateStubActivity}} token= android.os.BinderProxy@e514979
08-29 16:33:43.997  2022  2171 I SmartDualCardConfig: getAppType,pkgName=com.huawei.hwid,appType=255
08-29 16:33:43.997  2022  2171 E SmartDualCardConfig: isAppInBlackList false,items==null
08-29 16:33:43.997  2022  2171 I SmartDualCardConfig: isAppInWhiteList false,uid=10059
08-29 16:33:44.025  1335  1407 I chatty  : uid=1000(system) PowerManagerSer expire 2 lines
08-29 16:33:44.025  1335  1410 I chatty  : uid=1000(system) BackLightMonito expire 1 line
08-29 16:33:44.093  3858  3858 D RtgSched: resetRtgSchedHandle failed enable:1
08-29 16:33:44.136  3858  3858 I ActivityManager_activity: Reporting idle of ActivityRecord{762a300 token=android.os.BinderProxy@e514979 {com.huawei.hwid/com.huawei.hms.fwksdk.stub.UpdateStubActivity}} finished=false
08-29 16:33:44.181  1335  1384 I chatty  : uid=1000(system) monitor thread expire 1 line
08-29 16:33:44.325  1335  1335 I chatty  : uid=1000 system_server expire 1 line
08-29 16:33:45.509  1335  1525 I chatty  : uid=1000(system) InputDispatcher expire 2 lines
08-29 16:33:46.229  1335  4478 I chatty  : uid=1000(system) MobileQosDetect expire 3 lines
08-29 16:33:47.254  4028  4028 D ActivityThread: Won't deliver top position change in state=4
08-29 16:33:47.264  4028  4028 D RtgSched: resetRtgSchedHandle failed enable:1
08-29 16:33:47.299  3858  3858 D RtgSched: resetRtgSchedHandle failed enable:0
08-29 16:33:47.340  4028  4028 D ActivityThread: Won't deliver top position change in state=4
08-29 16:33:47.350  1335  1582 I chatty  : uid=1000(system) Binder:1335_4 expire 25 lines
08-29 16:33:47.357  1335  1391 I chatty  : uid=1000(system) HwActivityTaskM expire 4 lines
08-29 16:33:47.359  4028  4028 D ActivityThread: Won't deliver top position change in state=5
08-29 16:33:47.381  1335  2126 I chatty  : uid=1000(system) Binder:1335_C expire 16 lines
08-29 16:33:47.392  1335  2645 I chatty  : uid=1000(system) android.fg expire 9 lines
08-29 16:33:47.396  1695 22248 I HwCommandQueue: updateBarBgColor
08-29 16:33:47.397  1695 22248 D HwCommandQueue: CommandQueue, setBarBackgroundColor
08-29 16:33:47.400  1335  1378 I chatty  : uid=1000(system) android.ui expire 34 lines
08-29 16:33:47.410  1335  3247 I chatty  : uid=1000(system) LazyTaskWriterT expire 2 lines
08-29 16:33:47.437  1335  1381 I chatty  : uid=1000(system) android.anim expire 68 lines
08-29 16:33:47.470  4028  4028 I ActivityManager_activity: Reporting idle of ActivityRecord{d6a74d2 token=android.os.BinderProxy@b578892 {com.zjlMapDemo/crc646aea13ba4f9812b9.MainActivity}} finished=false
08-29 16:33:47.500  2022  2171 I SmartDualCardConfig: getAppType,pkgName=com.huawei.hwid,appType=255
08-29 16:33:47.500  2022  2171 E SmartDualCardConfig: isAppInBlackList false,items==null
08-29 16:33:47.500  2022  2171 I SmartDualCardConfig: isAppInWhiteList false,uid=10059
08-29 16:33:47.520  3858  3858 D ActivityThread: Remove activity client record, r= ActivityRecord{762a300 token=android.os.BinderProxy@e514979 {com.huawei.hwid/com.huawei.hms.fwksdk.stub.UpdateStubActivity}} token= android.os.BinderProxy@e514979
08-29 16:33:47.527  1335  2395 I chatty  : uid=1000(system) Binder:1335_F expire 12 lines
08-29 16:33:47.781  1335  1335 I chatty  : uid=1000 system_server expire 5 lines
08-29 16:33:47.802  1335  1380 I chatty  : uid=1000(system) android.display expire 6 lines
08-29 16:33:47.844  4028  4028 D ActivityThread: Remove activity client record, r= ActivityRecord{f6da3ef token=android.os.BinderProxy@6ca80f6 {com.zjlMapDemo/com.huawei.hms.activity.BridgeActivity}} token= android.os.BinderProxy@6ca80f6
08-29 16:33:48.693  1335  1407 I chatty  : uid=1000(system) PowerManagerSer expire 4 lines
08-29 16:33:50.182  1335  1384 I chatty  : uid=1000(system) monitor thread expire 2 lines
08-29 16:33:54.187  1335  1525 I chatty  : uid=1000(system) InputDispatcher expire 9 lines
08-29 16:33:54.331  1335  1392 I chatty  : uid=1000(system) HwGameAssistant expire 1 line
08-29 16:33:54.334  1335  5493 I chatty  : uid=1000(system) Binder:1335_1F expire 4 lines
08-29 16:33:54.344  1335  4493 I chatty  : uid=1000(system) Binder:1335_1B expire 32 lines
08-29 16:33:54.362  1335  1966 I chatty  : uid=1000(system) Binder:1335_9 expire 6 lines
08-29 16:33:54.395  2022  2171 I SmartDualCardConfig: getAppType,pkgName=com.huawei.android.launcher,appType=28
08-29 16:33:54.395  2022  2171 E SmartDualCardConfig: isAppInBlackList false,items==null
08-29 16:33:54.395  2022  2171 I SmartDualCardConfig: isAppInWhiteList false,uid=10064
08-29 16:33:54.404  2122  2350 I HwNetworkPolicyManager: getHwUidPolicy uid = 10064 policy = 0
08-29 16:33:54.409  1335  1520 I chatty  : uid=1000(system) sManagerService expire 5 lines
08-29 16:33:54.410  4028  4028 D RtgSched: resetRtgSchedHandle failed enable:0
08-29 16:33:54.450  3615  3615 D RtgSched: resetRtgSchedHandle failed enable:1
08-29 16:33:54.480  1695 22248 I HwCommandQueue: updateBarBgColor
08-29 16:33:54.480  1695 22248 D HwCommandQueue: CommandQueue, setBarBackgroundColor
08-29 16:33:54.517  3615  3615 I ActivityManager_activity: Reporting idle of ActivityRecord{2ccbe65 token=android.os.BinderProxy@eced0bd {com.huawei.android.launcher/com.huawei.android.launcher.unihome.UniHomeLauncher}} finished=false
08-29 16:33:54.866  2022  2171 I SmartDualCardConfig: getAppType,pkgName=com.zjlMapDemo,appType=-1
08-29 16:33:54.867  2022  2171 E SmartDualCardConfig: isAppInBlackList false,items==null
08-29 16:33:54.867  2022  2171 I SmartDualCardConfig: isAppInWhiteList false,uid=10143
08-29 16:33:57.752  1335  4493 I chatty  : uid=1000(system) Binder:1335_1B expire 25 lines
08-29 16:33:57.762  1335  1391 I chatty  : uid=1000(system) HwActivityTaskM expire 6 lines
08-29 16:33:57.774  1335  1381 I chatty  : uid=1000(system) android.anim expire 54 lines
08-29 16:33:57.783  1335  2645 I chatty  : uid=1000(system) android.fg expire 6 lines
08-29 16:33:57.784  1335  1392 I chatty  : uid=1000(system) HwGameAssistant expire 1 line
08-29 16:33:57.799  1335  2396 I chatty  : uid=1000(system) Binder:1335_10 expire 25 lines
08-29 16:33:57.802  1335  2126 I chatty  : uid=1000(system) Binder:1335_C expire 4 lines
08-29 16:33:57.807  3615  3615 D RtgSched: resetRtgSchedHandle failed enable:0
08-29 16:33:57.815 28375 28375 V ActivityThread: callActivityOnCreate
08-29 16:33:57.815  1335  2395 I chatty  : uid=1000(system) Binder:1335_F expire 14 lines
08-29 16:33:57.818  1335  1378 I chatty  : uid=1000(system) android.ui expire 4 lines
08-29 16:33:57.826  1335  1380 I chatty  : uid=1000(system) android.display expire 2 lines
08-29 16:33:57.830  1335  5493 I chatty  : uid=1000(system) Binder:1335_1F expire 66 lines
08-29 16:33:57.883  1335  1377 I chatty  : uid=1000(system) android.fg expire 1 line
08-29 16:33:57.893  2122  2350 I HwNetworkPolicyManager: getHwUidPolicy uid = 10021 policy = 0
08-29 16:33:57.944  1335  2366 I chatty  : uid=1000(system) Binder:1335_D expire 1 line
08-29 16:33:58.013 28375 28375 D ActivityThread: add activity client record, r= ActivityRecord{cf2116a token=android.os.BinderProxy@a143850 {com.huawei.appmarket/com.huawei.appmarket.MainActivity}} token= android.os.BinderProxy@a143850
08-29 16:33:58.019 28375 28375 D ActivityThread: Won't deliver top position change in state=1
08-29 16:33:58.021 28375 28375 D RtgSched: resetRtgSchedHandle failed enable:1
08-29 16:33:58.022 28375 28375 D ActivityThread: Won't deliver top position change in state=1
08-29 16:33:58.039  2022  2171 I SmartDualCardConfig: getAppType,pkgName=com.huawei.appmarket,appType=31
08-29 16:33:58.039  2022  2171 E SmartDualCardConfig: isAppInBlackList false,items==null
08-29 16:33:58.039  2022  2171 I SmartDualCardConfig: isAppInWhiteList false,uid=10021
08-29 16:33:58.113 28375 28375 V ActivityThread: callActivityOnCreate
08-29 16:33:58.173 28375 28375 D ActivityThread: add activity client record, r= ActivityRecord{c36b304 token=android.os.BinderProxy@3b64fd1 {com.huawei.appmarket/com.huawei.appmarket.MarketActivity}} token= android.os.BinderProxy@3b64fd1
08-29 16:33:58.196  1335  1582 I chatty  : uid=1000(system) Binder:1335_4 expire 22 lines
08-29 16:33:58.332  1695 23213 I HwCommandQueue: updateBarBgColor
08-29 16:33:58.332  1695 23213 D HwCommandQueue: CommandQueue, setBarBackgroundColor
08-29 16:33:58.399 28375 28375 D RtgSched: resetRtgSchedHandle failed enable:1
08-29 16:33:58.540 28375 28375 I ActivityManager_activity: Reporting idle of ActivityRecord{c36b304 token=android.os.BinderProxy@3b64fd1 {com.huawei.appmarket/com.huawei.appmarket.MarketActivity}} finished=false
08-29 16:33:58.553 28375 28375 D ActivityThread: Remove activity client record, r= ActivityRecord{cf2116a token=android.os.BinderProxy@a143850 {com.huawei.appmarket/com.huawei.appmarket.MainActivity}} token= android.os.BinderProxy@a143850
08-29 16:33:58.565  2022  2171 I SmartDualCardConfig: getAppType,pkgName=com.huawei.android.launcher,appType=28
08-29 16:33:58.565  2022  2171 E SmartDualCardConfig: isAppInBlackList false,items==null
08-29 16:33:58.565  2022  2171 I SmartDualCardConfig: isAppInWhiteList false,uid=10064
08-29 16:33:58.691  1335  1407 I chatty  : uid=1000(system) PowerManagerSer expire 2 lines
08-29 16:34:00.004  1335  1516 I chatty  : uid=1000(system) AlarmManager expire 3 lines
08-29 16:34:00.006  1335  1335 I chatty  : uid=1000 system_server expire 3 lines
08-29 16:34:00.080   774   844 I storaged: storaged_t::event: storage_info refreshed.
08-29 16:34:01.362  1335  3247 I chatty  : uid=1000(system) LazyTaskWriterT expire 2 lines
08-29 16:34:01.388  1335  2395 I chatty  : uid=1000(system) Binder:1335_F expire 37 lines
08-29 16:34:01.425  1335  2645 I chatty  : uid=1000(system) android.fg expire 12 lines
08-29 16:34:01.431  1335  1391 I chatty  : uid=1000(system) HwActivityTaskM expire 4 lines
08-29 16:34:01.431  1335  1380 I chatty  : uid=1000(system) android.display expire 4 lines
08-29 16:34:01.450 28375 28375 V ActivityThread: callActivityOnCreate
08-29 16:34:01.500 28375 28375 D ActivityThread: add activity client record, r= ActivityRecord{d95b6f2 token=android.os.BinderProxy@e737a82 {com.huawei.appmarket/com.huawei.appmarket.framework.startevents.roam.RoamActivity}} token= android.os.BinderProxy@e737a82
08-29 16:34:01.599  1335  1335 I chatty  : uid=1000 system_server expire 5 lines
08-29 16:34:01.602  1335  1582 I chatty  : uid=1000(system) Binder:1335_4 expire 2 lines
08-29 16:34:01.604  1335  2396 I chatty  : uid=1000(system) Binder:1335_10 expire 15 lines
08-29 16:34:01.638  1335  5493 I chatty  : uid=1000(system) Binder:1335_1F expire 39 lines
08-29 16:34:01.653  1695 22248 I HwCommandQueue: updateBarBgColor
08-29 16:34:01.653  1695 22248 D HwCommandQueue: CommandQueue, setBarBackgroundColor
08-29 16:34:01.654  1335  1378 I chatty  : uid=1000(system) android.ui expire 2 lines
08-29 16:34:01.695  1335  2126 I chatty  : uid=1000(system) Binder:1335_C expire 69 lines
08-29 16:34:01.698  1335  1381 I chatty  : uid=1000(system) android.anim expire 43 lines
08-29 16:34:01.732  1335  1377 I chatty  : uid=1000(system) android.fg expire 1 line
08-29 16:34:01.742 28375 28375 I ActivityManager_activity: Reporting idle of ActivityRecord{d95b6f2 token=android.os.BinderProxy@e737a82 {com.huawei.appmarket/com.huawei.appmarket.framework.startevents.roam.RoamActivity}} finished=false
08-29 16:34:02.183  1335  1384 I chatty  : uid=1000(system) monitor thread expire 2 lines
08-29 16:34:02.239  1335  4478 I chatty  : uid=1000(system) MobileQosDetect expire 2 lines
08-29 16:34:02.406  1335  1593 I chatty  : uid=1000(system) Thread-7 expire 1 line
08-29 16:34:03.024  1335  1407 I chatty  : uid=1000(system) PowerManagerSer expire 3 lines
08-29 16:34:06.728  1335  1525 I chatty  : uid=1000(system) InputDispatcher expire 5 lines
08-29 16:34:06.793 28375 28375 W HwApsManager: HwApsManagerService, registerCallback, start !
08-29 16:34:06.858 28375 28375 D ActivityThread: Won't deliver top position change in state=5
08-29 16:34:06.929  1695 18936 I HwCommandQueue: updateBarBgColor
08-29 16:34:06.929  1695 18936 D HwCommandQueue: CommandQueue, setBarBackgroundColor
08-29 16:34:07.035 28375 28375 I ActivityManager_activity: Reporting idle of ActivityRecord{c36b304 token=android.os.BinderProxy@3b64fd1 {com.huawei.appmarket/com.huawei.appmarket.MarketActivity}} finished=false
08-29 16:34:07.366 28375 28375 D ActivityThread: Remove activity client record, r= ActivityRecord{d95b6f2 token=android.os.BinderProxy@e737a82 {com.huawei.appmarket/com.huawei.appmarket.framework.startevents.roam.RoamActivity}} token= android.os.BinderProxy@e737a82
08-29 16:34:08.557  1335  2126 I chatty  : uid=1000(system) Binder:1335_C expire 6 lines
08-29 16:34:08.580  1335  5493 I chatty  : uid=1000(system) Binder:1335_1F expire 43 lines
08-29 16:34:08.584  1335  2645 I chatty  : uid=1000(system) android.fg expire 9 lines
08-29 16:34:08.589  1335  1380 I chatty  : uid=1000(system) android.display expire 3 lines
08-29 16:34:08.590  1335  1391 I chatty  : uid=1000(system) HwActivityTaskM expire 3 lines
08-29 16:34:08.599 28375 28375 V ActivityThread: callActivityOnCreate
08-29 16:34:08.662  1335  2396 I chatty  : uid=1000(system) Binder:1335_10 expire 37 lines
08-29 16:34:08.702 28375 28375 D ActivityThread: add activity client record, r= ActivityRecord{6fa8aac token=android.os.BinderProxy@4584989 {com.huawei.appmarket/com.huawei.appgallery.search.ui.BaseSearchActivity}} token= android.os.BinderProxy@4584989
08-29 16:34:08.789  1695 18936 I HwCommandQueue: updateBarBgColor
08-29 16:34:08.789  1695 18936 D HwCommandQueue: CommandQueue, setBarBackgroundColor
08-29 16:34:08.791  1335  1378 I chatty  : uid=1000(system) android.ui expire 2 lines
08-29 16:34:08.825  1335  1381 I chatty  : uid=1000(system) android.anim expire 26 lines
08-29 16:34:08.887  1335  1335 I chatty  : uid=1000 system_server expire 3 lines
08-29 16:34:09.039  1335  2366 I chatty  : uid=1000(system) Binder:1335_D expire 20 lines
08-29 16:34:09.050 28375 28375 I ActivityManager_activity: Reporting idle of ActivityRecord{6fa8aac token=android.os.BinderProxy@4584989 {com.huawei.appmarket/com.huawei.appgallery.search.ui.BaseSearchActivity}} finished=false
08-29 16:34:09.692  1335  1407 I chatty  : uid=1000(system) PowerManagerSer expire 2 lines
08-29 16:34:09.944   515  1036 E NetlinkEvent: Got a short LOCAL_QLOG_NL_EVENT message
08-29 16:34:10.251  1335  4478 I chatty  : uid=1000(system) MobileQosDetect expire 1 line
08-29 16:34:10.256  1335  4598 I chatty  : uid=1000 system_server expire 6 lines
08-29 16:34:10.657  1335  1582 I chatty  : uid=1000(system) Binder:1335_4 expire 33 lines
08-29 16:34:10.666  1335  4603 I chatty  : uid=1000 system_server expire 6 lines
08-29 16:34:10.992  1335  3247 I chatty  : uid=1000(system) LazyTaskWriterT expire 1 line
08-29 16:34:11.386  1335  4617 I chatty  : uid=1000 system_server expire 6 lines
08-29 16:34:12.446  1335  4621 I chatty  : uid=1000 system_server expire 6 lines
08-29 16:34:13.176  1335  1989 I chatty  : uid=1000(system) Binder:1335_B expire 27 lines
08-29 16:34:13.984  1335  1392 I chatty  : uid=1000(system) HwGameAssistant expire 2 lines
08-29 16:34:14.042 20679 20679 V ActivityThread: callActivityOnCreate
08-29 16:34:14.088  2122  2350 I HwNetworkPolicyManager: getHwUidPolicy uid = 10059 policy = 0
08-29 16:34:14.105  1335  2366 I chatty  : uid=1000(system) Binder:1335_D expire 32 lines
08-29 16:34:14.137  1335  1381 I chatty  : uid=1000(system) android.anim expire 43 lines
08-29 16:34:14.184  1335  1384 I chatty  : uid=1000(system) monitor thread expire 1 line
08-29 16:34:14.224 20679 20679 D ActivityThread: add activity client record, r= ActivityRecord{15ab440 token=android.os.BinderProxy@46af4b2 {com.huawei.hwid/com.huawei.hwid20.AccountCenter.JumpCenterFromSdkActivity}} token= android.os.BinderProxy@46af4b2
08-29 16:34:14.242  1335  1391 I chatty  : uid=1000(system) HwActivityTaskM expire 6 lines
08-29 16:34:14.251  2022  2171 I SmartDualCardConfig: getAppType,pkgName=com.huawei.hwid,appType=255
08-29 16:34:14.251  2022  2171 E SmartDualCardConfig: isAppInBlackList false,items==null
08-29 16:34:14.251  2022  2171 I SmartDualCardConfig: isAppInWhiteList false,uid=10059
08-29 16:34:14.252  1335  1657 I chatty  : uid=1000(system) HwAPPQoEStateMa expire 1 line
08-29 16:34:14.268  1335  2396 I chatty  : uid=1000(system) Binder:1335_10 expire 38 lines
08-29 16:34:14.284  1335  1380 I chatty  : uid=1000(system) android.display expire 7 lines
08-29 16:34:14.302  1335  2126 I chatty  : uid=1000(system) Binder:1335_C expire 9 lines
08-29 16:34:14.342 20679 20679 V ActivityThread: callActivityOnCreate
08-29 16:34:14.371  1335  1582 I chatty  : uid=1000(system) Binder:1335_4 expire 40 lines
08-29 16:34:14.550  1335  1335 I chatty  : uid=1000 system_server expire 2 lines
08-29 16:34:14.920 20679 20679 D ActivityThread: add activity client record, r= ActivityRecord{25f0804 token=android.os.BinderProxy@6954504 {com.huawei.hwid/com.huawei.hwid20.AccountCenter.CenterActivity}} token= android.os.BinderProxy@6954504
08-29 16:34:14.968  1335  2395 I chatty  : uid=1000(system) Binder:1335_F expire 7 lines
08-29 16:34:15.025  1335  1407 I chatty  : uid=1000(system) PowerManagerSer expire 2 lines
08-29 16:34:15.227  1335  1520 I chatty  : uid=1000(system) sManagerService expire 2 lines
08-29 16:34:15.228 28375 28375 D RtgSched: resetRtgSchedHandle failed enable:0
08-29 16:34:15.228  1335  2645 I chatty  : uid=1000(system) android.fg expire 6 lines
08-29 16:34:15.234  1695 22248 I HwCommandQueue: updateBarBgColor
08-29 16:34:15.234  1695 22248 D HwCommandQueue: CommandQueue, setBarBackgroundColor
08-29 16:34:15.235  1335  1378 I chatty  : uid=1000(system) android.ui expire 3 lines
08-29 16:34:15.429  1335  1989 I chatty  : uid=1000(system) Binder:1335_B expire 32 lines
08-29 16:34:15.475  1335  1525 I chatty  : uid=1000(system) InputDispatcher expire 8 lines
08-29 16:34:15.512 20679 20679 D RtgSched: resetRtgSchedHandle failed enable:1
08-29 16:34:15.644 20679 20679 I ActivityManager_activity: Reporting idle of ActivityRecord{25f0804 token=android.os.BinderProxy@6954504 {com.huawei.hwid/com.huawei.hwid20.AccountCenter.CenterActivity}} finished=false
08-29 16:34:15.644 20679 20679 I ActivityManager_activity: Reporting idle of ActivityRecord{15ab440 token=android.os.BinderProxy@46af4b2 {com.huawei.hwid/com.huawei.hwid20.AccountCenter.JumpCenterFromSdkActivity}} finished=false
08-29 16:34:15.732  2022  2171 I SmartDualCardConfig: getAppType,pkgName=com.huawei.appmarket,appType=31
08-29 16:34:15.732  2022  2171 E SmartDualCardConfig: isAppInBlackList false,items==null
08-29 16:34:15.732  2022  2171 I SmartDualCardConfig: isAppInWhiteList false,uid=10021
08-29 16:34:17.546 20679 20679 D ActivityThread: Won't deliver top position change in state=5
08-29 16:34:17.549  1335  5493 I chatty  : uid=1000(system) Binder:1335_1F expire 33 lines
08-29 16:34:17.584 20679 20679 D ActivityThread: Won't deliver top position change in state=5
08-29 16:34:17.608  1335  1381 I chatty  : uid=1000(system) android.anim expire 54 lines
08-29 16:34:17.621  1335  2396 I chatty  : uid=1000(system) Binder:1335_10 expire 39 lines
08-29 16:34:17.622  1335  1378 I chatty  : uid=1000(system) android.ui expire 5 lines
08-29 16:34:17.630 28375 28375 I ActivityThread: Handle window ActivityRecord{6fa8aac token=android.os.BinderProxy@4584989 {com.huawei.appmarket/com.huawei.appgallery.search.ui.BaseSearchActivity}} visibility: true
08-29 16:34:17.634  1335  2395 I chatty  : uid=1000(system) Binder:1335_F expire 9 lines
08-29 16:34:17.647  1335  2645 I chatty  : uid=1000(system) android.fg expire 12 lines
08-29 16:34:17.647  1335  1520 I chatty  : uid=1000(system) sManagerService expire 2 lines
08-29 16:34:17.648 20679 20679 D RtgSched: resetRtgSchedHandle failed enable:0
08-29 16:34:17.671  1695 22248 I HwCommandQueue: updateBarBgColor
08-29 16:34:17.671  1695 22248 D HwCommandQueue: CommandQueue, setBarBackgroundColor
08-29 16:34:17.673  1335  2126 I chatty  : uid=1000(system) Binder:1335_C expire 7 lines
08-29 16:34:17.692 28375 28375 D ActivityThread: Won't deliver top position change in state=2
08-29 16:34:17.706  1335  1989 I chatty  : uid=1000(system) Binder:1335_B expire 8 lines
08-29 16:34:17.706  2122  2350 I HwNetworkPolicyManager: getHwUidPolicy uid = 10021 policy = 0
08-29 16:34:17.749  1335  2366 I chatty  : uid=1000(system) Binder:1335_D expire 8 lines
08-29 16:34:17.760  1335  1391 I chatty  : uid=1000(system) HwActivityTaskM expire 3 lines
08-29 16:34:17.764 28375 28375 D RtgSched: resetRtgSchedHandle failed enable:1
08-29 16:34:17.776  1335  1657 I chatty  : uid=1000(system) HwAPPQoEStateMa expire 1 line
08-29 16:34:17.784 28375 28375 I ActivityManager_activity: Reporting idle of ActivityRecord{6fa8aac token=android.os.BinderProxy@4584989 {com.huawei.appmarket/com.huawei.appgallery.search.ui.BaseSearchActivity}} finished=false
08-29 16:34:17.785  2022  2171 I SmartDualCardConfig: getAppType,pkgName=com.huawei.appmarket,appType=31
08-29 16:34:17.785  2022  2171 E SmartDualCardConfig: isAppInBlackList false,items==null
08-29 16:34:17.785  2022  2171 I SmartDualCardConfig: isAppInWhiteList false,uid=10021
08-29 16:34:17.806 20679 20679 D ActivityThread: Remove activity client record, r= ActivityRecord{15ab440 token=android.os.BinderProxy@46af4b2 {com.huawei.hwid/com.huawei.hwid20.AccountCenter.JumpCenterFromSdkActivity}} token= android.os.BinderProxy@46af4b2
08-29 16:34:17.810  1335  3247 I chatty  : uid=1000(system) LazyTaskWriterT expire 1 line
08-29 16:34:17.980  1335  1966 I chatty  : uid=1000(system) Binder:1335_9 expire 39 lines
08-29 16:34:18.051  1335  1380 I chatty  : uid=1000(system) android.display expire 2 lines
08-29 16:34:18.111  2022  2171 I SmartDualCardConfig: getAppType,pkgName=com.huawei.hwid,appType=255
08-29 16:34:18.111  2022  2171 E SmartDualCardConfig: isAppInBlackList false,items==null
08-29 16:34:18.111  2022  2171 I SmartDualCardConfig: isAppInWhiteList false,uid=10059
08-29 16:34:18.123 20679 20679 D ActivityThread: Remove activity client record, r= ActivityRecord{25f0804 token=android.os.BinderProxy@6954504 {com.huawei.hwid/com.huawei.hwid20.AccountCenter.CenterActivity}} token= android.os.BinderProxy@6954504
08-29 16:34:18.403  1335  1525 I chatty  : uid=1000(system) InputDispatcher expire 14 lines
08-29 16:34:18.555 28375 28375 D ActivityThread: Won't deliver top position change in state=5
08-29 16:34:18.606  1695 22248 I HwCommandQueue: updateBarBgColor
08-29 16:34:18.606  1695 22248 D HwCommandQueue: CommandQueue, setBarBackgroundColor
08-29 16:34:18.685 28375 28375 I ActivityManager_activity: Reporting idle of ActivityRecord{c36b304 token=android.os.BinderProxy@3b64fd1 {com.huawei.appmarket/com.huawei.appmarket.MarketActivity}} finished=false
08-29 16:34:19.050 28375 28375 D ActivityThread: Remove activity client record, r= ActivityRecord{6fa8aac token=android.os.BinderProxy@4584989 {com.huawei.appmarket/com.huawei.appgallery.search.ui.BaseSearchActivity}} token= android.os.BinderProxy@4584989
08-29 16:34:19.068 28375 28375 E ActivityThread: Activity com.huawei.appgallery.search.ui.BaseSearchActivity has leaked IntentReceiver o.fsc$b@6d4ae92 that was originally registered here. Are you missing a call to unregisterReceiver()?
08-29 16:34:19.068 28375 28375 E ActivityThread: android.app.IntentReceiverLeaked: Activity com.huawei.appgallery.search.ui.BaseSearchActivity has leaked IntentReceiver o.fsc$b@6d4ae92 that was originally registered here. Are you missing a call to unregisterReceiver()?
08-29 16:34:19.068 28375 28375 E ActivityThread: 	at android.app.LoadedApk$ReceiverDispatcher.<init>(LoadedApk.java:1669)
08-29 16:34:19.068 28375 28375 E ActivityThread: 	at android.app.LoadedApk.getReceiverDispatcher(LoadedApk.java:1446)
08-29 16:34:19.068 28375 28375 E ActivityThread: 	at android.app.ContextImpl.registerReceiverInternal(ContextImpl.java:1614)
08-29 16:34:19.068 28375 28375 E ActivityThread: 	at android.app.ContextImpl.registerReceiver(ContextImpl.java:1587)
08-29 16:34:19.068 28375 28375 E ActivityThread: 	at android.app.ContextImpl.registerReceiver(ContextImpl.java:1575)
08-29 16:34:19.068 28375 28375 E ActivityThread: 	at android.content.ContextWrapper.registerReceiver(ContextWrapper.java:627)
08-29 16:34:19.068 28375 28375 E ActivityThread: 	at o.fri.(:138)
08-29 16:34:19.068 28375 28375 E ActivityThread: 	at o.fsc.(:190)
08-29 16:34:19.068 28375 28375 E ActivityThread: 	at o.fsc.<init>(:109)
08-29 16:34:19.068 28375 28375 E ActivityThread: 	at com.huawei.appgallery.foundation.ui.framework.fragment.AppListFragment.(:323)
08-29 16:34:19.068 28375 28375 E ActivityThread: 	at com.huawei.appgallery.search.ui.AutoCompleteFragment.(:169)
08-29 16:34:19.068 28375 28375 E ActivityThread: 	at androidx.fragment.app.Fragment.(:2600)
08-29 16:34:19.068 28375 28375 E ActivityThread: 	at o.jr.(:881)
08-29 16:34:19.068 28375 28375 E ActivityThread: 	at o.jr.(:1238)
08-29 16:34:19.068 28375 28375 E ActivityThread: 	at o.jr.(:1303)
08-29 16:34:19.068 28375 28375 E ActivityThread: 	at o.jn.(:439)
08-29 16:34:19.068 28375 28375 E ActivityThread: 	at o.jr.(:2079)
08-29 16:34:19.068 28375 28375 E ActivityThread: 	at o.jr.(:1869)
08-29 16:34:19.068 28375 28375 E ActivityThread: 	at o.jr.(:1824)
08-29 16:34:19.068 28375 28375 E ActivityThread: 	at o.jr.(:1727)
08-29 16:34:19.068 28375 28375 E ActivityThread: 	at o.jr$2.run(:150)
08-29 16:34:19.068 28375 28375 E ActivityThread: 	at android.os.Handler.handleCallback(Handler.java:900)
08-29 16:34:19.068 28375 28375 E ActivityThread: 	at android.os.Handler.dispatchMessage(Handler.java:103)
08-29 16:34:19.068 28375 28375 E ActivityThread: 	at android.os.Looper.loop(Looper.java:219)
08-29 16:34:19.068 28375 28375 E ActivityThread: 	at android.app.ActivityThread.main(ActivityThread.java:8293)
08-29 16:34:19.068 28375 28375 E ActivityThread: 	at java.lang.reflect.Method.invoke(Native Method)
08-29 16:34:19.068 28375 28375 E ActivityThread: 	at com.android.internal.os.RuntimeInit$MethodAndArgsCaller.run(RuntimeInit.java:513)
08-29 16:34:19.068 28375 28375 E ActivityThread: 	at com.android.internal.os.ZygoteInit.main(ZygoteInit.java:1055)
08-29 16:34:20.028  1335  1407 I chatty  : uid=1000(system) PowerManagerSer expire 1 line
08-29 16:34:20.105  1335  1335 I chatty  : uid=1000 system_server expire 2 lines
08-29 16:34:20.185  1335  1384 I chatty  : uid=1000(system) monitor thread expire 1 line
08-29 16:34:20.202  1335  1392 I chatty  : uid=1000(system) HwGameAssistant expire 2 lines
08-29 16:34:20.205  1335  2396 I chatty  : uid=1000(system) Binder:1335_10 expire 16 lines
08-29 16:34:20.212  1335  1582 I chatty  : uid=1000(system) Binder:1335_4 expire 3 lines
08-29 16:34:20.219  1335  2366 I chatty  : uid=1000(system) Binder:1335_D expire 2 lines
08-29 16:34:20.224  1335  5490 I chatty  : uid=1000(system) Binder:1335_1D expire 24 lines
08-29 16:34:20.238  1335  1380 I chatty  : uid=1000(system) android.display expire 7 lines
08-29 16:34:20.240  1335  1378 I chatty  : uid=1000(system) android.ui expire 16 lines
08-29 16:34:20.293  1335  1989 I chatty  : uid=1000(system) Binder:1335_B expire 10 lines
08-29 16:34:20.294  1335  1391 I chatty  : uid=1000(system) HwActivityTaskM expire 5 lines
08-29 16:34:20.305  1335  1381 I chatty  : uid=1000(system) android.anim expire 75 lines
08-29 16:34:20.316  1335  1657 I chatty  : uid=1000(system) HwAPPQoEStateMa expire 1 line
08-29 16:34:20.321  2022  2171 I SmartDualCardConfig: getAppType,pkgName=com.huawei.android.launcher,appType=28
08-29 16:34:20.321  2022  2171 E SmartDualCardConfig: isAppInBlackList false,items==null
08-29 16:34:20.321  2022  2171 I SmartDualCardConfig: isAppInWhiteList false,uid=10064
08-29 16:34:20.326  1335  2645 I chatty  : uid=1000(system) android.fg expire 9 lines
08-29 16:34:20.327  1335  1520 I chatty  : uid=1000(system) sManagerService expire 4 lines
08-29 16:34:20.338  2122  2350 I HwNetworkPolicyManager: getHwUidPolicy uid = 10064 policy = 0
08-29 16:34:20.342 28375 28375 D RtgSched: resetRtgSchedHandle failed enable:0
08-29 16:34:20.383  1695 18936 I HwCommandQueue: updateBarBgColor
08-29 16:34:20.383  1695 18936 D HwCommandQueue: CommandQueue, setBarBackgroundColor
08-29 16:34:20.395  3615  3615 D RtgSched: resetRtgSchedHandle failed enable:1
08-29 16:34:20.443  1335  4489 I chatty  : uid=1000(system) Binder:1335_17 expire 20 lines
08-29 16:34:20.654  3615  3615 I ActivityManager_activity: Reporting idle of ActivityRecord{2ccbe65 token=android.os.BinderProxy@eced0bd {com.huawei.android.launcher/com.huawei.android.launcher.unihome.UniHomeLauncher}} finished=false
08-29 16:34:20.713  1335  1525 I chatty  : uid=1000(system) InputDispatcher expire 6 lines
08-29 16:34:20.720  1335  1335 I chatty  : uid=1000 system_server expire 4 lines
08-29 16:34:20.766  1335  5493 I chatty  : uid=1000(system) Binder:1335_1F expire 18 lines
08-29 16:34:20.831  3615  3615 I ActivityManager_activity: Reporting idle of ActivityRecord{2ccbe65 token=android.os.BinderProxy@eced0bd {com.huawei.android.launcher/com.huawei.android.launcher.unihome.UniHomeLauncher}} finished=false
08-29 16:34:20.854  1335  2395 I chatty  : uid=1000(system) Binder:1335_F expire 11 lines
08-29 16:34:20.902  2022  2171 I SmartDualCardConfig: getAppType,pkgName=com.huawei.appmarket,appType=31
08-29 16:34:20.902  2022  2171 E SmartDualCardConfig: isAppInBlackList false,items==null
08-29 16:34:20.902  2022  2171 I SmartDualCardConfig: isAppInWhiteList false,uid=10021
08-29 16:34:21.745  1335  3247 I chatty  : uid=1000(system) LazyTaskWriterT expire 1 line
08-29 16:34:22.213  4028  4028 D ActivityThread: Won't deliver top position change in state=5
08-29 16:34:22.240  1335  1958 I chatty  : uid=1000(system) Binder:1335_8 expire 28 lines
08-29 16:34:22.249  2022  2171 I SmartDualCardConfig: getAppType,pkgName=com.zjlMapDemo,appType=-1
