08-29 16:34:22.249  2022  2171 E SmartDualCardConfig: isAppInBlackList false,items==null
08-29 16:34:22.249  2022  2171 I SmartDualCardConfig: isAppInWhiteList false,uid=10143
08-29 16:34:22.258  2122  2350 I HwNetworkPolicyManager: getHwUidPolicy uid = 10143 policy = 0
08-29 16:34:22.284  1695 18936 I HwCommandQueue: updateBarBgColor
08-29 16:34:22.284  1695 18936 D HwCommandQueue: CommandQueue, setBarBackgroundColor
08-29 16:34:22.286  1335  1378 I chatty  : uid=1000(system) android.ui expire 6 lines
08-29 16:34:22.286  3615  3615 D RtgSched: resetRtgSchedHandle failed enable:0
08-29 16:34:22.330  1335  2126 I chatty  : uid=1000(system) Binder:1335_C expire 8 lines
08-29 16:34:22.331  4028  4028 D RtgSched: resetRtgSchedHandle failed enable:1
08-29 16:34:22.332  1335  1381 I chatty  : uid=1000(system) android.anim expire 81 lines
08-29 16:34:22.348  4028  4028 I ActivityManager_activity: Reporting idle of ActivityRecord{d6a74d2 token=android.os.BinderProxy@b578892 {com.zjlMapDemo/crc646aea13ba4f9812b9.MainActivity}} finished=false
08-29 16:34:22.358  1335  1407 I chatty  : uid=1000(system) PowerManagerSer expire 2 lines
08-29 16:34:22.481  1335  1380 I chatty  : uid=1000(system) android.display expire 6 lines
08-29 16:34:22.525  2022  2171 I SmartDualCardConfig: getAppType,pkgName=com.huawei.android.launcher,appType=28
08-29 16:34:22.525  2022  2171 E SmartDualCardConfig: isAppInBlackList false,items==null
08-29 16:34:22.525  2022  2171 I SmartDualCardConfig: isAppInWhiteList false,uid=10064
08-29 16:34:22.528  1335  5490 I chatty  : uid=1000(system) Binder:1335_1D expire 26 lines
08-29 16:34:22.576  1335  1520 I chatty  : uid=1000(system) sManagerService expire 3 lines
08-29 16:34:22.656  1335  1335 I chatty  : uid=1000 system_server expire 3 lines
08-29 16:34:23.895  1335  1525 I chatty  : uid=1000(system) InputDispatcher expire 21 lines
08-29 16:34:23.937  4028  4028 W HwApsManager: HwApsManagerService, registerCallback, start !
08-29 16:34:24.794  1335  1377 I chatty  : uid=1000(system) android.fg expire 3 lines
08-29 16:34:25.161  1335  4489 I chatty  : uid=1000(system) Binder:1335_17 expire 23 lines
08-29 16:34:25.203  1335  3247 I chatty  : uid=1000(system) LazyTaskWriterT expire 1 line
08-29 16:34:26.187  1335  1384 I chatty  : uid=1000(system) monitor thread expire 1 line
08-29 16:34:26.266  1335  4478 I chatty  : uid=1000(system) MobileQosDetect expire 1 line
08-29 16:34:26.786  1335  1392 I chatty  : uid=1000(system) HwGameAssistant expire 1 line
08-29 16:34:26.786  1335  2645 I chatty  : uid=1000(system) android.fg expire 6 lines
08-29 16:34:26.810  1335  5493 I chatty  : uid=1000(system) Binder:1335_1F expire 11 lines
08-29 16:34:26.832  1335  1391 I chatty  : uid=1000(system) HwActivityTaskM expire 3 lines
08-29 16:34:26.845  3615  3615 D ActivityThread: Won't deliver top position change in state=5
08-29 16:34:26.886  2022  2171 I SmartDualCardConfig: getAppType,pkgName=com.huawei.android.launcher,appType=28
08-29 16:34:26.886  2022  2171 E SmartDualCardConfig: isAppInBlackList false,items==null
08-29 16:34:26.886  2022  2171 I SmartDualCardConfig: isAppInWhiteList false,uid=10064
08-29 16:34:26.903  4028  4028 D RtgSched: resetRtgSchedHandle failed enable:0
08-29 16:34:26.933  2122  2350 I HwNetworkPolicyManager: getHwUidPolicy uid = 10064 policy = 0
08-29 16:34:26.960  3615  3615 D RtgSched: resetRtgSchedHandle failed enable:1
08-29 16:34:26.989  1695 18936 I HwCommandQueue: updateBarBgColor
08-29 16:34:26.989  1695 18936 D HwCommandQueue: CommandQueue, setBarBackgroundColor
08-29 16:34:27.091  3615  3615 I ActivityManager_activity: Reporting idle of ActivityRecord{2ccbe65 token=android.os.BinderProxy@eced0bd {com.huawei.android.launcher/com.huawei.android.launcher.unihome.UniHomeLauncher}} finished=false
08-29 16:34:27.433  2022  2171 I SmartDualCardConfig: getAppType,pkgName=com.zjlMapDemo,appType=-1
08-29 16:34:27.433  2022  2171 E SmartDualCardConfig: isAppInBlackList false,items==null
08-29 16:34:27.433  2022  2171 I SmartDualCardConfig: isAppInWhiteList false,uid=10143
08-29 16:34:27.551  1335  4829 I chatty  : uid=1000 system_server expire 1 line
08-29 16:34:27.551  4028  4028 E AndroidRuntime: FATAL EXCEPTION: main
08-29 16:34:27.551  4028  4028 E AndroidRuntime: Process: com.zjlMapDemo, PID: 4028
08-29 16:34:27.551  4028  4028 E AndroidRuntime: java.lang.RuntimeException: Unable to destroy activity {com.zjlMapDemo/crc646aea13ba4f9812b9.MainActivity}: java.lang.NullPointerException: Attempt to invoke virtual method 'android.app.LoaderManagerImpl android.app.FragmentHostCallback.getLoaderManager(java.lang.String, boolean, boolean)' on a null object reference
08-29 16:34:27.551  4028  4028 E AndroidRuntime: 	at android.app.ActivityThread.performDestroyActivity(ActivityThread.java:5653)
08-29 16:34:27.551  4028  4028 E AndroidRuntime: 	at android.app.ActivityThread.handleDestroyActivity(ActivityThread.java:5683)
08-29 16:34:27.551  4028  4028 E AndroidRuntime: 	at android.app.servertransaction.DestroyActivityItem.execute(DestroyActivityItem.java:44)
08-29 16:34:27.551  4028  4028 E AndroidRuntime: 	at android.app.servertransaction.TransactionExecutor.executeLifecycleState(TransactionExecutor.java:190)
08-29 16:34:27.551  4028  4028 E AndroidRuntime: 	at android.app.servertransaction.TransactionExecutor.execute(TransactionExecutor.java:105)
08-29 16:34:27.551  4028  4028 E AndroidRuntime: 	at android.app.ActivityThread$H.handleMessage(ActivityThread.java:2450)
08-29 16:34:27.551  4028  4028 E AndroidRuntime: 	at android.os.Handler.dispatchMessage(Handler.java:110)
08-29 16:34:27.551  4028  4028 E AndroidRuntime: 	at android.os.Looper.loop(Looper.java:219)
08-29 16:34:27.551  4028  4028 E AndroidRuntime: 	at android.app.ActivityThread.main(ActivityThread.java:8293)
08-29 16:34:27.551  4028  4028 E AndroidRuntime: 	at java.lang.reflect.Method.invoke(Native Method)
08-29 16:34:27.551  4028  4028 E AndroidRuntime: 	at com.android.internal.os.RuntimeInit$MethodAndArgsCaller.run(RuntimeInit.java:513)
08-29 16:34:27.551  4028  4028 E AndroidRuntime: 	at com.android.internal.os.ZygoteInit.main(ZygoteInit.java:1055)
08-29 16:34:27.551  4028  4028 E AndroidRuntime: Caused by: java.lang.NullPointerException: Attempt to invoke virtual method 'android.app.LoaderManagerImpl android.app.FragmentHostCallback.getLoaderManager(java.lang.String, boolean, boolean)' on a null object reference
08-29 16:34:27.551  4028  4028 E AndroidRuntime: 	at android.app.Fragment.onDestroy(Fragment.java:1817)
08-29 16:34:27.551  4028  4028 E AndroidRuntime: 	at com.huawei.hms.maps.MapFragment.onDestroy(MapFragment.java:124)
08-29 16:34:27.551  4028  4028 E AndroidRuntime: 	at crc646aea13ba4f9812b9.MainActivity.n_onDestroy(Native Method)
08-29 16:34:27.551  4028  4028 E AndroidRuntime: 	at crc646aea13ba4f9812b9.MainActivity.onDestroy(MainActivity.java:69)
08-29 16:34:27.551  4028  4028 E AndroidRuntime: 	at android.app.Activity.performDestroy(Activity.java:8349)
08-29 16:34:27.551  4028  4028 E AndroidRuntime: 	at android.app.Instrumentation.callActivityOnDestroy(Instrumentation.java:1355)
08-29 16:34:27.551  4028  4028 E AndroidRuntime: 	at android.app.ActivityThread.performDestroyActivity(ActivityThread.java:5638)
08-29 16:34:27.551  4028  4028 E AndroidRuntime: 	... 11 more
08-29 16:34:27.569  1335  4831 I chatty  : uid=1000 system_server expire 1 line
08-29 16:34:27.672  1335  2438 I chatty  : uid=1000(system) Binder:1335_11 expire 3 lines
08-29 16:34:27.692  1335  5826 I chatty  : uid=1000(system) Binder:1335_20 expire 2 lines
08-29 16:34:27.696  1335  2491 I chatty  : uid=1000(system) Binder:1335_13 expire 24 lines
08-29 16:34:27.697  1335  1378 I chatty  : uid=1000(system) android.ui expire 6 lines
08-29 16:34:27.716  1335  2438 I chatty  : uid=1000(system) Binder:1335_11 expire 48 lines
08-29 16:34:27.720  1335  1394 I chatty  : uid=1000(system) android.bg expire 1 line
08-29 16:34:27.743  1335  1380 I chatty  : uid=1000(system) android.display expire 10 lines
08-29 16:34:27.858  1335  1407 I chatty  : uid=1000(system) PowerManagerSer expire 2 lines
08-29 16:34:28.173  1335  5826 I chatty  : uid=1000(system) Binder:1335_20 expire 64 lines
08-29 16:34:28.199  1335  1391 I chatty  : uid=1000(system) HwActivityTaskM expire 6 lines
08-29 16:34:28.208  1335  1381 I chatty  : uid=1000(system) android.anim expire 45 lines
08-29 16:34:28.252  1335  2645 I chatty  : uid=1000(system) android.fg expire 3 lines
08-29 16:34:28.315  1335  1398 I chatty  : uid=1000(system) ActivityManager expire 1 line
08-29 16:34:28.320  1335  1855 I chatty  : uid=1000(system) MultiTaskManage expire 1 line
08-29 16:34:28.428  4881  4881 D ActivityThread: Attach thread to application
08-29 16:34:28.444  1335  1392 I chatty  : uid=1000(system) HwGameAssistant expire 2 lines
08-29 16:34:28.458  1335  1520 I chatty  : uid=1000(system) sManagerService expire 4 lines
08-29 16:34:28.459  3615  3615 D RtgSched: resetRtgSchedHandle failed enable:0
08-29 16:34:28.481  1335  1582 I chatty  : uid=1000(system) Binder:1335_4 expire 2 lines
08-29 16:34:28.484  1335  1377 I chatty  : uid=1000(system) android.fg expire 1 line
08-29 16:34:28.498  2122  2350 I HwNetworkPolicyManager: getHwUidPolicy uid = 10143 policy = 0
08-29 16:34:28.973  1335  1335 I chatty  : uid=1000 system_server expire 2 lines
08-29 16:34:29.038  4881  4881 V ActivityThread: callActivityOnCreate
08-29 16:34:30.102  4881  4881 D ActivityThread: add activity client record, r= ActivityRecord{d6a74d2 token=android.os.BinderProxy@b578892 {com.zjlMapDemo/crc646aea13ba4f9812b9.MainActivity}} token= android.os.BinderProxy@b578892
08-29 16:34:30.147  4881  4881 D RtgSched: resetRtgSchedHandle failed enable:1
08-29 16:34:30.148  2022  2171 I SmartDualCardConfig: getAppType,pkgName=com.zjlMapDemo,appType=-1
08-29 16:34:30.148  2022  2171 E SmartDualCardConfig: isAppInBlackList false,items==null
08-29 16:34:30.148  2022  2171 I SmartDualCardConfig: isAppInWhiteList false,uid=10143
08-29 16:34:30.150  1335  1975 I chatty  : uid=1000(system) Binder:1335_A expire 14 lines
08-29 16:34:30.168  1335  4493 I chatty  : uid=1000(system) Binder:1335_1B expire 29 lines
08-29 16:34:30.206  2382  2382 V ActivityThread: callActivityOnCreate
08-29 16:34:30.241  2122  2350 I HwNetworkPolicyManager: getHwUidPolicy uid = 10032 policy = 0
08-29 16:34:30.267  2022  2171 I SmartDualCardConfig: getAppType,pkgName=com.huawei.android.launcher,appType=28
08-29 16:34:30.267  2022  2171 E SmartDualCardConfig: isAppInBlackList false,items==null
08-29 16:34:30.267  2022  2171 I SmartDualCardConfig: isAppInWhiteList false,uid=10064
08-29 16:34:30.385  4881  4881 D RtgSched: resetRtgSchedHandle failed enable:1
08-29 16:34:30.390  2382  2382 D ActivityThread: add activity client record, r= ActivityRecord{fc1c0a9 token=android.os.BinderProxy@4ceef2c {com.android.permissioncontroller/com.android.packageinstaller.permission.ui.GrantPermissionsActivity}} token= android.os.BinderProxy@4ceef2c
08-29 16:34:30.407  2382  2382 D ActivityThread: Won't deliver top position change in state=1
08-29 16:34:30.407  2382  2382 D ActivityThread: Won't deliver top position change in state=1
08-29 16:34:30.408  4881  4881 V ActivityThread: callActivityOnCreate
08-29 16:34:30.414  1335  5826 I chatty  : uid=1000(system) Binder:1335_20 expire 23 lines
08-29 16:34:30.420  1335  1392 I chatty  : uid=1000(system) HwGameAssistant expire 3 lines
08-29 16:34:30.428  1335  1582 I chatty  : uid=1000(system) Binder:1335_4 expire 7 lines
08-29 16:34:30.453  1335  1391 I chatty  : uid=1000(system) HwActivityTaskM expire 5 lines
08-29 16:34:30.461  1335  2126 I chatty  : uid=1000(system) Binder:1335_C expire 24 lines
08-29 16:34:30.518  4881  4881 D ActivityThread: add activity client record, r= ActivityRecord{f6da3ef token=android.os.BinderProxy@6ca80f6 {com.zjlMapDemo/com.huawei.hms.activity.BridgeActivity}} token= android.os.BinderProxy@6ca80f6
08-29 16:34:30.534  1335  2438 I chatty  : uid=1000(system) Binder:1335_11 expire 39 lines
08-29 16:34:30.559  1335  2645 I chatty  : uid=1000(system) android.fg expire 12 lines
08-29 16:34:30.560  1335  1378 I chatty  : uid=1000(system) android.ui expire 9 lines
08-29 16:34:30.580  1335  1975 I chatty  : uid=1000(system) Binder:1335_A expire 13 lines
08-29 16:34:30.584  1335  1381 I chatty  : uid=1000(system) android.anim expire 49 lines
08-29 16:34:30.604  1335  1380 I chatty  : uid=1000(system) android.display expire 2 lines
08-29 16:34:30.645  3858  3858 V ActivityThread: callActivityOnCreate
08-29 16:34:30.676  4881  4881 I ActivityManager_activity: Reporting idle of ActivityRecord{f6da3ef token=android.os.BinderProxy@6ca80f6 {com.zjlMapDemo/com.huawei.hms.activity.BridgeActivity}} finished=false
08-29 16:34:30.676  4881  4881 I ActivityManager_activity: Reporting idle of ActivityRecord{d6a74d2 token=android.os.BinderProxy@b578892 {com.zjlMapDemo/crc646aea13ba4f9812b9.MainActivity}} finished=false
08-29 16:34:30.679  2122  2350 I HwNetworkPolicyManager: getHwUidPolicy uid = 10059 policy = 0
08-29 16:34:30.691  2382  2382 D ActivityThread: Remove activity client record, r= ActivityRecord{fc1c0a9 token=android.os.BinderProxy@4ceef2c {com.android.permissioncontroller/com.android.packageinstaller.permission.ui.GrantPermissionsActivity}} token= android.os.BinderProxy@4ceef2c
08-29 16:34:30.692  1335  5489 I chatty  : uid=1000(system) Binder:1335_1C expire 6 lines
08-29 16:34:30.697  1335  1520 I chatty  : uid=1000(system) sManagerService expire 5 lines
08-29 16:34:30.728  4881  4881 D RtgSched: resetRtgSchedHandle failed enable:0
08-29 16:34:30.752  3858  3858 D ActivityThread: add activity client record, r= ActivityRecord{534d1a1 token=android.os.BinderProxy@2855d06 {com.huawei.hwid/com.huawei.hms.fwksdk.stub.UpdateStubActivity}} token= android.os.BinderProxy@2855d06
08-29 16:34:30.791  2022  2171 I SmartDualCardConfig: getAppType,pkgName=com.huawei.hwid,appType=255
08-29 16:34:30.791  2022  2171 E SmartDualCardConfig: isAppInBlackList false,items==null
08-29 16:34:30.791  2022  2171 I SmartDualCardConfig: isAppInWhiteList false,uid=10059
08-29 16:34:30.881  3858  3858 D RtgSched: resetRtgSchedHandle failed enable:1
08-29 16:34:30.933  3858  3858 I ActivityManager_activity: Reporting idle of ActivityRecord{534d1a1 token=android.os.BinderProxy@2855d06 {com.huawei.hwid/com.huawei.hms.fwksdk.stub.UpdateStubActivity}} finished=false
08-29 16:34:31.137  1335  1335 I chatty  : uid=1000 system_server expire 2 lines
08-29 16:34:31.833  1335  3247 I chatty  : uid=1000(system) LazyTaskWriterT expire 1 line
08-29 16:34:32.188  1335  1384 I chatty  : uid=1000(system) monitor thread expire 1 line
08-29 16:34:32.569  1335  1525 I chatty  : uid=1000(system) InputDispatcher expire 1 line
08-29 16:34:33.525  1335  1407 I chatty  : uid=1000(system) PowerManagerSer expire 4 lines
08-29 16:34:33.740  4881  4881 D ActivityThread: Won't deliver top position change in state=4
08-29 16:34:33.743  4881  4881 D RtgSched: resetRtgSchedHandle failed enable:1
08-29 16:34:33.776  1335  4493 I chatty  : uid=1000(system) Binder:1335_1B expire 1 line
08-29 16:34:33.777  1335  1391 I chatty  : uid=1000(system) HwActivityTaskM expire 6 lines
08-29 16:34:33.777  3858  3858 D RtgSched: resetRtgSchedHandle failed enable:0
08-29 16:34:33.780  1335  1582 I chatty  : uid=1000(system) Binder:1335_4 expire 35 lines
08-29 16:34:33.794  4881  4881 D ActivityThread: Won't deliver top position change in state=4
08-29 16:34:33.802  1335  5489 I chatty  : uid=1000(system) Binder:1335_1C expire 27 lines
08-29 16:34:33.805  1335  2645 I chatty  : uid=1000(system) android.fg expire 12 lines
08-29 16:34:33.817  4881  4881 D ActivityThread: Won't deliver top position change in state=5
08-29 16:34:33.832  1335  2438 I chatty  : uid=1000(system) Binder:1335_11 expire 12 lines
08-29 16:34:33.839  1335  1380 I chatty  : uid=1000(system) android.display expire 5 lines
08-29 16:34:33.856  1335  1975 I chatty  : uid=1000(system) Binder:1335_A expire 24 lines
08-29 16:34:33.871  1695 18936 I HwCommandQueue: updateBarBgColor
08-29 16:34:33.871  1695 18936 D HwCommandQueue: CommandQueue, setBarBackgroundColor
08-29 16:34:33.872  1335  1378 I chatty  : uid=1000(system) android.ui expire 5 lines
08-29 16:34:33.905  1335  1381 I chatty  : uid=1000(system) android.anim expire 72 lines
08-29 16:34:33.951  4881  4881 I ActivityManager_activity: Reporting idle of ActivityRecord{d6a74d2 token=android.os.BinderProxy@b578892 {com.zjlMapDemo/crc646aea13ba4f9812b9.MainActivity}} finished=false
08-29 16:34:33.976  1335  1520 I chatty  : uid=1000(system) sManagerService expire 3 lines
08-29 16:34:33.981  2022  2171 I SmartDualCardConfig: getAppType,pkgName=com.huawei.hwid,appType=255
08-29 16:34:33.981  2022  2171 E SmartDualCardConfig: isAppInBlackList false,items==null
08-29 16:34:33.981  2022  2171 I SmartDualCardConfig: isAppInWhiteList false,uid=10059
08-29 16:34:33.996  3858  3858 D ActivityThread: Remove activity client record, r= ActivityRecord{534d1a1 token=android.os.BinderProxy@2855d06 {com.huawei.hwid/com.huawei.hms.fwksdk.stub.UpdateStubActivity}} token= android.os.BinderProxy@2855d06
08-29 16:34:34.274  1335  1335 I chatty  : uid=1000 system_server expire 3 lines
08-29 16:34:34.282  1335  1564 I chatty  : uid=1000(system) ClientModeImpl expire 1 line
08-29 16:34:34.317  4881  4881 D ActivityThread: Remove activity client record, r= ActivityRecord{f6da3ef token=android.os.BinderProxy@6ca80f6 {com.zjlMapDemo/com.huawei.hms.activity.BridgeActivity}} token= android.os.BinderProxy@6ca80f6
08-29 16:34:37.391  1335  3247 I chatty  : uid=1000(system) LazyTaskWriterT expire 1 line
08-29 16:34:38.189  1335  1384 I chatty  : uid=1000(system) monitor thread expire 1 line
08-29 16:34:38.289  1335  4478 I chatty  : uid=1000(system) MobileQosDetect expire 1 line
08-29 16:34:39.176  1335  1525 I chatty  : uid=1000(system) InputDispatcher expire 13 lines
08-29 16:34:39.306  1335  1392 I chatty  : uid=1000(system) HwGameAssistant expire 1 line
08-29 16:34:39.329  3615  3615 D ActivityThread: Won't deliver top position change in state=5
08-29 16:34:39.406  2022  2171 I SmartDualCardConfig: getAppType,pkgName=com.huawei.android.launcher,appType=28
08-29 16:34:39.406  2022  2171 E SmartDualCardConfig: isAppInBlackList false,items==null
08-29 16:34:39.406  2022  2171 I SmartDualCardConfig: isAppInWhiteList false,uid=10064
08-29 16:34:39.417  4881  4881 D RtgSched: resetRtgSchedHandle failed enable:0
08-29 16:34:39.456  3615  3615 D RtgSched: resetRtgSchedHandle failed enable:1
08-29 16:34:39.464  2122  2350 I HwNetworkPolicyManager: getHwUidPolicy uid = 10064 policy = 0
08-29 16:34:39.506  1695 18936 I HwCommandQueue: updateBarBgColor
08-29 16:34:39.506  1695 18936 D HwCommandQueue: CommandQueue, setBarBackgroundColor
08-29 16:34:39.540  3615  3615 I ActivityManager_activity: Reporting idle of ActivityRecord{2ccbe65 token=android.os.BinderProxy@eced0bd {com.huawei.android.launcher/com.huawei.android.launcher.unihome.UniHomeLauncher}} finished=false
08-29 16:34:39.546  1335  2491 I chatty  : uid=1000(system) Binder:1335_13 expire 12 lines
08-29 16:34:39.912  2022  2171 I SmartDualCardConfig: getAppType,pkgName=com.zjlMapDemo,appType=-1
08-29 16:34:39.913  2022  2171 E SmartDualCardConfig: isAppInBlackList false,items==null
08-29 16:34:39.913  2022  2171 I SmartDualCardConfig: isAppInWhiteList false,uid=10143
08-29 16:34:40.024  4881  4881 E AndroidRuntime: FATAL EXCEPTION: main
08-29 16:34:40.024  4881  4881 E AndroidRuntime: Process: com.zjlMapDemo, PID: 4881
08-29 16:34:40.024  4881  4881 E AndroidRuntime: java.lang.RuntimeException: Unable to destroy activity {com.zjlMapDemo/crc646aea13ba4f9812b9.MainActivity}: java.lang.NullPointerException: Attempt to invoke virtual method 'android.app.LoaderManagerImpl android.app.FragmentHostCallback.getLoaderManager(java.lang.String, boolean, boolean)' on a null object reference
08-29 16:34:40.024  4881  4881 E AndroidRuntime: 	at android.app.ActivityThread.performDestroyActivity(ActivityThread.java:5653)
08-29 16:34:40.024  4881  4881 E AndroidRuntime: 	at android.app.ActivityThread.handleDestroyActivity(ActivityThread.java:5683)
08-29 16:34:40.024  4881  4881 E AndroidRuntime: 	at android.app.servertransaction.DestroyActivityItem.execute(DestroyActivityItem.java:44)
08-29 16:34:40.024  4881  4881 E AndroidRuntime: 	at android.app.servertransaction.TransactionExecutor.executeLifecycleState(TransactionExecutor.java:190)
08-29 16:34:40.024  4881  4881 E AndroidRuntime: 	at android.app.servertransaction.TransactionExecutor.execute(TransactionExecutor.java:105)
08-29 16:34:40.024  4881  4881 E AndroidRuntime: 	at android.app.ActivityThread$H.handleMessage(ActivityThread.java:2450)
08-29 16:34:40.024  4881  4881 E AndroidRuntime: 	at android.os.Handler.dispatchMessage(Handler.java:110)
08-29 16:34:40.024  4881  4881 E AndroidRuntime: 	at android.os.Looper.loop(Looper.java:219)
08-29 16:34:40.024  4881  4881 E AndroidRuntime: 	at android.app.ActivityThread.main(ActivityThread.java:8293)
08-29 16:34:40.024  4881  4881 E AndroidRuntime: 	at java.lang.reflect.Method.invoke(Native Method)
08-29 16:34:40.024  4881  4881 E AndroidRuntime: 	at com.android.internal.os.RuntimeInit$MethodAndArgsCaller.run(RuntimeInit.java:513)
08-29 16:34:40.024  4881  4881 E AndroidRuntime: 	at com.android.internal.os.ZygoteInit.main(ZygoteInit.java:1055)
08-29 16:34:40.024  4881  4881 E AndroidRuntime: Caused by: java.lang.NullPointerException: Attempt to invoke virtual method 'android.app.LoaderManagerImpl android.app.FragmentHostCallback.getLoaderManager(java.lang.String, boolean, boolean)' on a null object reference
08-29 16:34:40.024  4881  4881 E AndroidRuntime: 	at android.app.Fragment.onDestroy(Fragment.java:1817)
08-29 16:34:40.024  4881  4881 E AndroidRuntime: 	at com.huawei.hms.maps.MapFragment.onDestroy(MapFragment.java:124)
08-29 16:34:40.024  4881  4881 E AndroidRuntime: 	at crc646aea13ba4f9812b9.MainActivity.n_onDestroy(Native Method)
08-29 16:34:40.024  4881  4881 E AndroidRuntime: 	at crc646aea13ba4f9812b9.MainActivity.onDestroy(MainActivity.java:69)
08-29 16:34:40.024  4881  4881 E AndroidRuntime: 	at android.app.Activity.performDestroy(Activity.java:8349)
08-29 16:34:40.024  4881  4881 E AndroidRuntime: 	at android.app.Instrumentation.callActivityOnDestroy(Instrumentation.java:1355)
08-29 16:34:40.024  4881  4881 E AndroidRuntime: 	at android.app.ActivityThread.performDestroyActivity(ActivityThread.java:5638)
08-29 16:34:40.024  4881  4881 E AndroidRuntime: 	... 11 more
08-29 16:34:40.024  1335  5029 I chatty  : uid=1000 system_server expire 1 line
08-29 16:34:40.033  1335  1377 I chatty  : uid=1000(system) android.fg expire 3 lines
08-29 16:34:40.040  1335  5031 I chatty  : uid=1000 system_server expire 1 line
08-29 16:34:40.041  1335  1378 I chatty  : uid=1000(system) android.ui expire 7 lines
08-29 16:34:40.057  1335  1335 I chatty  : uid=1000 system_server expire 2 lines
08-29 16:34:40.141  1335  1525 I chatty  : uid=1000(system) InputDispatcher expire 9 lines
08-29 16:34:40.157  1335  4487 I chatty  : uid=1000(system) Binder:1335_15 expire 11 lines
08-29 16:34:40.158  1335  1391 I chatty  : uid=1000(system) HwActivityTaskM expire 6 lines
08-29 16:34:40.161  1335  2438 I chatty  : uid=1000(system) Binder:1335_11 expire 32 lines
08-29 16:34:40.205  1335  1380 I chatty  : uid=1000(system) android.display expire 8 lines
08-29 16:34:40.217  1335  1394 I chatty  : uid=1000(system) android.bg expire 1 line
08-29 16:34:40.576  1335  4493 I chatty  : uid=1000(system) Binder:1335_1B expire 87 lines
08-29 16:34:40.631  1335  1381 I chatty  : uid=1000(system) android.anim expire 41 lines
08-29 16:34:40.662  1335  2645 I chatty  : uid=1000(system) android.fg expire 3 lines
08-29 16:34:40.767  1335  1398 I chatty  : uid=1000(system) ActivityManager expire 1 line
08-29 16:34:40.772  1335  1855 I chatty  : uid=1000(system) MultiTaskManage expire 1 line
08-29 16:34:40.889  5056  5056 D ActivityThread: Attach thread to application
08-29 16:34:40.907  1335  1392 I chatty  : uid=1000(system) HwGameAssistant expire 2 lines
08-29 16:34:40.921  1335  1520 I chatty  : uid=1000(system) sManagerService expire 3 lines
08-29 16:34:40.956  1335  2126 I chatty  : uid=1000(system) Binder:1335_C expire 6 lines
08-29 16:34:40.964  3615  3615 D RtgSched: resetRtgSchedHandle failed enable:0
08-29 16:34:40.984  1335  5489 I chatty  : uid=1000(system) Binder:1335_1C expire 1 line
08-29 16:34:40.985  2122  2350 I HwNetworkPolicyManager: getHwUidPolicy uid = 10143 policy = 0
08-29 16:34:41.486  5056  5056 V ActivityThread: callActivityOnCreate
08-29 16:34:41.857  1335  1407 I chatty  : uid=1000(system) PowerManagerSer expire 1 line
08-29 16:34:42.394  5056  5056 D ActivityThread: add activity client record, r= ActivityRecord{d6a74d2 token=android.os.BinderProxy@b578892 {com.zjlMapDemo/crc646aea13ba4f9812b9.MainActivity}} token= android.os.BinderProxy@b578892
08-29 16:34:42.441  5056  5056 D RtgSched: resetRtgSchedHandle failed enable:1
08-29 16:34:42.446  2022  2171 I SmartDualCardConfig: getAppType,pkgName=com.zjlMapDemo,appType=-1
08-29 16:34:42.446  2022  2171 E SmartDualCardConfig: isAppInBlackList false,items==null
08-29 16:34:42.446  2022  2171 I SmartDualCardConfig: isAppInWhiteList false,uid=10143
08-29 16:34:42.479  2382  2382 V ActivityThread: callActivityOnCreate
08-29 16:34:42.497  1335  1989 I chatty  : uid=1000(system) Binder:1335_B expire 3 lines
08-29 16:34:42.529  1335  1949 I chatty  : uid=1000(system) Binder:1335_7 expire 26 lines
08-29 16:34:42.541  2022  2171 I SmartDualCardConfig: getAppType,pkgName=com.huawei.android.launcher,appType=28
08-29 16:34:42.541  2022  2171 E SmartDualCardConfig: isAppInBlackList false,items==null
08-29 16:34:42.541  2022  2171 I SmartDualCardConfig: isAppInWhiteList false,uid=10064
08-29 16:34:42.545  2122  2350 I HwNetworkPolicyManager: getHwUidPolicy uid = 10032 policy = 0
08-29 16:34:42.621  5056  5056 D RtgSched: resetRtgSchedHandle failed enable:1
08-29 16:34:42.623  1335  1381 I chatty  : uid=1000(system) android.anim expire 66 lines
08-29 16:34:42.637  5056  5056 V ActivityThread: callActivityOnCreate
08-29 16:34:42.638  1335  2438 I chatty  : uid=1000(system) Binder:1335_11 expire 14 lines
08-29 16:34:42.647  2382  2382 D ActivityThread: add activity client record, r= ActivityRecord{caf2619 token=android.os.BinderProxy@9e8b62e {com.android.permissioncontroller/com.android.packageinstaller.permission.ui.GrantPermissionsActivity}} token= android.os.BinderProxy@9e8b62e
08-29 16:34:42.649  1335  4493 I chatty  : uid=1000(system) Binder:1335_1B expire 14 lines
08-29 16:34:42.649  1335  1391 I chatty  : uid=1000(system) HwActivityTaskM expire 8 lines
08-29 16:34:42.650  2382  2382 D ActivityThread: Won't deliver top position change in state=1
08-29 16:34:42.650  2382  2382 D ActivityThread: Won't deliver top position change in state=1
08-29 16:34:42.676  1335  1392 I chatty  : uid=1000(system) HwGameAssistant expire 2 lines
08-29 16:34:42.678  1335  2126 I chatty  : uid=1000(system) Binder:1335_C expire 2 lines
08-29 16:34:42.692  1335  1378 I chatty  : uid=1000(system) android.ui expire 7 lines
08-29 16:34:42.700  3858  3858 V ActivityThread: callActivityOnCreate
08-29 16:34:42.702  5056  5056 D ActivityThread: add activity client record, r= ActivityRecord{62af764 token=android.os.BinderProxy@6d61acc {com.zjlMapDemo/com.huawei.hms.activity.BridgeActivity}} token= android.os.BinderProxy@6d61acc
08-29 16:34:42.716  1335  5493 I chatty  : uid=1000(system) Binder:1335_1F expire 40 lines
08-29 16:34:42.720  2122  2350 I HwNetworkPolicyManager: getHwUidPolicy uid = 10059 policy = 0
08-29 16:34:42.733  1335  1989 I chatty  : uid=1000(system) Binder:1335_B expire 19 lines
08-29 16:34:42.767  1335  4487 I chatty  : uid=1000(system) Binder:1335_15 expire 9 lines
08-29 16:34:42.768  1335  1520 I chatty  : uid=1000(system) sManagerService expire 4 lines
08-29 16:34:42.768  1335  2645 I chatty  : uid=1000(system) android.fg expire 9 lines
08-29 16:34:42.782  3858  3858 D ActivityThread: add activity client record, r= ActivityRecord{24d790e token=android.os.BinderProxy@20ccb6f {com.huawei.hwid/com.huawei.hms.fwksdk.stub.UpdateStubActivity}} token= android.os.BinderProxy@20ccb6f
08-29 16:34:42.810  2022  2171 I SmartDualCardConfig: getAppType,pkgName=com.huawei.hwid,appType=255
08-29 16:34:42.811  2022  2171 E SmartDualCardConfig: isAppInBlackList false,items==null
08-29 16:34:42.811  2022  2171 I SmartDualCardConfig: isAppInWhiteList false,uid=10059
08-29 16:34:42.923  3858  3858 D RtgSched: resetRtgSchedHandle failed enable:1
08-29 16:34:42.925  5056  5056 D RtgSched: resetRtgSchedHandle failed enable:0
08-29 16:34:42.984  5056  5056 I ActivityManager_activity: Reporting idle of ActivityRecord{62af764 token=android.os.BinderProxy@6d61acc {com.zjlMapDemo/com.huawei.hms.activity.BridgeActivity}} finished=false
08-29 16:34:42.985  5056  5056 I ActivityManager_activity: Reporting idle of ActivityRecord{d6a74d2 token=android.os.BinderProxy@b578892 {com.zjlMapDemo/crc646aea13ba4f9812b9.MainActivity}} finished=false
08-29 16:34:42.995  3858  3858 I ActivityManager_activity: Reporting idle of ActivityRecord{24d790e token=android.os.BinderProxy@20ccb6f {com.huawei.hwid/com.huawei.hms.fwksdk.stub.UpdateStubActivity}} finished=false
08-29 16:34:42.997  2382  2382 D ActivityThread: Remove activity client record, r= ActivityRecord{caf2619 token=android.os.BinderProxy@9e8b62e {com.android.permissioncontroller/com.android.packageinstaller.permission.ui.GrantPermissionsActivity}} token= android.os.BinderProxy@9e8b62e
08-29 16:34:43.180  1335  1335 I chatty  : uid=1000 system_server expire 1 line
08-29 16:34:43.255  1335  1380 I chatty  : uid=1000(system) android.display expire 1 line
08-29 16:34:44.189  1335  1384 I chatty  : uid=1000(system) monitor thread expire 1 line
08-29 16:34:44.274  1335  3247 I chatty  : uid=1000(system) LazyTaskWriterT expire 1 line
08-29 16:34:44.282  1335  1516 I chatty  : uid=1000(system) AlarmManager expire 2 lines
08-29 16:34:45.026  1335  1407 I chatty  : uid=1000(system) PowerManagerSer expire 1 line
08-29 16:34:45.378  1335  1525 I chatty  : uid=1000(system) InputDispatcher expire 1 line
08-29 16:34:45.511  1335  5489 I chatty  : uid=1000(system) Binder:1335_1C expire 33 lines
08-29 16:34:45.926  5056  5056 D RtgSched: resetRtgSchedHandle failed enable:1
08-29 16:34:45.965  3858  3858 D RtgSched: resetRtgSchedHandle failed enable:0
08-29 16:34:46.026  5056  5056 D ActivityThread: Won't deliver top position change in state=5
08-29 16:34:46.062  1335  2645 I chatty  : uid=1000(system) android.fg expire 9 lines
08-29 16:34:46.063  1695 22248 I HwCommandQueue: updateBarBgColor
08-29 16:34:46.063  1695 22248 D HwCommandQueue: CommandQueue, setBarBackgroundColor
08-29 16:34:46.064  1335  1378 I chatty  : uid=1000(system) android.ui expire 3 lines
08-29 16:34:46.101  1335  1381 I chatty  : uid=1000(system) android.anim expire 40 lines
08-29 16:34:46.129  5056  5056 I ActivityManager_activity: Reporting idle of ActivityRecord{d6a74d2 token=android.os.BinderProxy@b578892 {com.zjlMapDemo/crc646aea13ba4f9812b9.MainActivity}} finished=false
08-29 16:34:46.131  1335  4487 I chatty  : uid=1000(system) Binder:1335_15 expire 12 lines
08-29 16:34:46.156  1335  1520 I chatty  : uid=1000(system) sManagerService expire 3 lines
08-29 16:34:46.164  2022  2171 I SmartDualCardConfig: getAppType,pkgName=com.huawei.hwid,appType=255
08-29 16:34:46.164  2022  2171 E SmartDualCardConfig: isAppInBlackList false,items==null
08-29 16:34:46.164  2022  2171 I SmartDualCardConfig: isAppInWhiteList false,uid=10059
08-29 16:34:46.169  3858  3858 D ActivityThread: Remove activity client record, r= ActivityRecord{24d790e token=android.os.BinderProxy@20ccb6f {com.huawei.hwid/com.huawei.hms.fwksdk.stub.UpdateStubActivity}} token= android.os.BinderProxy@20ccb6f
08-29 16:34:46.190  1335  1949 I chatty  : uid=1000(system) Binder:1335_7 expire 13 lines
08-29 16:34:46.440  1335  1335 I chatty  : uid=1000 system_server expire 2 lines
08-29 16:34:46.455  1335  1380 I chatty  : uid=1000(system) android.display expire 4 lines
08-29 16:34:46.495  5056  5056 D ActivityThread: Remove activity client record, r= ActivityRecord{62af764 token=android.os.BinderProxy@6d61acc {com.zjlMapDemo/com.huawei.hms.activity.BridgeActivity}} token= android.os.BinderProxy@6d61acc
08-29 16:34:47.193  1335  1407 I chatty  : uid=1000(system) PowerManagerSer expire 25 lines
08-29 16:34:49.573  1335  3247 I chatty  : uid=1000(system) LazyTaskWriterT expire 1 line
08-29 16:34:50.190  1335  1384 I chatty  : uid=1000(system) monitor thread expire 10 lines
08-29 16:34:50.306  1335  4478 I chatty  : uid=1000(system) MobileQosDetect expire 8 lines
08-29 16:34:54.574  1335  1516 I chatty  : uid=1000(system) AlarmManager expire 7 lines
08-29 16:35:00.082   774   844 I storaged: storaged_t::event: storage_info refreshed.
08-29 16:35:14.395  1335  5489 I chatty  : uid=1000(system) Binder:1335_1C expire 19 lines
08-29 16:35:32.364  1335  4487 I chatty  : uid=1000(system) Binder:1335_15 expire 3 lines
08-29 16:35:49.069  1335  1525 I chatty  : uid=1000(system) InputDispatcher expire 14 lines
08-29 16:35:49.196  1335  1392 I chatty  : uid=1000(system) HwGameAssistant expire 1 line
08-29 16:35:49.214  1335  4493 I chatty  : uid=1000(system) Binder:1335_1B expire 10 lines
08-29 16:35:49.218  1335  5493 I chatty  : uid=1000(system) Binder:1335_1F expire 10 lines
08-29 16:35:49.239  1335  1391 I chatty  : uid=1000(system) HwActivityTaskM expire 2 lines
08-29 16:35:49.256  3615  3615 D ActivityThread: Won't deliver top position change in state=5
08-29 16:35:49.267  1335  1381 I chatty  : uid=1000(system) android.anim expire 4 lines
08-29 16:35:49.300  2022  2171 I SmartDualCardConfig: getAppType,pkgName=com.huawei.android.launcher,appType=28
08-29 16:35:49.300  2022  2171 E SmartDualCardConfig: isAppInBlackList false,items==null
08-29 16:35:49.300  2022  2171 I SmartDualCardConfig: isAppInWhiteList false,uid=10064
08-29 16:35:49.308  5056  5056 D RtgSched: resetRtgSchedHandle failed enable:0
08-29 16:35:49.336  1335  5489 I chatty  : uid=1000(system) Binder:1335_1C expire 2 lines
08-29 16:35:49.354  1335  2126 I chatty  : uid=1000(system) Binder:1335_C expire 5 lines
08-29 16:35:49.362  1335  1949 I chatty  : uid=1000(system) Binder:1335_7 expire 40 lines
08-29 16:35:49.377  1335  5489 I chatty  : uid=1000(system) Binder:1335_1C expire 10 lines
08-29 16:35:49.377  2122  2350 I HwNetworkPolicyManager: getHwUidPolicy uid = 10064 policy = 0
08-29 16:35:49.387  1335  1391 I chatty  : uid=1000(system) HwActivityTaskM expire 6 lines
08-29 16:35:49.425  1335  1381 I chatty  : uid=1000(system) android.anim expire 64 lines
08-29 16:35:49.425  3615  3615 D RtgSched: resetRtgSchedHandle failed enable:1
08-29 16:35:49.426  1695 22248 I HwCommandQueue: updateBarBgColor
08-29 16:35:49.426  1695 22248 D HwCommandQueue: CommandQueue, setBarBackgroundColor
08-29 16:35:49.427  1335  1378 I chatty  : uid=1000(system) android.ui expire 8 lines
08-29 16:35:49.439  3615  3615 I ActivityManager_activity: Reporting idle of ActivityRecord{2ccbe65 token=android.os.BinderProxy@eced0bd {com.huawei.android.launcher/com.huawei.android.launcher.unihome.UniHomeLauncher}} finished=false
08-29 16:35:49.441  1335  4493 I chatty  : uid=1000(system) Binder:1335_1B expire 1 line
08-29 16:35:49.441  1335  4487 I chatty  : uid=1000(system) Binder:1335_15 expire 8 lines
08-29 16:35:49.605  1335  1989 I chatty  : uid=1000(system) Binder:1335_B expire 2 lines
08-29 16:35:49.732  1335  1335 I chatty  : uid=1000 system_server expire 2 lines
08-29 16:35:49.840  1335  1380 I chatty  : uid=1000(system) android.display expire 7 lines
08-29 16:35:49.867  1335  1520 I chatty  : uid=1000(system) sManagerService expire 4 lines
08-29 16:35:49.906  2022  2171 I SmartDualCardConfig: getAppType,pkgName=com.zjlMapDemo,appType=-1
08-29 16:35:49.907  2022  2171 E SmartDualCardConfig: isAppInBlackList false,items==null
08-29 16:35:49.907  2022  2171 I SmartDualCardConfig: isAppInWhiteList false,uid=10143
08-29 16:35:50.044  1335  1377 I chatty  : uid=1000(system) android.fg expire 4 lines
08-29 16:35:50.102  1335  5362 I chatty  : uid=1000 system_server expire 1 line
08-29 16:35:50.103  5056  5056 E AndroidRuntime: FATAL EXCEPTION: main
08-29 16:35:50.103  5056  5056 E AndroidRuntime: Process: com.zjlMapDemo, PID: 5056
08-29 16:35:50.103  5056  5056 E AndroidRuntime: java.lang.RuntimeException: Unable to destroy activity {com.zjlMapDemo/crc646aea13ba4f9812b9.MainActivity}: java.lang.NullPointerException: Attempt to invoke virtual method 'android.app.LoaderManagerImpl android.app.FragmentHostCallback.getLoaderManager(java.lang.String, boolean, boolean)' on a null object reference
08-29 16:35:50.103  5056  5056 E AndroidRuntime: 	at android.app.ActivityThread.performDestroyActivity(ActivityThread.java:5653)
08-29 16:35:50.103  5056  5056 E AndroidRuntime: 	at android.app.ActivityThread.handleDestroyActivity(ActivityThread.java:5683)
08-29 16:35:50.103  5056  5056 E AndroidRuntime: 	at android.app.servertransaction.DestroyActivityItem.execute(DestroyActivityItem.java:44)
08-29 16:35:50.103  5056  5056 E AndroidRuntime: 	at android.app.servertransaction.TransactionExecutor.executeLifecycleState(TransactionExecutor.java:190)
08-29 16:35:50.103  5056  5056 E AndroidRuntime: 	at android.app.servertransaction.TransactionExecutor.execute(TransactionExecutor.java:105)
08-29 16:35:50.103  5056  5056 E AndroidRuntime: 	at android.app.ActivityThread$H.handleMessage(ActivityThread.java:2450)
08-29 16:35:50.103  5056  5056 E AndroidRuntime: 	at android.os.Handler.dispatchMessage(Handler.java:110)
08-29 16:35:50.103  5056  5056 E AndroidRuntime: 	at android.os.Looper.loop(Looper.java:219)
08-29 16:35:50.103  5056  5056 E AndroidRuntime: 	at android.app.ActivityThread.main(ActivityThread.java:8293)
08-29 16:35:50.103  5056  5056 E AndroidRuntime: 	at java.lang.reflect.Method.invoke(Native Method)
08-29 16:35:50.103  5056  5056 E AndroidRuntime: 	at com.android.internal.os.RuntimeInit$MethodAndArgsCaller.run(RuntimeInit.java:513)
08-29 16:35:50.103  5056  5056 E AndroidRuntime: 	at com.android.internal.os.ZygoteInit.main(ZygoteInit.java:1055)
08-29 16:35:50.103  5056  5056 E AndroidRuntime: Caused by: java.lang.NullPointerException: Attempt to invoke virtual method 'android.app.LoaderManagerImpl android.app.FragmentHostCallback.getLoaderManager(java.lang.String, boolean, boolean)' on a null object reference
08-29 16:35:50.103  5056  5056 E AndroidRuntime: 	at android.app.Fragment.onDestroy(Fragment.java:1817)
08-29 16:35:50.103  5056  5056 E AndroidRuntime: 	at com.huawei.hms.maps.MapFragment.onDestroy(MapFragment.java:124)
08-29 16:35:50.103  5056  5056 E AndroidRuntime: 	at crc646aea13ba4f9812b9.MainActivity.n_onDestroy(Native Method)
08-29 16:35:50.103  5056  5056 E AndroidRuntime: 	at crc646aea13ba4f9812b9.MainActivity.onDestroy(MainActivity.java:69)
08-29 16:35:50.103  5056  5056 E AndroidRuntime: 	at android.app.Activity.performDestroy(Activity.java:8349)
08-29 16:35:50.103  5056  5056 E AndroidRuntime: 	at android.app.Instrumentation.callActivityOnDestroy(Instrumentation.java:1355)
08-29 16:35:50.103  5056  5056 E AndroidRuntime: 	at android.app.ActivityThread.performDestroyActivity(ActivityThread.java:5638)
08-29 16:35:50.103  5056  5056 E AndroidRuntime: 	... 11 more
08-29 16:35:50.119  1335  5364 I chatty  : uid=1000 system_server expire 1 line
08-29 16:35:50.197  1335  1384 I chatty  : uid=1000(system) monitor thread expire 1 line
08-29 16:35:50.221  1335  1525 I chatty  : uid=1000(system) InputDispatcher expire 9 lines
08-29 16:35:50.229  1335  2438 I chatty  : uid=1000(system) Binder:1335_11 expire 13 lines
08-29 16:35:50.473  1335  2645 I chatty  : uid=1000(system) android.fg expire 3 lines
08-29 16:35:50.547  1335  1398 I chatty  : uid=1000(system) ActivityManager expire 1 line
08-29 16:35:50.548  1335  1855 I chatty  : uid=1000(system) MultiTaskManage expire 1 line
08-29 16:35:50.664  5376  5376 D ActivityThread: Attach thread to application
08-29 16:35:50.678  1335  1392 I chatty  : uid=1000(system) HwGameAssistant expire 1 line
08-29 16:35:50.704  3615  3615 D RtgSched: resetRtgSchedHandle failed enable:0
08-29 16:35:50.712  1335  5491 I chatty  : uid=1000(system) Binder:1335_1E expire 38 lines
08-29 16:35:50.729  2122  2350 I HwNetworkPolicyManager: getHwUidPolicy uid = 10143 policy = 0
08-29 16:35:50.780  1335  4491 I chatty  : uid=1000(system) Binder:1335_19 expire 1 line
08-29 16:35:51.191  1335  1407 I chatty  : uid=1000(system) PowerManagerSer expire 1 line
08-29 16:35:51.305  5376  5376 V ActivityThread: callActivityOnCreate
08-29 16:35:52.217  5376  5376 D ActivityThread: add activity client record, r= ActivityRecord{d6a74d2 token=android.os.BinderProxy@b578892 {com.zjlMapDemo/crc646aea13ba4f9812b9.MainActivity}} token= android.os.BinderProxy@b578892
08-29 16:35:52.261  5376  5376 D RtgSched: resetRtgSchedHandle failed enable:1
08-29 16:35:52.266  2022  2171 I SmartDualCardConfig: getAppType,pkgName=com.zjlMapDemo,appType=-1
08-29 16:35:52.266  2022  2171 E SmartDualCardConfig: isAppInBlackList false,items==null
08-29 16:35:52.267  2022  2171 I SmartDualCardConfig: isAppInWhiteList false,uid=10143
08-29 16:35:52.267  1335  5491 I chatty  : uid=1000(system) Binder:1335_1E expire 38 lines
08-29 16:35:52.282  1335  1392 I chatty  : uid=1000(system) HwGameAssistant expire 3 lines
08-29 16:35:52.284  1335  2438 I chatty  : uid=1000(system) Binder:1335_11 expire 2 lines
08-29 16:35:52.289  1335  1391 I chatty  : uid=1000(system) HwActivityTaskM expire 7 lines
08-29 16:35:52.293  1335  1359 I chatty  : uid=1000(system) Binder:1335_1 expire 32 lines
08-29 16:35:52.294  1335  1381 I chatty  : uid=1000(system) android.anim expire 43 lines
08-29 16:35:52.304  2382  2382 V ActivityThread: callActivityOnCreate
08-29 16:35:52.314  1335  1378 I chatty  : uid=1000(system) android.ui expire 8 lines
08-29 16:35:52.316  1335  1380 I chatty  : uid=1000(system) android.display expire 2 lines
08-29 16:35:52.324  1335  4491 I chatty  : uid=1000(system) Binder:1335_19 expire 17 lines
08-29 16:35:52.325  1335  1949 I chatty  : uid=1000(system) Binder:1335_7 expire 29 lines
08-29 16:35:52.348  1335  4487 I chatty  : uid=1000(system) Binder:1335_15 expire 13 lines
08-29 16:35:52.379  2122  2350 I HwNetworkPolicyManager: getHwUidPolicy uid = 10032 policy = 0
08-29 16:35:52.386  1335  1377 I chatty  : uid=1000(system) android.fg expire 2 lines
08-29 16:35:52.391  2022  2171 I SmartDualCardConfig: getAppType,pkgName=com.huawei.android.launcher,appType=28
08-29 16:35:52.391  2022  2171 E SmartDualCardConfig: isAppInBlackList false,items==null
08-29 16:35:52.391  2022  2171 I SmartDualCardConfig: isAppInWhiteList false,uid=10064
08-29 16:35:52.402  1335  1520 I chatty  : uid=1000(system) sManagerService expire 3 lines
08-29 16:35:52.454  5376  5376 D RtgSched: resetRtgSchedHandle failed enable:1
08-29 16:35:52.460  2382  2382 D ActivityThread: add activity client record, r= ActivityRecord{3417953 token=android.os.BinderProxy@48506de {com.android.permissioncontroller/com.android.packageinstaller.permission.ui.GrantPermissionsActivity}} token= android.os.BinderProxy@48506de
08-29 16:35:52.471  5376  5376 V ActivityThread: callActivityOnCreate
08-29 16:35:52.471  2382  2382 D ActivityThread: Won't deliver top position change in state=1
08-29 16:35:52.471  2382  2382 D ActivityThread: Won't deliver top position change in state=1
08-29 16:35:52.489  1335  2395 I chatty  : uid=1000(system) Binder:1335_F expire 2 lines
08-29 16:35:52.556  5376  5376 D ActivityThread: add activity client record, r= ActivityRecord{1ecb8ce token=android.os.BinderProxy@6ca80f6 {com.zjlMapDemo/com.huawei.hms.activity.BridgeActivity}} token= android.os.BinderProxy@6ca80f6
08-29 16:35:52.596  1335  2645 I chatty  : uid=1000(system) android.fg expire 9 lines
08-29 16:35:52.676  1335  5826 I chatty  : uid=1000(system) Binder:1335_20 expire 54 lines
08-29 16:35:52.694  3858  3858 V ActivityThread: callActivityOnCreate
08-29 16:35:52.731  2122  2350 I HwNetworkPolicyManager: getHwUidPolicy uid = 10059 policy = 0
08-29 16:35:52.731  5376  5376 I ActivityManager_activity: Reporting idle of ActivityRecord{1ecb8ce token=android.os.BinderProxy@6ca80f6 {com.zjlMapDemo/com.huawei.hms.activity.BridgeActivity}} finished=false
08-29 16:35:52.731  5376  5376 I ActivityManager_activity: Reporting idle of ActivityRecord{d6a74d2 token=android.os.BinderProxy@b578892 {com.zjlMapDemo/crc646aea13ba4f9812b9.MainActivity}} finished=false
08-29 16:35:52.745  2382  2382 D ActivityThread: Remove activity client record, r= ActivityRecord{3417953 token=android.os.BinderProxy@48506de {com.android.permissioncontroller/com.android.packageinstaller.permission.ui.GrantPermissionsActivity}} token= android.os.BinderProxy@48506de
08-29 16:35:52.797  5376  5376 D RtgSched: resetRtgSchedHandle failed enable:0
08-29 16:35:52.817  3858  3858 D ActivityThread: add activity client record, r= ActivityRecord{a4dfd56 token=android.os.BinderProxy@6f96a04 {com.huawei.hwid/com.huawei.hms.fwksdk.stub.UpdateStubActivity}} token= android.os.BinderProxy@6f96a04
08-29 16:35:52.856  2022  2171 I SmartDualCardConfig: getAppType,pkgName=com.huawei.hwid,appType=255
08-29 16:35:52.856  2022  2171 E SmartDualCardConfig: isAppInBlackList false,items==null
08-29 16:35:52.856  2022  2171 I SmartDualCardConfig: isAppInWhiteList false,uid=10059
08-29 16:35:52.945  1335  1381 I chatty  : uid=1000(system) android.anim expire 51 lines
08-29 16:35:52.948  3858  3858 D RtgSched: resetRtgSchedHandle failed enable:1
08-29 16:35:52.958  1335  1378 I chatty  : uid=1000(system) android.ui expire 6 lines
08-29 16:35:52.990  3858  3858 I ActivityManager_activity: Reporting idle of ActivityRecord{a4dfd56 token=android.os.BinderProxy@6f96a04 {com.huawei.hwid/com.huawei.hms.fwksdk.stub.UpdateStubActivity}} finished=false
08-29 16:35:53.176  1335  1335 I chatty  : uid=1000 system_server expire 4 lines
08-29 16:35:53.360  1335  1407 I chatty  : uid=1000(system) PowerManagerSer expire 13 lines
08-29 16:35:54.203  1335  1525 I chatty  : uid=1000(system) InputDispatcher expire 1 line
08-29 16:35:54.329  1335  4491 I chatty  : uid=1000(system) Binder:1335_19 expire 12 lines
08-29 16:35:54.385  1335  3247 I chatty  : uid=1000(system) LazyTaskWriterT expire 2 lines
08-29 16:35:54.438  1335  1949 I chatty  : uid=1000(system) Binder:1335_7 expire 22 lines
08-29 16:35:54.741  5376  5376 D ActivityThread: Won't deliver top position change in state=4
08-29 16:35:54.742  1335  1392 I chatty  : uid=1000(system) HwGameAssistant expire 1 line
08-29 16:35:54.742  1335  2645 I chatty  : uid=1000(system) android.fg expire 9 lines
08-29 16:35:54.744  1335  1520 I chatty  : uid=1000(system) sManagerService expire 3 lines
08-29 16:35:54.746  5376  5376 D RtgSched: resetRtgSchedHandle failed enable:1
08-29 16:35:54.774  1335  1391 I chatty  : uid=1000(system) HwActivityTaskM expire 4 lines
08-29 16:35:54.778  3858  3858 D RtgSched: resetRtgSchedHandle failed enable:0
08-29 16:35:54.784  1335  2491 I chatty  : uid=1000(system) Binder:1335_13 expire 16 lines
08-29 16:35:54.784  1335  2438 I chatty  : uid=1000(system) Binder:1335_11 expire 2 lines
08-29 16:35:54.799  5376  5376 D ActivityThread: Won't deliver top position change in state=4
08-29 16:35:54.832  5376  5376 D ActivityThread: Won't deliver top position change in state=5
08-29 16:35:54.868  1695 22248 I HwCommandQueue: updateBarBgColor
08-29 16:35:54.868  1695 22248 D HwCommandQueue: CommandQueue, setBarBackgroundColor
08-29 16:35:54.944  5376  5376 I ActivityManager_activity: Reporting idle of ActivityRecord{d6a74d2 token=android.os.BinderProxy@b578892 {com.zjlMapDemo/crc646aea13ba4f9812b9.MainActivity}} finished=false
08-29 16:35:54.970  2022  2171 I SmartDualCardConfig: getAppType,pkgName=com.huawei.hwid,appType=255
08-29 16:35:54.970  2022  2171 E SmartDualCardConfig: isAppInBlackList false,items==null
08-29 16:35:54.970  2022  2171 I SmartDualCardConfig: isAppInWhiteList false,uid=10059
08-29 16:35:54.984  3858  3858 D ActivityThread: Remove activity client record, r= ActivityRecord{a4dfd56 token=android.os.BinderProxy@6f96a04 {com.huawei.hwid/com.huawei.hms.fwksdk.stub.UpdateStubActivity}} token= android.os.BinderProxy@6f96a04
08-29 16:35:55.288  1335  1380 I chatty  : uid=1000(system) android.display expire 1 line
08-29 16:35:55.303  5376  5376 D ActivityThread: Remove activity client record, r= ActivityRecord{1ecb8ce token=android.os.BinderProxy@6ca80f6 {com.zjlMapDemo/com.huawei.hms.activity.BridgeActivity}} token= android.os.BinderProxy@6ca80f6
08-29 16:35:56.198  1335  1384 I chatty  : uid=1000(system) monitor thread expire 10 lines
08-29 16:36:00.000  1335  1516 I chatty  : uid=1000(system) AlarmManager expire 7 lines
08-29 16:36:00.084   774   844 I storaged: storaged_t::event: storage_info refreshed.
08-29 16:36:02.380  1335  4478 I chatty  : uid=1000(system) MobileQosDetect expire 4 lines
08-29 16:36:22.423  5577  5577 I /system/bin/hwioch: start iocache_monitor: Success
08-29 16:36:22.425  5577  5577 E /system/bin/hwioch: [IOCACHE] IocacheAvailable iocache disable, base:mmcblk0p56
08-29 16:36:23.194  1335  1407 I chatty  : uid=1000(system) PowerManagerSer expire 14 lines
08-29 16:36:27.247  1335  1949 I chatty  : uid=1000(system) Binder:1335_7 expire 1 line
08-29 16:36:42.254  1335  2491 I chatty  : uid=1000(system) Binder:1335_13 expire 2 lines
08-29 16:36:47.847  1335  1394 I chatty  : uid=1000(system) android.bg expire 2 lines
08-29 16:36:54.339  1335  1335 I chatty  : uid=1000 system_server expire 11 lines
08-29 16:36:56.026  1335  1407 I chatty  : uid=1000(system) PowerManagerSer expire 27 lines
08-29 16:36:56.204  1335  1384 I chatty  : uid=1000(system) monitor thread expire 11 lines
08-29 16:36:57.261  1335  4491 I chatty  : uid=1000(system) Binder:1335_19 expire 10 lines
